Archive member included to satisfy reference by file (symbol)

C:/Users/juana/Documents/STM32CubeIDE_2.1.0/STM32CubeIDE/plugins/com.st.stm32cube.ide.mcu.externaltools.gnu-tools-for-stm32.14.3.rel1.win32_1.0.100.202602081740/tools/bin/../lib/gcc/arm-none-eabi/14.3.1/../../../../arm-none-eabi/lib/thumb/v7e-m+fp/hard\libc_nano.a(libc_a-exit.o)
                              C:/Users/juana/Documents/STM32CubeIDE_2.1.0/STM32CubeIDE/plugins/com.st.stm32cube.ide.mcu.externaltools.gnu-tools-for-stm32.14.3.rel1.win32_1.0.100.202602081740/tools/bin/../lib/gcc/arm-none-eabi/14.3.1/../../../../arm-none-eabi/lib/thumb/v7e-m+fp/hard/crt0.o (exit)
C:/Users/juana/Documents/STM32CubeIDE_2.1.0/STM32CubeIDE/plugins/com.st.stm32cube.ide.mcu.externaltools.gnu-tools-for-stm32.14.3.rel1.win32_1.0.100.202602081740/tools/bin/../lib/gcc/arm-none-eabi/14.3.1/../../../../arm-none-eabi/lib/thumb/v7e-m+fp/hard\libc_nano.a(libc_a-rand.o)
                              ./Core/Src/main.o (rand)
C:/Users/juana/Documents/STM32CubeIDE_2.1.0/STM32CubeIDE/plugins/com.st.stm32cube.ide.mcu.externaltools.gnu-tools-for-stm32.14.3.rel1.win32_1.0.100.202602081740/tools/bin/../lib/gcc/arm-none-eabi/14.3.1/../../../../arm-none-eabi/lib/thumb/v7e-m+fp/hard\libc_nano.a(libc_a-findfp.o)
                              C:/Users/juana/Documents/STM32CubeIDE_2.1.0/STM32CubeIDE/plugins/com.st.stm32cube.ide.mcu.externaltools.gnu-tools-for-stm32.14.3.rel1.win32_1.0.100.202602081740/tools/bin/../lib/gcc/arm-none-eabi/14.3.1/../../../../arm-none-eabi/lib/thumb/v7e-m+fp/hard\libc_nano.a(libc_a-exit.o) (__stdio_exit_handler)
C:/Users/juana/Documents/STM32CubeIDE_2.1.0/STM32CubeIDE/plugins/com.st.stm32cube.ide.mcu.externaltools.gnu-tools-for-stm32.14.3.rel1.win32_1.0.100.202602081740/tools/bin/../lib/gcc/arm-none-eabi/14.3.1/../../../../arm-none-eabi/lib/thumb/v7e-m+fp/hard\libc_nano.a(libc_a-fwalk.o)
                              C:/Users/juana/Documents/STM32CubeIDE_2.1.0/STM32CubeIDE/plugins/com.st.stm32cube.ide.mcu.externaltools.gnu-tools-for-stm32.14.3.rel1.win32_1.0.100.202602081740/tools/bin/../lib/gcc/arm-none-eabi/14.3.1/../../../../arm-none-eabi/lib/thumb/v7e-m+fp/hard\libc_nano.a(libc_a-findfp.o) (_fwalk_sglue)
C:/Users/juana/Documents/STM32CubeIDE_2.1.0/STM32CubeIDE/plugins/com.st.stm32cube.ide.mcu.externaltools.gnu-tools-for-stm32.14.3.rel1.win32_1.0.100.202602081740/tools/bin/../lib/gcc/arm-none-eabi/14.3.1/../../../../arm-none-eabi/lib/thumb/v7e-m+fp/hard\libc_nano.a(libc_a-sscanf.o)
                              ./Core/Src/main.o (sscanf)
C:/Users/juana/Documents/STM32CubeIDE_2.1.0/STM32CubeIDE/plugins/com.st.stm32cube.ide.mcu.externaltools.gnu-tools-for-stm32.14.3.rel1.win32_1.0.100.202602081740/tools/bin/../lib/gcc/arm-none-eabi/14.3.1/../../../../arm-none-eabi/lib/thumb/v7e-m+fp/hard\libc_nano.a(libc_a-stdio.o)
                              C:/Users/juana/Documents/STM32CubeIDE_2.1.0/STM32CubeIDE/plugins/com.st.stm32cube.ide.mcu.externaltools.gnu-tools-for-stm32.14.3.rel1.win32_1.0.100.202602081740/tools/bin/../lib/gcc/arm-none-eabi/14.3.1/../../../../arm-none-eabi/lib/thumb/v7e-m+fp/hard\libc_nano.a(libc_a-findfp.o) (__sread)
C:/Users/juana/Documents/STM32CubeIDE_2.1.0/STM32CubeIDE/plugins/com.st.stm32cube.ide.mcu.externaltools.gnu-tools-for-stm32.14.3.rel1.win32_1.0.100.202602081740/tools/bin/../lib/gcc/arm-none-eabi/14.3.1/../../../../arm-none-eabi/lib/thumb/v7e-m+fp/hard\libc_nano.a(libc_a-memset.o)
                              C:/Users/juana/Documents/STM32CubeIDE_2.1.0/STM32CubeIDE/plugins/com.st.stm32cube.ide.mcu.externaltools.gnu-tools-for-stm32.14.3.rel1.win32_1.0.100.202602081740/tools/bin/../lib/gcc/arm-none-eabi/14.3.1/../../../../arm-none-eabi/lib/thumb/v7e-m+fp/hard/crt0.o (memset)
C:/Users/juana/Documents/STM32CubeIDE_2.1.0/STM32CubeIDE/plugins/com.st.stm32cube.ide.mcu.externaltools.gnu-tools-for-stm32.14.3.rel1.win32_1.0.100.202602081740/tools/bin/../lib/gcc/arm-none-eabi/14.3.1/../../../../arm-none-eabi/lib/thumb/v7e-m+fp/hard\libc_nano.a(libc_a-closer.o)
                              C:/Users/juana/Documents/STM32CubeIDE_2.1.0/STM32CubeIDE/plugins/com.st.stm32cube.ide.mcu.externaltools.gnu-tools-for-stm32.14.3.rel1.win32_1.0.100.202602081740/tools/bin/../lib/gcc/arm-none-eabi/14.3.1/../../../../arm-none-eabi/lib/thumb/v7e-m+fp/hard\libc_nano.a(libc_a-stdio.o) (_close_r)
C:/Users/juana/Documents/STM32CubeIDE_2.1.0/STM32CubeIDE/plugins/com.st.stm32cube.ide.mcu.externaltools.gnu-tools-for-stm32.14.3.rel1.win32_1.0.100.202602081740/tools/bin/../lib/gcc/arm-none-eabi/14.3.1/../../../../arm-none-eabi/lib/thumb/v7e-m+fp/hard\libc_nano.a(libc_a-reent.o)
                              C:/Users/juana/Documents/STM32CubeIDE_2.1.0/STM32CubeIDE/plugins/com.st.stm32cube.ide.mcu.externaltools.gnu-tools-for-stm32.14.3.rel1.win32_1.0.100.202602081740/tools/bin/../lib/gcc/arm-none-eabi/14.3.1/../../../../arm-none-eabi/lib/thumb/v7e-m+fp/hard\libc_nano.a(libc_a-closer.o) (errno)
[...]
Memory Configuration

Name             Origin             Length             Attributes
RAM              0x20000000         0x00020000         xrw
FLASH            0x08000000         0x00080000         xr
*default*        0x00000000         0xffffffff

Linker script and memory map

LOAD C:/Users/juana/Documents/STM32CubeIDE_2.1.0/STM32CubeIDE/plugins/com.st.stm32cube.ide.mcu.externaltools.gnu-tools-for-stm32.14.3.rel1.win32_1.0.100.202602081740/tools/bin/../lib/gcc/arm-none-eabi/14.3.1/thumb/v7e-m+fp/hard/crti.o
LOAD C:/Users/juana/Documents/STM32CubeIDE_2.1.0/STM32CubeIDE/plugins/com.st.stm32cube.ide.mcu.externaltools.gnu-tools-for-stm32.14.3.rel1.win32_1.0.100.202602081740/tools/bin/../lib/gcc/arm-none-eabi/14.3.1/thumb/v7e-m+fp/hard/crtbegin.o
LOAD C:/Users/juana/Documents/STM32CubeIDE_2.1.0/STM32CubeIDE/plugins/com.st.stm32cube.ide.mcu.externaltools.gnu-tools-for-stm32.14.3.rel1.win32_1.0.100.202602081740/tools/bin/../lib/gcc/arm-none-eabi/14.3.1/../../../../arm-none-eabi/lib/thumb/v7e-m+fp/hard/crt0.o
LOAD ./Core/Src/Notes.o
LOAD ./Core/Src/main.o
LOAD ./Core/Src/stm32f4xx_hal_msp.o
LOAD ./Core/Src/stm32f4xx_it.o
LOAD ./Core/Src/syscalls.o
LOAD ./Core/Src/sysmem.o
LOAD ./Core/Src/system_stm32f4xx.o
LOAD ./Core/Startup/startup_stm32f446retx.o
LOAD ./Drivers/STM32F4xx_HAL_Driver/Src/stm32f4xx_hal.o
LOAD ./Drivers/STM32F4xx_HAL_Driver/Src/stm32f4xx_hal_cortex.o
LOAD ./Drivers/STM32F4xx_HAL_Driver/Src/stm32f4xx_hal_dac.o
LOAD ./Drivers/STM32F4xx_HAL_Driver/Src/stm32f4xx_hal_dac_ex.o
LOAD ./Drivers/STM32F4xx_HAL_Driver/Src/stm32f4xx_hal_dma.o
LOAD ./Drivers/STM32F4xx_HAL_Driver/Src/stm32f4xx_hal_dma_ex.o
LOAD ./Drivers/STM32F4xx_HAL_Driver/Src/stm32f4xx_hal_exti.o
LOAD ./Drivers/STM32F4xx_HAL_Driver/Src/stm32f4xx_hal_flash.o
LOAD ./Drivers/STM32F4xx_HAL_Driver/Src/stm32f4xx_hal_flash_ex.o
LOAD ./Drivers/STM32F4xx_HAL_Driver/Src/stm32f4xx_hal_flash_ramfunc.o
LOAD ./Drivers/STM32F4xx_HAL_Driver/Src/stm32f4xx_hal_gpio.o
LOAD ./Drivers/STM32F4xx_HAL_Driver/Src/stm32f4xx_hal_pwr.o
LOAD ./Drivers/STM32F4xx_HAL_Driver/Src/stm32f4xx_hal_pwr_ex.o
LOAD ./Drivers/STM32F4xx_HAL_Driver/Src/stm32f4xx_hal_rcc.o
LOAD ./Drivers/STM32F4xx_HAL_Driver/Src/stm32f4xx_hal_rcc_ex.o
LOAD ./Drivers/STM32F4xx_HAL_Driver/Src/stm32f4xx_hal_tim.o
LOAD ./Drivers/STM32F4xx_HAL_Driver/Src/stm32f4xx_hal_tim_ex.o
LOAD ./Drivers/STM32F4xx_HAL_Driver/Src/stm32f4xx_hal_uart.o
START GROUP
LOAD C:/Users/juana/Documents/STM32CubeIDE_2.1.0/STM32CubeIDE/plugins/com.st.stm32cube.ide.mcu.externaltools.gnu-tools-for-stm32.14.3.rel1.win32_1.0.100.202602081740/tools/bin/../lib/gcc/arm-none-eabi/14.3.1/../../../../arm-none-eabi/lib/thumb/v7e-m+fp/hard\libc_nano.a
LOAD C:/Users/juana/Documents/STM32CubeIDE_2.1.0/STM32CubeIDE/plugins/com.st.stm32cube.ide.mcu.externaltools.gnu-tools-for-stm32.14.3.rel1.win32_1.0.100.202602081740/tools/bin/../lib/gcc/arm-none-eabi/14.3.1/../../../../arm-none-eabi/lib/thumb/v7e-m+fp/hard\libm.a
END GROUP
START GROUP
LOAD C:/Users/juana/Documents/STM32CubeIDE_2.1.0/STM32CubeIDE/plugins/com.st.stm32cube.ide.mcu.externaltools.gnu-tools-for-stm32.14.3.rel1.win32_1.0.100.202602081740/tools/bin/../lib/gcc/arm-none-eabi/14.3.1/thumb/v7e-m+fp/hard\libgcc.a
LOAD C:/Users/juana/Documents/STM32CubeIDE_2.1.0/STM32CubeIDE/plugins/com.st.stm32cube.ide.mcu.externaltools.gnu-tools-for-stm32.14.3.rel1.win32_1.0.100.202602081740/tools/bin/../lib/gcc/arm-none-eabi/14.3.1/../../../../arm-none-eabi/lib/thumb/v7e-m+fp/hard\libc_nano.a
END GROUP
START GROUP
LOAD C:/Users/juana/Documents/STM32CubeIDE_2.1.0/STM32CubeIDE/plugins/com.st.stm32cube.ide.mcu.externaltools.gnu-tools-for-stm32.14.3.rel1.win32_1.0.100.202602081740/tools/bin/../lib/gcc/arm-none-eabi/14.3.1/thumb/v7e-m+fp/hard\libgcc.a
LOAD C:/Users/juana/Documents/STM32CubeIDE_2.1.0/STM32CubeIDE/plugins/com.st.stm32cube.ide.mcu.externaltools.gnu-tools-for-stm32.14.3.rel1.win32_1.0.100.202602081740/tools/bin/../lib/gcc/arm-none-eabi/14.3.1/../../../../arm-none-eabi/lib/thumb/v7e-m+fp/hard\libc_nano.a
LOAD C:/Users/juana/Documents/STM32CubeIDE_2.1.0/STM32CubeIDE/plugins/com.st.stm32cube.ide.mcu.externaltools.gnu-tools-for-stm32.14.3.rel1.win32_1.0.100.202602081740/tools/bin/../lib/gcc/arm-none-eabi/14.3.1/../../../../arm-none-eabi/lib/thumb/v7e-m+fp/hard\libnosys.a
END GROUP
START GROUP
LOAD C:/Users/juana/Documents/STM32CubeIDE_2.1.0/STM32CubeIDE/plugins/com.st.stm32cube.ide.mcu.externaltools.gnu-tools-for-stm32.14.3.rel1.win32_1.0.100.202602081740/tools/bin/../lib/gcc/arm-none-eabi/14.3.1/thumb/v7e-m+fp/hard\libgcc.a
LOAD C:/Users/juana/Documents/STM32CubeIDE_2.1.0/STM32CubeIDE/plugins/com.st.stm32cube.ide.mcu.externaltools.gnu-tools-for-stm32.14.3.rel1.win32_1.0.100.202602081740/tools/bin/../lib/gcc/arm-none-eabi/14.3.1/../../../../arm-none-eabi/lib/thumb/v7e-m+fp/hard\libc_nano.a
LOAD C:/Users/juana/Documents/STM32CubeIDE_2.1.0/STM32CubeIDE/plugins/com.st.stm32cube.ide.mcu.externaltools.gnu-tools-for-stm32.14.3.rel1.win32_1.0.100.202602081740/tools/bin/../lib/gcc/arm-none-eabi/14.3.1/../../../../arm-none-eabi/lib/thumb/v7e-m+fp/hard\libnosys.a
END GROUP
LOAD C:/Users/juana/Documents/STM32CubeIDE_2.1.0/STM32CubeIDE/plugins/com.st.stm32cube.ide.mcu.externaltools.gnu-tools-for-stm32.14.3.rel1.win32_1.0.100.202602081740/tools/bin/../lib/gcc/arm-none-eabi/14.3.1/thumb/v7e-m+fp/hard/crtend.o
LOAD C:/Users/juana/Documents/STM32CubeIDE_2.1.0/STM32CubeIDE/plugins/com.st.stm32cube.ide.mcu.externaltools.gnu-tools-for-stm32.14.3.rel1.win32_1.0.100.202602081740/tools/bin/../lib/gcc/arm-none-eabi/14.3.1/thumb/v7e-m+fp/hard/crtn.o
                0x20020000                        _estack = (ORIGIN (RAM) + LENGTH (RAM))
                0x00000200                        _Min_Heap_Size = 0x200
                0x00000400                        _Min_Stack_Size = 0x400

.isr_vector     0x08000000      0x1c4
                0x08000000                        . = ALIGN (0x4)
 *(.isr_vector)
 .isr_vector    0x08000000      0x1c4 ./Core/Startup/startup_stm32f446retx.o
                0x08000000                g_pfnVectors
                0x080001c4                        . = ALIGN (0x4)

.text           0x080001d0     0x8ba8
                0x080001d0                        . = ALIGN (0x4)
 *(.text)
 .text          0x080001d0       0x40 C:/Users/juana/Documents/STM32CubeIDE_2.1.0/STM32CubeIDE/plugins/com.st.stm32cube.ide.mcu.externaltools.gnu-tools-for-stm32.14.3.rel1.win32_1.0.100.202602081740/tools/bin/../lib/gcc/arm-none-eabi/14.3.1/thumb/v7e-m+fp/hard/crtbegin.o
 .text          0x08000210       0x10 C:/Users/juana/Documents/STM32CubeIDE_2.1.0/STM32CubeIDE/plugins/com.st.stm32cube.ide.mcu.externaltools.gnu-tools-for-stm32.14.3.rel1.win32_1.0.100.202602081740/tools/bin/../lib/gcc/arm-none-eabi/14.3.1/../../../../arm-none-eabi/lib/thumb/v7e-m+fp/hard\libc_nano.a(libc_a-strlen.o)
                0x08000210                strlen
 .text          0x08000220       0xa0 C:/Users/juana/Documents/STM32CubeIDE_2.1.0/STM32CubeIDE/plugins/com.st.stm32cube.ide.mcu.externaltools.gnu-tools-for-stm32.14.3.rel1.win32_1.0.100.202602081740/tools/bin/../lib/gcc/arm-none-eabi/14.3.1/../../../../arm-none-eabi/lib/thumb/v7e-m+fp/hard\libc_nano.a(libc_a-memchr.o)
                0x08000220                memchr
 .text          0x080002c0      0x378 C:/Users/juana/Documents/STM32CubeIDE_2.1.0/STM32CubeIDE/plugins/com.st.stm32cube.ide.mcu.externaltools.gnu-tools-for-stm32.14.3.rel1.win32_1.0.100.202602081740/tools/bin/../lib/gcc/arm-none-eabi/14.3.1/thumb/v7e-m+fp/hard\libgcc.a(_arm_addsubdf3.o)
                0x080002c0                __aeabi_drsub
                0x080002c8                __aeabi_dsub
                0x080002c8                __subdf3
                0x080002cc                __aeabi_dadd
                0x080002cc                __adddf3
                0x08000544                __floatunsidf
                0x08000544                __aeabi_ui2d
                0x08000564                __floatsidf
                0x08000564                __aeabi_i2d
                0x08000588                __aeabi_f2d
                0x08000588                __extendsfdf2
                0x080005cc                __floatundidf
                0x080005cc                __aeabi_ul2d
                0x080005dc                __floatdidf
                0x080005dc                __aeabi_l2d
 .text          0x08000638      0x424 C:/Users/juana/Documents/STM32CubeIDE_2.1.0/STM32CubeIDE/plugins/com.st.stm32cube.ide.mcu.externaltools.gnu-tools-for-stm32.14.3.rel1.win32_1.0.100.202602081740/tools/bin/../lib/gcc/arm-none-eabi/14.3.1/thumb/v7e-m+fp/hard\libgcc.a(_arm_muldivdf3.o)
                0x08000638                __aeabi_dmul
                0x08000638                __muldf3
                0x0800088c                __divdf3
                0x0800088c                __aeabi_ddiv
 .text          0x08000a5c      0x110 C:/Users/juana/Documents/STM32CubeIDE_2.1.0/STM32CubeIDE/plugins/com.st.stm32cube.ide.mcu.externaltools.gnu-tools-for-stm32.14.3.rel1.win32_1.0.100.202602081740/tools/bin/../lib/gcc/arm-none-eabi/14.3.1/thumb/v7e-m+fp/hard\libgcc.a(_arm_cmpdf2.o)
                0x08000a5c                __gtdf2
                0x08000a5c                __gedf2
                0x08000a64                __ltdf2
                0x08000a64                __ledf2
                0x08000a6c                __nedf2
                0x08000a6c                __eqdf2
                0x08000a6c                __cmpdf2
                0x08000ae8                __aeabi_cdrcmple
                0x08000af8                __aeabi_cdcmpeq
                0x08000af8                __aeabi_cdcmple
                0x08000b08                __aeabi_dcmpeq
                0x08000b1c                __aeabi_dcmplt
                0x08000b30                __aeabi_dcmple
                0x08000b44                __aeabi_dcmpge
                0x08000b58                __aeabi_dcmpgt
 .text          0x08000b6c       0x50 C:/Users/juana/Documents/STM32CubeIDE_2.1.0/STM32CubeIDE/plugins/com.st.stm32cube.ide.mcu.externaltools.gnu-tools-for-stm32.14.3.rel1.win32_1.0.100.202602081740/tools/bin/../lib/gcc/arm-none-eabi/14.3.1/thumb/v7e-m+fp/hard\libgcc.a(_arm_fixdfsi.o)
                0x08000b6c                __aeabi_d2iz
                0x08000b6c                __fixdfsi
 .text          0x08000bbc       0x40 C:/Users/juana/Documents/STM32CubeIDE_2.1.0/STM32CubeIDE/plugins/com.st.stm32cube.ide.mcu.externaltools.gnu-tools-for-stm32.14.3.rel1.win32_1.0.100.202602081740/tools/bin/../lib/gcc/arm-none-eabi/14.3.1/thumb/v7e-m+fp/hard\libgcc.a(_arm_fixunsdfsi.o)
                0x08000bbc                __aeabi_d2uiz
                0x08000bbc                __fixunsdfsi
 .text          0x08000bfc       0x30 C:/Users/juana/Documents/STM32CubeIDE_2.1.0/STM32CubeIDE/plugins/com.st.stm32cube.ide.mcu.externaltools.gnu-tools-for-stm32.14.3.rel1.win32_1.0.100.202602081740/tools/bin/../lib/gcc/arm-none-eabi/14.3.1/thumb/v7e-m+fp/hard\libgcc.a(_aeabi_uldivmod.o)
                0x08000bfc                __aeabi_uldivmod
 .text          0x08000c2c      0x2f8 C:/Users/juana/Documents/STM32CubeIDE_2.1.0/STM32CubeIDE/plugins/com.st.stm32cube.ide.mcu.externaltools.gnu-tools-for-stm32.14.3.rel1.win32_1.0.100.202602081740/tools/bin/../lib/gcc/arm-none-eabi/14.3.1/thumb/v7e-m+fp/hard\libgcc.a(_udivmoddi4.o)
                0x08000c2c                __udivmoddi4
 .text          0x08000f24        0x4 C:/Users/juana/Documents/STM32CubeIDE_2.1.0/STM32CubeIDE/plugins/com.st.stm32cube.ide.mcu.externaltools.gnu-tools-for-stm32.14.3.rel1.win32_1.0.100.202602081740/tools/bin/../lib/gcc/arm-none-eabi/14.3.1/thumb/v7e-m+fp/hard\libgcc.a(_dvmd_tls.o)
                0x08000f24                __aeabi_idiv0
                0x08000f24                __aeabi_ldiv0
 *(.text*)
 .text.generarSin
                0x08000f28       0xb8 ./Core/Src/main.o
                0x08000f28                generarSin
 .text.generateNoise
                0x08000fe0       0x44 ./Core/Src/main.o
                0x08000fe0                generateNoise
 .text.playToneDAC
                0x08001024      0x13c ./Core/Src/main.o
                0x08001024                playToneDAC
 .text.loading_tick_pro
                0x08001160       0x68 ./Core/Src/main.o
                0x08001160                loading_tick_pro
 .text.loading_tick_complete
                0x080011c8       0x34 ./Core/Src/main.o
                0x080011c8                loading_tick_complete
 .text.footstep
                0x080011fc       0x90 ./Core/Src/main.o
                0x080011fc                footstep
 .text.blockHit
                0x0800128c       0xa0 ./Core/Src/main.o
                0x0800128c                blockHit
 .text.Song_Start
                0x0800132c       0xbc ./Core/Src/main.o
                0x0800132c                Song_Start
 .text.Song_Stop
                0x080013e8       0x24 ./Core/Src/main.o
                0x080013e8                Song_Stop
 .text.main     0x0800140c      0x4d4 ./Core/Src/main.o
                0x0800140c                main
 .text.SystemClock_Config
                0x080018e0       0xdc ./Core/Src/main.o
                0x080018e0                SystemClock_Config
 .text.MX_DAC_Init
                0x080019bc       0x6c ./Core/Src/main.o
 .text.MX_TIM2_Init
                0x08001a28       0x98 ./Core/Src/main.o
 .text.MX_TIM6_Init
                0x08001ac0       0x68 ./Core/Src/main.o
 .text.MX_TIM7_Init
                0x08001b28       0x68 ./Core/Src/main.o
 .text.MX_USART1_UART_Init
                0x08001b90       0x54 ./Core/Src/main.o
 .text.MX_USART2_UART_Init
                0x08001be4       0x54 ./Core/Src/main.o
 .text.MX_USART3_UART_Init
                0x08001c38       0x54 ./Core/Src/main.o
 .text.MX_DMA_Init
                0x08001c8c       0x50 ./Core/Src/main.o
 .text.MX_GPIO_Init
                0x08001cdc       0xb4 ./Core/Src/main.o
 .text.HAL_UART_RxCpltCallback
                0x08001d90       0xa4 ./Core/Src/main.o
                0x08001d90                HAL_UART_RxCpltCallback
 .text.HAL_TIM_PeriodElapsedCallback
                0x08001e34      0x138 ./Core/Src/main.o
                0x08001e34                HAL_TIM_PeriodElapsedCallback
 .text.Error_Handler
                0x08001f6c        0xc ./Core/Src/main.o
                0x08001f6c                Error_Handler
 .text.HAL_MspInit
                0x08001f78       0x50 ./Core/Src/stm32f4xx_hal_msp.o
                0x08001f78                HAL_MspInit
 .text.HAL_DAC_MspInit
                0x08001fc8      0x15c ./Core/Src/stm32f4xx_hal_msp.o
                0x08001fc8                HAL_DAC_MspInit
 .text.HAL_TIM_Base_MspInit
                0x08002124       0xb4 ./Core/Src/stm32f4xx_hal_msp.o
                0x08002124                HAL_TIM_Base_MspInit
 .text.HAL_UART_MspInit
                0x080021d8      0x1c8 ./Core/Src/stm32f4xx_hal_msp.o
                0x080021d8                HAL_UART_MspInit
 .text.NMI_Handler
                0x080023a0        0x8 ./Core/Src/stm32f4xx_it.o
                0x080023a0                NMI_Handler
 .text.HardFault_Handler
                0x080023a8        0x8 ./Core/Src/stm32f4xx_it.o
                0x080023a8                HardFault_Handler
 .text.MemManage_Handler
                0x080023b0        0x8 ./Core/Src/stm32f4xx_it.o
                0x080023b0                MemManage_Handler
 .text.BusFault_Handler
                0x080023b8        0x8 ./Core/Src/stm32f4xx_it.o
                0x080023b8                BusFault_Handler
 .text.UsageFault_Handler
                0x080023c0        0x8 ./Core/Src/stm32f4xx_it.o
                0x080023c0                UsageFault_Handler
 .text.SVC_Handler
                0x080023c8        0xe ./Core/Src/stm32f4xx_it.o
                0x080023c8                SVC_Handler
 .text.DebugMon_Handler
                0x080023d6        0xe ./Core/Src/stm32f4xx_it.o
                0x080023d6                DebugMon_Handler
 .text.PendSV_Handler
                0x080023e4        0xe ./Core/Src/stm32f4xx_it.o
                0x080023e4                PendSV_Handler
 .text.SysTick_Handler
                0x080023f2        0xc ./Core/Src/stm32f4xx_it.o
                0x080023f2                SysTick_Handler
 *fill*         0x080023fe        0x2 
 .text.DMA1_Stream5_IRQHandler
                0x08002400       0x14 ./Core/Src/stm32f4xx_it.o
                0x08002400                DMA1_Stream5_IRQHandler
 .text.DMA1_Stream6_IRQHandler
                0x08002414       0x14 ./Core/Src/stm32f4xx_it.o
                0x08002414                DMA1_Stream6_IRQHandler
 .text.TIM2_IRQHandler
                0x08002428       0x14 ./Core/Src/stm32f4xx_it.o
                0x08002428                TIM2_IRQHandler
 .text.USART1_IRQHandler
                0x0800243c       0x14 ./Core/Src/stm32f4xx_it.o
                0x0800243c                USART1_IRQHandler
 .text.USART2_IRQHandler
                0x08002450       0x14 ./Core/Src/stm32f4xx_it.o
                0x08002450                USART2_IRQHandler
 .text.TIM7_IRQHandler
                0x08002464       0x14 ./Core/Src/stm32f4xx_it.o
                0x08002464                TIM7_IRQHandler
 .text._getpid  0x08002478       0x10 ./Core/Src/syscalls.o
                0x08002478                _getpid
 .text._kill    0x08002488       0x20 ./Core/Src/syscalls.o
                0x08002488                _kill
 .text._exit    0x080024a8       0x16 ./Core/Src/syscalls.o
                0x080024a8                _exit
 .text._read    0x080024be       0x3a ./Core/Src/syscalls.o
                0x080024be                _read
 .text._write   0x080024f8       0x38 ./Core/Src/syscalls.o
                0x080024f8                _write
 .text._close   0x08002530       0x18 ./Core/Src/syscalls.o
                0x08002530                _close
 .text._fstat   0x08002548       0x20 ./Core/Src/syscalls.o
                0x08002548                _fstat
 .text._isatty  0x08002568       0x16 ./Core/Src/syscalls.o
                0x08002568                _isatty
 .text._lseek   0x0800257e       0x1a ./Core/Src/syscalls.o
                0x0800257e                _lseek
 .text._sbrk    0x08002598       0x6c ./Core/Src/sysmem.o
                0x08002598                _sbrk
 .text.SystemInit
                0x08002604       0x24 ./Core/Src/system_stm32f4xx.o
                0x08002604                SystemInit
 .text.Reset_Handler
                0x08002628       0x50 ./Core/Startup/startup_stm32f446retx.o
                0x08002628                Reset_Handler
 .text.Default_Handler
                0x08002678        0x2 ./Core/Startup/startup_stm32f446retx.o
                0x08002678                RTC_Alarm_IRQHandler
                0x08002678                EXTI2_IRQHandler
                0x08002678                TIM8_CC_IRQHandler
                0x08002678                FMPI2C1_EV_IRQHandler
                0x08002678                SPI4_IRQHandler
                0x08002678                TIM1_CC_IRQHandler
                0x08002678                DMA2_Stream5_IRQHandler
                0x08002678                PVD_IRQHandler
                0x08002678                SDIO_IRQHandler
                0x08002678                TAMP_STAMP_IRQHandler
                0x08002678                CAN2_RX1_IRQHandler
                0x08002678                EXTI3_IRQHandler
                0x08002678                TIM8_TRG_COM_TIM14_IRQHandler
                0x08002678                TIM1_UP_TIM10_IRQHandler
                0x08002678                TIM8_UP_TIM13_IRQHandler
                0x08002678                I2C3_ER_IRQHandler
                0x08002678                EXTI0_IRQHandler
                0x08002678                I2C2_EV_IRQHandler
                0x08002678                DMA1_Stream2_IRQHandler
                0x08002678                CAN1_RX0_IRQHandler
                0x08002678                FPU_IRQHandler
                0x08002678                OTG_HS_WKUP_IRQHandler
                0x08002678                CAN2_SCE_IRQHandler
                0x08002678                DMA2_Stream2_IRQHandler
                0x08002678                SPI1_IRQHandler
                0x08002678                TIM6_DAC_IRQHandler
                0x08002678                TIM1_BRK_TIM9_IRQHandler
                0x08002678                DCMI_IRQHandler
                0x08002678                CAN2_RX0_IRQHandler
                0x08002678                DMA2_Stream3_IRQHandler
                0x08002678                SAI2_IRQHandler
                0x08002678                USART6_IRQHandler
                0x08002678                USART3_IRQHandler
                0x08002678                CAN1_RX1_IRQHandler
                0x08002678                UART5_IRQHandler
                0x08002678                DMA2_Stream0_IRQHandler
                0x08002678                TIM4_IRQHandler
                0x08002678                QUADSPI_IRQHandler
                0x08002678                I2C1_EV_IRQHandler
                0x08002678                DMA1_Stream1_IRQHandler
                0x08002678                UART4_IRQHandler
                0x08002678                TIM3_IRQHandler
                0x08002678                RCC_IRQHandler
                0x08002678                TIM8_BRK_TIM12_IRQHandler
                0x08002678                Default_Handler
                0x08002678                CEC_IRQHandler
                0x08002678                EXTI15_10_IRQHandler
                0x08002678                ADC_IRQHandler
                0x08002678                DMA1_Stream7_IRQHandler
                0x08002678                CAN2_TX_IRQHandler
                0x08002678                TIM5_IRQHandler
                0x08002678                DMA2_Stream7_IRQHandler
                0x08002678                I2C3_EV_IRQHandler
                0x08002678                EXTI9_5_IRQHandler
                0x08002678                RTC_WKUP_IRQHandler
                0x08002678                SPDIF_RX_IRQHandler
                0x08002678                SPI2_IRQHandler
                0x08002678                OTG_HS_EP1_IN_IRQHandler
                0x08002678                DMA1_Stream0_IRQHandler
                0x08002678                CAN1_TX_IRQHandler
                0x08002678                FMPI2C1_ER_IRQHandler
                0x08002678                EXTI4_IRQHandler
                0x08002678                OTG_HS_EP1_OUT_IRQHandler
                0x08002678                WWDG_IRQHandler
                0x08002678                OTG_FS_WKUP_IRQHandler
                0x08002678                TIM1_TRG_COM_TIM11_IRQHandler
                0x08002678                OTG_HS_IRQHandler
                0x08002678                EXTI1_IRQHandler
                0x08002678                I2C2_ER_IRQHandler
                0x08002678                DMA2_Stream1_IRQHandler
                0x08002678                CAN1_SCE_IRQHandler
                0x08002678                FLASH_IRQHandler
                0x08002678                DMA2_Stream4_IRQHandler
                0x08002678                OTG_FS_IRQHandler
                0x08002678                SPI3_IRQHandler
                0x08002678                DMA1_Stream4_IRQHandler
                0x08002678                I2C1_ER_IRQHandler
                0x08002678                FMC_IRQHandler
                0x08002678                DMA2_Stream6_IRQHandler
                0x08002678                SAI1_IRQHandler
                0x08002678                DMA1_Stream3_IRQHandler
 *fill*         0x0800267a        0x2 
 .text.HAL_Init
                0x0800267c       0x44 ./Drivers/STM32F4xx_HAL_Driver/Src/stm32f4xx_hal.o
                0x0800267c                HAL_Init
 .text.HAL_InitTick
                0x080026c0       0x60 ./Drivers/STM32F4xx_HAL_Driver/Src/stm32f4xx_hal.o
                0x080026c0                HAL_InitTick
 .text.HAL_IncTick
                0x08002720       0x28 ./Drivers/STM32F4xx_HAL_Driver/Src/stm32f4xx_hal.o
                0x08002720                HAL_IncTick
 .text.HAL_GetTick
                0x08002748       0x18 ./Drivers/STM32F4xx_HAL_Driver/Src/stm32f4xx_hal.o
                0x08002748                HAL_GetTick
 .text.HAL_Delay
                0x08002760       0x48 ./Drivers/STM32F4xx_HAL_Driver/Src/stm32f4xx_hal.o
                0x08002760                HAL_Delay
 .text.__NVIC_SetPriorityGrouping
                0x080027a8       0x48 ./Drivers/STM32F4xx_HAL_Driver/Src/stm32f4xx_hal_cortex.o
 .text.__NVIC_GetPriorityGrouping
                0x080027f0       0x1c ./Drivers/STM32F4xx_HAL_Driver/Src/stm32f4xx_hal_cortex.o
 .text.__NVIC_EnableIRQ
                0x0800280c       0x3c ./Drivers/STM32F4xx_HAL_Driver/Src/stm32f4xx_hal_cortex.o
 .text.__NVIC_SetPriority
                0x08002848       0x54 ./Drivers/STM32F4xx_HAL_Driver/Src/stm32f4xx_hal_cortex.o
 .text.NVIC_EncodePriority
                0x0800289c       0x66 ./Drivers/STM32F4xx_HAL_Driver/Src/stm32f4xx_hal_cortex.o
 *fill*         0x08002902        0x2 
 .text.SysTick_Config
                0x08002904       0x44 ./Drivers/STM32F4xx_HAL_Driver/Src/stm32f4xx_hal_cortex.o
 .text.HAL_NVIC_SetPriorityGrouping
                0x08002948       0x16 ./Drivers/STM32F4xx_HAL_Driver/Src/stm32f4xx_hal_cortex.o
                0x08002948                HAL_NVIC_SetPriorityGrouping
 .text.HAL_NVIC_SetPriority
                0x0800295e       0x38 ./Drivers/STM32F4xx_HAL_Driver/Src/stm32f4xx_hal_cortex.o
                0x0800295e                HAL_NVIC_SetPriority
 .text.HAL_NVIC_EnableIRQ
                0x08002996       0x1c ./Drivers/STM32F4xx_HAL_Driver/Src/stm32f4xx_hal_cortex.o
                0x08002996                HAL_NVIC_EnableIRQ
 .text.HAL_SYSTICK_Config
                0x080029b2       0x18 ./Drivers/STM32F4xx_HAL_Driver/Src/stm32f4xx_hal_cortex.o
                0x080029b2                HAL_SYSTICK_Config
 .text.HAL_DAC_Init
                0x080029ca       0x44 ./Drivers/STM32F4xx_HAL_Driver/Src/stm32f4xx_hal_dac.o
                0x080029ca                HAL_DAC_Init
 *fill*         0x08002a0e        0x2 
 .text.HAL_DAC_Start_DMA
                0x08002a10      0x180 ./Drivers/STM32F4xx_HAL_Driver/Src/stm32f4xx_hal_dac.o
                0x08002a10                HAL_DAC_Start_DMA
 .text.HAL_DAC_Stop_DMA
                0x08002b90       0x9a ./Drivers/STM32F4xx_HAL_Driver/Src/stm32f4xx_hal_dac.o
                0x08002b90                HAL_DAC_Stop_DMA
 .text.HAL_DAC_ConvCpltCallbackCh1
                0x08002c2a       0x14 ./Drivers/STM32F4xx_HAL_Driver/Src/stm32f4xx_hal_dac.o
                0x08002c2a                HAL_DAC_ConvCpltCallbackCh1
 .text.HAL_DAC_ConvHalfCpltCallbackCh1
                0x08002c3e       0x14 ./Drivers/STM32F4xx_HAL_Driver/Src/stm32f4xx_hal_dac.o
                0x08002c3e                HAL_DAC_ConvHalfCpltCallbackCh1
 .text.HAL_DAC_ErrorCallbackCh1
                0x08002c52       0x14 ./Drivers/STM32F4xx_HAL_Driver/Src/stm32f4xx_hal_dac.o
                0x08002c52                HAL_DAC_ErrorCallbackCh1
 .text.HAL_DAC_ConfigChannel
                0x08002c66       0xb2 ./Drivers/STM32F4xx_HAL_Driver/Src/stm32f4xx_hal_dac.o
                0x08002c66                HAL_DAC_ConfigChannel
 .text.DAC_DMAConvCpltCh1
                0x08002d18       0x22 ./Drivers/STM32F4xx_HAL_Driver/Src/stm32f4xx_hal_dac.o
                0x08002d18                DAC_DMAConvCpltCh1
 .text.DAC_DMAHalfConvCpltCh1
                0x08002d3a       0x1c ./Drivers/STM32F4xx_HAL_Driver/Src/stm32f4xx_hal_dac.o
                0x08002d3a                DAC_DMAHalfConvCpltCh1
 .text.DAC_DMAErrorCh1
                0x08002d56       0x2e ./Drivers/STM32F4xx_HAL_Driver/Src/stm32f4xx_hal_dac.o
                0x08002d56                DAC_DMAErrorCh1
 .text.HAL_DACEx_ConvCpltCallbackCh2
                0x08002d84       0x14 ./Drivers/STM32F4xx_HAL_Driver/Src/stm32f4xx_hal_dac_ex.o
                0x08002d84                HAL_DACEx_ConvCpltCallbackCh2
 .text.HAL_DACEx_ConvHalfCpltCallbackCh2
                0x08002d98       0x14 ./Drivers/STM32F4xx_HAL_Driver/Src/stm32f4xx_hal_dac_ex.o
                0x08002d98                HAL_DACEx_ConvHalfCpltCallbackCh2
 .text.HAL_DACEx_ErrorCallbackCh2
                0x08002dac       0x14 ./Drivers/STM32F4xx_HAL_Driver/Src/stm32f4xx_hal_dac_ex.o
                0x08002dac                HAL_DACEx_ErrorCallbackCh2
 .text.DAC_DMAConvCpltCh2
                0x08002dc0       0x22 ./Drivers/STM32F4xx_HAL_Driver/Src/stm32f4xx_hal_dac_ex.o
                0x08002dc0                DAC_DMAConvCpltCh2
 .text.DAC_DMAHalfConvCpltCh2
                0x08002de2       0x1c ./Drivers/STM32F4xx_HAL_Driver/Src/stm32f4xx_hal_dac_ex.o
                0x08002de2                DAC_DMAHalfConvCpltCh2
 .text.DAC_DMAErrorCh2
                0x08002dfe       0x2e ./Drivers/STM32F4xx_HAL_Driver/Src/stm32f4xx_hal_dac_ex.o
                0x08002dfe                DAC_DMAErrorCh2
 .text.HAL_DMA_Init
                0x08002e2c      0x15c ./Drivers/STM32F4xx_HAL_Driver/Src/stm32f4xx_hal_dma.o
                0x08002e2c                HAL_DMA_Init
 .text.HAL_DMA_Start_IT
                0x08002f88       0xb0 ./Drivers/STM32F4xx_HAL_Driver/Src/stm32f4xx_hal_dma.o
                0x08002f88                HAL_DMA_Start_IT
 .text.HAL_DMA_Abort
                0x08003038       0xe0 ./Drivers/STM32F4xx_HAL_Driver/Src/stm32f4xx_hal_dma.o
                0x08003038                HAL_DMA_Abort
 .text.HAL_DMA_Abort_IT
                0x08003118       0x44 ./Drivers/STM32F4xx_HAL_Driver/Src/stm32f4xx_hal_dma.o
                0x08003118                HAL_DMA_Abort_IT
 .text.HAL_DMA_IRQHandler
                0x0800315c      0x314 ./Drivers/STM32F4xx_HAL_Driver/Src/stm32f4xx_hal_dma.o
                0x0800315c                HAL_DMA_IRQHandler
 .text.DMA_SetConfig
                0x08003470       0x5c ./Drivers/STM32F4xx_HAL_Driver/Src/stm32f4xx_hal_dma.o
 .text.DMA_CalcBaseAndBitshift
                0x080034cc       0x6c ./Drivers/STM32F4xx_HAL_Driver/Src/stm32f4xx_hal_dma.o
 .text.DMA_CheckFifoParam
                0x08003538       0xf8 ./Drivers/STM32F4xx_HAL_Driver/Src/stm32f4xx_hal_dma.o
 .text.HAL_GPIO_Init
                0x08003630      0x328 ./Drivers/STM32F4xx_HAL_Driver/Src/stm32f4xx_hal_gpio.o
                0x08003630                HAL_GPIO_Init
 .text.HAL_RCC_ClockConfig
                0x08003958      0x1cc ./Drivers/STM32F4xx_HAL_Driver/Src/stm32f4xx_hal_rcc.o
                0x08003958                HAL_RCC_ClockConfig
 .text.HAL_RCC_GetHCLKFreq
                0x08003b24       0x18 ./Drivers/STM32F4xx_HAL_Driver/Src/stm32f4xx_hal_rcc.o
                0x08003b24                HAL_RCC_GetHCLKFreq
 .text.HAL_RCC_GetPCLK1Freq
                0x08003b3c       0x28 ./Drivers/STM32F4xx_HAL_Driver/Src/stm32f4xx_hal_rcc.o
                0x08003b3c                HAL_RCC_GetPCLK1Freq
 .text.HAL_RCC_GetPCLK2Freq
                0x08003b64       0x28 ./Drivers/STM32F4xx_HAL_Driver/Src/stm32f4xx_hal_rcc.o
                0x08003b64                HAL_RCC_GetPCLK2Freq
 .text.HAL_RCC_GetSysClockFreq
                0x08003b8c      0x460 ./Drivers/STM32F4xx_HAL_Driver/Src/stm32f4xx_hal_rcc_ex.o
                0x08003b8c                HAL_RCC_GetSysClockFreq
 .text.HAL_RCC_OscConfig
                0x08003fec      0x53c ./Drivers/STM32F4xx_HAL_Driver/Src/stm32f4xx_hal_rcc_ex.o
                0x08003fec                HAL_RCC_OscConfig
 .text.HAL_TIM_Base_Init
                0x08004528       0x9e ./Drivers/STM32F4xx_HAL_Driver/Src/stm32f4xx_hal_tim.o
                0x08004528                HAL_TIM_Base_Init
 *fill*         0x080045c6        0x2 
 .text.HAL_TIM_Base_Start
                0x080045c8       0xd0 ./Drivers/STM32F4xx_HAL_Driver/Src/stm32f4xx_hal_tim.o
                0x080045c8                HAL_TIM_Base_Start
 .text.HAL_TIM_Base_Stop
                0x08004698       0x4e ./Drivers/STM32F4xx_HAL_Driver/Src/stm32f4xx_hal_tim.o
                0x08004698                HAL_TIM_Base_Stop
 *fill*         0x080046e6        0x2 
 .text.HAL_TIM_Base_Start_IT
                0x080046e8       0xe0 ./Drivers/STM32F4xx_HAL_Driver/Src/stm32f4xx_hal_tim.o
                0x080046e8                HAL_TIM_Base_Start_IT
 .text.HAL_TIM_Base_Stop_IT
                0x080047c8       0x5e ./Drivers/STM32F4xx_HAL_Driver/Src/stm32f4xx_hal_tim.o
                0x080047c8                HAL_TIM_Base_Stop_IT
 .text.HAL_TIM_IRQHandler
                0x08004826      0x1e0 ./Drivers/STM32F4xx_HAL_Driver/Src/stm32f4xx_hal_tim.o
                0x08004826                HAL_TIM_IRQHandler
 .text.HAL_TIM_ConfigClockSource
                0x08004a06      0x18e ./Drivers/STM32F4xx_HAL_Driver/Src/stm32f4xx_hal_tim.o
                0x08004a06                HAL_TIM_ConfigClockSource
 .text.HAL_TIM_OC_DelayElapsedCallback
                0x08004b94       0x14 ./Drivers/STM32F4xx_HAL_Driver/Src/stm32f4xx_hal_tim.o
                0x08004b94                HAL_TIM_OC_DelayElapsedCallback
 .text.HAL_TIM_IC_CaptureCallback
                0x08004ba8       0x14 ./Drivers/STM32F4xx_HAL_Driver/Src/stm32f4xx_hal_tim.o
                0x08004ba8                HAL_TIM_IC_CaptureCallback
 .text.HAL_TIM_PWM_PulseFinishedCallback
                0x08004bbc       0x14 ./Drivers/STM32F4xx_HAL_Driver/Src/stm32f4xx_hal_tim.o
                0x08004bbc                HAL_TIM_PWM_PulseFinishedCallback
 .text.HAL_TIM_TriggerCallback
                0x08004bd0       0x14 ./Drivers/STM32F4xx_HAL_Driver/Src/stm32f4xx_hal_tim.o
                0x08004bd0                HAL_TIM_TriggerCallback
 .text.TIM_Base_SetConfig
                0x08004be4      0x14c ./Drivers/STM32F4xx_HAL_Driver/Src/stm32f4xx_hal_tim.o
                0x08004be4                TIM_Base_SetConfig
 .text.TIM_TI1_ConfigInputStage
                0x08004d30       0x5e ./Drivers/STM32F4xx_HAL_Driver/Src/stm32f4xx_hal_tim.o
 .text.TIM_TI2_ConfigInputStage
                0x08004d8e       0x60 ./Drivers/STM32F4xx_HAL_Driver/Src/stm32f4xx_hal_tim.o
 .text.TIM_ITRx_SetConfig
                0x08004dee       0x36 ./Drivers/STM32F4xx_HAL_Driver/Src/stm32f4xx_hal_tim.o
 .text.TIM_ETR_SetConfig
                0x08004e24       0x40 ./Drivers/STM32F4xx_HAL_Driver/Src/stm32f4xx_hal_tim.o
                0x08004e24                TIM_ETR_SetConfig
 .text.HAL_TIMEx_MasterConfigSynchronization
                0x08004e64       0xf8 ./Drivers/STM32F4xx_HAL_Driver/Src/stm32f4xx_hal_tim_ex.o
                0x08004e64                HAL_TIMEx_MasterConfigSynchronization
 .text.HAL_TIMEx_CommutCallback
                0x08004f5c       0x14 ./Drivers/STM32F4xx_HAL_Driver/Src/stm32f4xx_hal_tim_ex.o
                0x08004f5c                HAL_TIMEx_CommutCallback
 .text.HAL_TIMEx_BreakCallback
                0x08004f70       0x14 ./Drivers/STM32F4xx_HAL_Driver/Src/stm32f4xx_hal_tim_ex.o
                0x08004f70                HAL_TIMEx_BreakCallback
 .text.HAL_UART_Init
                0x08004f84       0xa0 ./Drivers/STM32F4xx_HAL_Driver/Src/stm32f4xx_hal_uart.o
                0x08004f84                HAL_UART_Init
 .text.HAL_UART_Transmit
                0x08005024      0x116 ./Drivers/STM32F4xx_HAL_Driver/Src/stm32f4xx_hal_uart.o
                0x08005024                HAL_UART_Transmit
 .text.HAL_UART_Receive_IT
                0x0800513a       0x4a ./Drivers/STM32F4xx_HAL_Driver/Src/stm32f4xx_hal_uart.o
                0x0800513a                HAL_UART_Receive_IT
 .text.HAL_UART_IRQHandler
                0x08005184      0x554 ./Drivers/STM32F4xx_HAL_Driver/Src/stm32f4xx_hal_uart.o
                0x08005184                HAL_UART_IRQHandler
 .text.HAL_UART_TxCpltCallback
                0x080056d8       0x14 ./Drivers/STM32F4xx_HAL_Driver/Src/stm32f4xx_hal_uart.o
                0x080056d8                HAL_UART_TxCpltCallback
 .text.HAL_UART_ErrorCallback
                0x080056ec       0x14 ./Drivers/STM32F4xx_HAL_Driver/Src/stm32f4xx_hal_uart.o
                0x080056ec                HAL_UART_ErrorCallback
 .text.HAL_UARTEx_RxEventCallback
                0x08005700       0x18 ./Drivers/STM32F4xx_HAL_Driver/Src/stm32f4xx_hal_uart.o
                0x08005700                HAL_UARTEx_RxEventCallback
 .text.UART_WaitOnFlagUntilTimeout
                0x08005718       0xb2 ./Drivers/STM32F4xx_HAL_Driver/Src/stm32f4xx_hal_uart.o
 .text.UART_Start_Receive_IT
                0x080057ca       0x74 ./Drivers/STM32F4xx_HAL_Driver/Src/stm32f4xx_hal_uart.o
                0x080057ca                UART_Start_Receive_IT
 .text.UART_EndRxTransfer
                0x0800583e       0xc6 ./Drivers/STM32F4xx_HAL_Driver/Src/stm32f4xx_hal_uart.o
 .text.UART_DMAAbortOnError
                0x08005904       0x22 ./Drivers/STM32F4xx_HAL_Driver/Src/stm32f4xx_hal_uart.o
 .text.UART_Transmit_IT
                0x08005926       0xa0 ./Drivers/STM32F4xx_HAL_Driver/Src/stm32f4xx_hal_uart.o
 .text.UART_EndTransmit_IT
                0x080059c6       0x30 ./Drivers/STM32F4xx_HAL_Driver/Src/stm32f4xx_hal_uart.o
 .text.UART_Receive_IT
                0x080059f6      0x17c ./Drivers/STM32F4xx_HAL_Driver/Src/stm32f4xx_hal_uart.o
 *fill*         0x08005b72        0x2 
 .text.UART_SetConfig
                0x08005b74      0x4e8 ./Drivers/STM32F4xx_HAL_Driver/Src/stm32f4xx_hal_uart.o
 .text.rand     0x0800605c       0x7c C:/Users/juana/Documents/STM32CubeIDE_2.1.0/STM32CubeIDE/plugins/com.st.stm32cube.ide.mcu.externaltools.gnu-tools-for-stm32.14.3.rel1.win32_1.0.100.202602081740/tools/bin/../lib/gcc/arm-none-eabi/14.3.1/../../../../arm-none-eabi/lib/thumb/v7e-m+fp/hard\libc_nano.a(libc_a-rand.o)
                0x0800605c                rand
 .text.std      0x080060d8       0x6c C:/Users/juana/Documents/STM32CubeIDE_2.1.0/STM32CubeIDE/plugins/com.st.stm32cube.ide.mcu.externaltools.gnu-tools-for-stm32.14.3.rel1.win32_1.0.100.202602081740/tools/bin/../lib/gcc/arm-none-eabi/14.3.1/../../../../arm-none-eabi/lib/thumb/v7e-m+fp/hard\libc_nano.a(libc_a-findfp.o)
 .text.stdio_exit_handler
                0x08006144       0x18 C:/Users/juana/Documents/STM32CubeIDE_2.1.0/STM32CubeIDE/plugins/com.st.stm32cube.ide.mcu.externaltools.gnu-tools-for-stm32.14.3.rel1.win32_1.0.100.202602081740/tools/bin/../lib/gcc/arm-none-eabi/14.3.1/../../../../arm-none-eabi/lib/thumb/v7e-m+fp/hard\libc_nano.a(libc_a-findfp.o)
 .text.cleanup_stdio
                0x0800615c       0x40 C:/Users/juana/Documents/STM32CubeIDE_2.1.0/STM32CubeIDE/plugins/com.st.stm32cube.ide.mcu.externaltools.gnu-tools-for-stm32.14.3.rel1.win32_1.0.100.202602081740/tools/bin/../lib/gcc/arm-none-eabi/14.3.1/../../../../arm-none-eabi/lib/thumb/v7e-m+fp/hard\libc_nano.a(libc_a-findfp.o)
 .text.global_stdio_init.part.0
                0x0800619c       0x40 C:/Users/juana/Documents/STM32CubeIDE_2.1.0/STM32CubeIDE/plugins/com.st.stm32cube.ide.mcu.externaltools.gnu-tools-for-stm32.14.3.rel1.win32_1.0.100.202602081740/tools/bin/../lib/gcc/arm-none-eabi/14.3.1/../../../../arm-none-eabi/lib/thumb/v7e-m+fp/hard\libc_nano.a(libc_a-findfp.o)
 .text.__sfp_lock_acquire
                0x080061dc        0xc C:/Users/juana/Documents/STM32CubeIDE_2.1.0/STM32CubeIDE/plugins/com.st.stm32cube.ide.mcu.externaltools.gnu-tools-for-stm32.14.3.rel1.win32_1.0.100.202602081740/tools/bin/../lib/gcc/arm-none-eabi/14.3.1/../../../../arm-none-eabi/lib/thumb/v7e-m+fp/hard\libc_nano.a(libc_a-findfp.o)
                0x080061dc                __sfp_lock_acquire
 .text.__sfp_lock_release
                0x080061e8        0xc C:/Users/juana/Documents/STM32CubeIDE_2.1.0/STM32CubeIDE/plugins/com.st.stm32cube.ide.mcu.externaltools.gnu-tools-for-stm32.14.3.rel1.win32_1.0.100.202602081740/tools/bin/../lib/gcc/arm-none-eabi/14.3.1/../../../../arm-none-eabi/lib/thumb/v7e-m+fp/hard\libc_nano.a(libc_a-findfp.o)
                0x080061e8                __sfp_lock_release
 .text.__sinit  0x080061f4       0x30 C:/Users/juana/Documents/STM32CubeIDE_2.1.0/STM32CubeIDE/plugins/com.st.stm32cube.ide.mcu.externaltools.gnu-tools-for-stm32.14.3.rel1.win32_1.0.100.202602081740/tools/bin/../lib/gcc/arm-none-eabi/14.3.1/../../../../arm-none-eabi/lib/thumb/v7e-m+fp/hard\libc_nano.a(libc_a-findfp.o)
                0x080061f4                __sinit
 .text._fwalk_sglue
                0x08006224       0x3c C:/Users/juana/Documents/STM32CubeIDE_2.1.0/STM32CubeIDE/plugins/com.st.stm32cube.ide.mcu.externaltools.gnu-tools-for-stm32.14.3.rel1.win32_1.0.100.202602081740/tools/bin/../lib/gcc/arm-none-eabi/14.3.1/../../../../arm-none-eabi/lib/thumb/v7e-m+fp/hard\libc_nano.a(libc_a-fwalk.o)
                0x08006224                _fwalk_sglue
 .text.sscanf   0x08006260       0x58 C:/Users/juana/Documents/STM32CubeIDE_2.1.0/STM32CubeIDE/plugins/com.st.stm32cube.ide.mcu.externaltools.gnu-tools-for-stm32.14.3.rel1.win32_1.0.100.202602081740/tools/bin/../lib/gcc/arm-none-eabi/14.3.1/../../../../arm-none-eabi/lib/thumb/v7e-m+fp/hard\libc_nano.a(libc_a-sscanf.o)
                0x08006260                siscanf
                0x08006260                sscanf
 .text.__sread  0x080062b8       0x22 C:/Users/juana/Documents/STM32CubeIDE_2.1.0/STM32CubeIDE/plugins/com.st.stm32cube.ide.mcu.externaltools.gnu-tools-for-stm32.14.3.rel1.win32_1.0.100.202602081740/tools/bin/../lib/gcc/arm-none-eabi/14.3.1/../../../../arm-none-eabi/lib/thumb/v7e-m+fp/hard\libc_nano.a(libc_a-stdio.o)
                0x080062b8                __sread
 .text.__seofread
                0x080062da        0x4 C:/Users/juana/Documents/STM32CubeIDE_2.1.0/STM32CubeIDE/plugins/com.st.stm32cube.ide.mcu.externaltools.gnu-tools-for-stm32.14.3.rel1.win32_1.0.100.202602081740/tools/bin/../lib/gcc/arm-none-eabi/14.3.1/../../../../arm-none-eabi/lib/thumb/v7e-m+fp/hard\libc_nano.a(libc_a-stdio.o)
                0x080062da                __seofread
 .text.__swrite
                0x080062de       0x38 C:/Users/juana/Documents/STM32CubeIDE_2.1.0/STM32CubeIDE/plugins/com.st.stm32cube.ide.mcu.externaltools.gnu-tools-for-stm32.14.3.rel1.win32_1.0.100.202602081740/tools/bin/../lib/gcc/arm-none-eabi/14.3.1/../../../../arm-none-eabi/lib/thumb/v7e-m+fp/hard\libc_nano.a(libc_a-stdio.o)
                0x080062de                __swrite
 .text.__sseek  0x08006316       0x26 C:/Users/juana/Documents/STM32CubeIDE_2.1.0/STM32CubeIDE/plugins/com.st.stm32cube.ide.mcu.externaltools.gnu-tools-for-stm32.14.3.rel1.win32_1.0.100.202602081740/tools/bin/../lib/gcc/arm-none-eabi/14.3.1/../../../../arm-none-eabi/lib/thumb/v7e-m+fp/hard\libc_nano.a(libc_a-stdio.o)
                0x08006316                __sseek
 .text.__sclose
                0x0800633c        0x8 C:/Users/juana/Documents/STM32CubeIDE_2.1.0/STM32CubeIDE/plugins/com.st.stm32cube.ide.mcu.externaltools.gnu-tools-for-stm32.14.3.rel1.win32_1.0.100.202602081740/tools/bin/../lib/gcc/arm-none-eabi/14.3.1/../../../../arm-none-eabi/lib/thumb/v7e-m+fp/hard\libc_nano.a(libc_a-stdio.o)
                0x0800633c                __sclose
 .text.memset   0x08006344       0x10 C:/Users/juana/Documents/STM32CubeIDE_2.1.0/STM32CubeIDE/plugins/com.st.stm32cube.ide.mcu.externaltools.gnu-tools-for-stm32.14.3.rel1.win32_1.0.100.202602081740/tools/bin/../lib/gcc/arm-none-eabi/14.3.1/../../../../arm-none-eabi/lib/thumb/v7e-m+fp/hard\libc_nano.a(libc_a-memset.o)
                0x08006344                memset
 .text._close_r
                0x08006354       0x20 C:/Users/juana/Documents/STM32CubeIDE_2.1.0/STM32CubeIDE/plugins/com.st.stm32cube.ide.mcu.externaltools.gnu-tools-for-stm32.14.3.rel1.win32_1.0.100.202602081740/tools/bin/../lib/gcc/arm-none-eabi/14.3.1/../../../../arm-none-eabi/lib/thumb/v7e-m+fp/hard\libc_nano.a(libc_a-closer.o)
                0x08006354                _close_r
 .text._lseek_r
                0x08006374       0x24 C:/Users/juana/Documents/STM32CubeIDE_2.1.0/STM32CubeIDE/plugins/com.st.stm32cube.ide.mcu.externaltools.gnu-tools-for-stm32.14.3.rel1.win32_1.0.100.202602081740/tools/bin/../lib/gcc/arm-none-eabi/14.3.1/../../../../arm-none-eabi/lib/thumb/v7e-m+fp/hard\libc_nano.a(libc_a-lseekr.o)
                0x08006374                _lseek_r
 .text._read_r  0x08006398       0x24 C:/Users/juana/Documents/STM32CubeIDE_2.1.0/STM32CubeIDE/plugins/com.st.stm32cube.ide.mcu.externaltools.gnu-tools-for-stm32.14.3.rel1.win32_1.0.100.202602081740/tools/bin/../lib/gcc/arm-none-eabi/14.3.1/../../../../arm-none-eabi/lib/thumb/v7e-m+fp/hard\libc_nano.a(libc_a-readr.o)
                0x08006398                _read_r
 .text._write_r
                0x080063bc       0x24 C:/Users/juana/Documents/STM32CubeIDE_2.1.0/STM32CubeIDE/plugins/com.st.stm32cube.ide.mcu.externaltools.gnu-tools-for-stm32.14.3.rel1.win32_1.0.100.202602081740/tools/bin/../lib/gcc/arm-none-eabi/14.3.1/../../../../arm-none-eabi/lib/thumb/v7e-m+fp/hard\libc_nano.a(libc_a-writer.o)
                0x080063bc                _write_r
 .text.__errno  0x080063e0        0xc C:/Users/juana/Documents/STM32CubeIDE_2.1.0/STM32CubeIDE/plugins/com.st.stm32cube.ide.mcu.externaltools.gnu-tools-for-stm32.14.3.rel1.win32_1.0.100.202602081740/tools/bin/../lib/gcc/arm-none-eabi/14.3.1/../../../../arm-none-eabi/lib/thumb/v7e-m+fp/hard\libc_nano.a(libc_a-errno.o)
                0x080063e0                __errno
 .text.__libc_init_array
                0x080063ec       0x48 C:/Users/juana/Documents/STM32CubeIDE_2.1.0/STM32CubeIDE/plugins/com.st.stm32cube.ide.mcu.externaltools.gnu-tools-for-stm32.14.3.rel1.win32_1.0.100.202602081740/tools/bin/../lib/gcc/arm-none-eabi/14.3.1/../../../../arm-none-eabi/lib/thumb/v7e-m+fp/hard\libc_nano.a(libc_a-init.o)
                0x080063ec                __libc_init_array
 .text.__retarget_lock_init_recursive
                0x08006434        0x2 C:/Users/juana/Documents/STM32CubeIDE_2.1.0/STM32CubeIDE/plugins/com.st.stm32cube.ide.mcu.externaltools.gnu-tools-for-stm32.14.3.rel1.win32_1.0.100.202602081740/tools/bin/../lib/gcc/arm-none-eabi/14.3.1/../../../../arm-none-eabi/lib/thumb/v7e-m+fp/hard\libc_nano.a(libc_a-lock.o)
                0x08006434                __retarget_lock_init_recursive
 .text.__retarget_lock_acquire_recursive
                0x08006436        0x2 C:/Users/juana/Documents/STM32CubeIDE_2.1.0/STM32CubeIDE/plugins/com.st.stm32cube.ide.mcu.externaltools.gnu-tools-for-stm32.14.3.rel1.win32_1.0.100.202602081740/tools/bin/../lib/gcc/arm-none-eabi/14.3.1/../../../../arm-none-eabi/lib/thumb/v7e-m+fp/hard\libc_nano.a(libc_a-lock.o)
                0x08006436                __retarget_lock_acquire_recursive
 .text.__retarget_lock_release_recursive
                0x08006438        0x2 C:/Users/juana/Documents/STM32CubeIDE_2.1.0/STM32CubeIDE/plugins/com.st.stm32cube.ide.mcu.externaltools.gnu-tools-for-stm32.14.3.rel1.win32_1.0.100.202602081740/tools/bin/../lib/gcc/arm-none-eabi/14.3.1/../../../../arm-none-eabi/lib/thumb/v7e-m+fp/hard\libc_nano.a(libc_a-lock.o)
                0x08006438                __retarget_lock_release_recursive
 *fill*         0x0800643a        0x2 
 .text.__assert_func
                0x0800643c       0x3c C:/Users/juana/Documents/STM32CubeIDE_2.1.0/STM32CubeIDE/plugins/com.st.stm32cube.ide.mcu.externaltools.gnu-tools-for-stm32.14.3.rel1.win32_1.0.100.202602081740/tools/bin/../lib/gcc/arm-none-eabi/14.3.1/../../../../arm-none-eabi/lib/thumb/v7e-m+fp/hard\libc_nano.a(libc_a-assert.o)
                0x0800643c                __assert_func
 .text._free_r  0x08006478       0x94 C:/Users/juana/Documents/STM32CubeIDE_2.1.0/STM32CubeIDE/plugins/com.st.stm32cube.ide.mcu.externaltools.gnu-tools-for-stm32.14.3.rel1.win32_1.0.100.202602081740/tools/bin/../lib/gcc/arm-none-eabi/14.3.1/../../../../arm-none-eabi/lib/thumb/v7e-m+fp/hard\libc_nano.a(libc_a-freer.o)
                0x08006478                _free_r
 .text.malloc   0x0800650c       0x10 C:/Users/juana/Documents/STM32CubeIDE_2.1.0/STM32CubeIDE/plugins/com.st.stm32cube.ide.mcu.externaltools.gnu-tools-for-stm32.14.3.rel1.win32_1.0.100.202602081740/tools/bin/../lib/gcc/arm-none-eabi/14.3.1/../../../../arm-none-eabi/lib/thumb/v7e-m+fp/hard\libc_nano.a(libc_a-malloc.o)
                0x0800650c                malloc
 .text.sbrk_aligned
                0x0800651c       0x44 C:/Users/juana/Documents/STM32CubeIDE_2.1.0/STM32CubeIDE/plugins/com.st.stm32cube.ide.mcu.externaltools.gnu-tools-for-stm32.14.3.rel1.win32_1.0.100.202602081740/tools/bin/../lib/gcc/arm-none-eabi/14.3.1/../../../../arm-none-eabi/lib/thumb/v7e-m+fp/hard\libc_nano.a(libc_a-mallocr.o)
 .text._malloc_r
                0x08006560      0x100 C:/Users/juana/Documents/STM32CubeIDE_2.1.0/STM32CubeIDE/plugins/com.st.stm32cube.ide.mcu.externaltools.gnu-tools-for-stm32.14.3.rel1.win32_1.0.100.202602081740/tools/bin/../lib/gcc/arm-none-eabi/14.3.1/../../../../arm-none-eabi/lib/thumb/v7e-m+fp/hard\libc_nano.a(libc_a-mallocr.o)
                0x08006560                _malloc_r
 .text.__malloc_lock
                0x08006660        0xc C:/Users/juana/Documents/STM32CubeIDE_2.1.0/STM32CubeIDE/plugins/com.st.stm32cube.ide.mcu.externaltools.gnu-tools-for-stm32.14.3.rel1.win32_1.0.100.202602081740/tools/bin/../lib/gcc/arm-none-eabi/14.3.1/../../../../arm-none-eabi/lib/thumb/v7e-m+fp/hard\libc_nano.a(libc_a-mlock.o)
                0x08006660                __malloc_lock
 .text.__malloc_unlock
                0x0800666c        0xc C:/Users/juana/Documents/STM32CubeIDE_2.1.0/STM32CubeIDE/plugins/com.st.stm32cube.ide.mcu.externaltools.gnu-tools-for-stm32.14.3.rel1.win32_1.0.100.202602081740/tools/bin/../lib/gcc/arm-none-eabi/14.3.1/../../../../arm-none-eabi/lib/thumb/v7e-m+fp/hard\libc_nano.a(libc_a-mlock.o)
                0x0800666c                __malloc_unlock
 .text._sungetc_r
                0x08006678       0x7a C:/Users/juana/Documents/STM32CubeIDE_2.1.0/STM32CubeIDE/plugins/com.st.stm32cube.ide.mcu.externaltools.gnu-tools-for-stm32.14.3.rel1.win32_1.0.100.202602081740/tools/bin/../lib/gcc/arm-none-eabi/14.3.1/../../../../arm-none-eabi/lib/thumb/v7e-m+fp/hard\libc_nano.a(libc_a-nano-svfscanf.o)
                0x08006678                _sungetc_r
 .text.__ssrefill_r
                0x080066f2       0x3a C:/Users/juana/Documents/STM32CubeIDE_2.1.0/STM32CubeIDE/plugins/com.st.stm32cube.ide.mcu.externaltools.gnu-tools-for-stm32.14.3.rel1.win32_1.0.100.202602081740/tools/bin/../lib/gcc/arm-none-eabi/14.3.1/../../../../arm-none-eabi/lib/thumb/v7e-m+fp/hard\libc_nano.a(libc_a-nano-svfscanf.o)
                0x080066f2                __ssrefill_r
 .text.__ssvfscanf_r
                0x0800672c      0x2fc C:/Users/juana/Documents/STM32CubeIDE_2.1.0/STM32CubeIDE/plugins/com.st.stm32cube.ide.mcu.externaltools.gnu-tools-for-stm32.14.3.rel1.win32_1.0.100.202602081740/tools/bin/../lib/gcc/arm-none-eabi/14.3.1/../../../../arm-none-eabi/lib/thumb/v7e-m+fp/hard\libc_nano.a(libc_a-nano-svfscanf.o)
                0x0800672c                __ssvfiscanf_r
                0x0800672c                __ssvfscanf_r
 .text._scanf_chars
                0x08006a28       0xb4 C:/Users/juana/Documents/STM32CubeIDE_2.1.0/STM32CubeIDE/plugins/com.st.stm32cube.ide.mcu.externaltools.gnu-tools-for-stm32.14.3.rel1.win32_1.0.100.202602081740/tools/bin/../lib/gcc/arm-none-eabi/14.3.1/../../../../arm-none-eabi/lib/thumb/v7e-m+fp/hard\libc_nano.a(libc_a-nano-vfscanf_i.o)
                0x08006a28                _scanf_chars
 .text._scanf_i
                0x08006adc      0x1e4 C:/Users/juana/Documents/STM32CubeIDE_2.1.0/STM32CubeIDE/plugins/com.st.stm32cube.ide.mcu.externaltools.gnu-tools-for-stm32.14.3.rel1.win32_1.0.100.202602081740/tools/bin/../lib/gcc/arm-none-eabi/14.3.1/../../../../arm-none-eabi/lib/thumb/v7e-m+fp/hard\libc_nano.a(libc_a-nano-vfscanf_i.o)
                0x08006adc                _scanf_i
 .text.__sflush_r
                0x08006cc0      0x104 C:/Users/juana/Documents/STM32CubeIDE_2.1.0/STM32CubeIDE/plugins/com.st.stm32cube.ide.mcu.externaltools.gnu-tools-for-stm32.14.3.rel1.win32_1.0.100.202602081740/tools/bin/../lib/gcc/arm-none-eabi/14.3.1/../../../../arm-none-eabi/lib/thumb/v7e-m+fp/hard\libc_nano.a(libc_a-fflush.o)
                0x08006cc0                __sflush_r
 .text._fflush_r
                0x08006dc4       0x50 C:/Users/juana/Documents/STM32CubeIDE_2.1.0/STM32CubeIDE/plugins/com.st.stm32cube.ide.mcu.externaltools.gnu-tools-for-stm32.14.3.rel1.win32_1.0.100.202602081740/tools/bin/../lib/gcc/arm-none-eabi/14.3.1/../../../../arm-none-eabi/lib/thumb/v7e-m+fp/hard\libc_nano.a(libc_a-fflush.o)
                0x08006dc4                _fflush_r
 .text.fprintf  0x08006e14       0x24 C:/Users/juana/Documents/STM32CubeIDE_2.1.0/STM32CubeIDE/plugins/com.st.stm32cube.ide.mcu.externaltools.gnu-tools-for-stm32.14.3.rel1.win32_1.0.100.202602081740/tools/bin/../lib/gcc/arm-none-eabi/14.3.1/../../../../arm-none-eabi/lib/thumb/v7e-m+fp/hard\libc_nano.a(libc_a-fprintf.o)
                0x08006e14                fiprintf
                0x08006e14                fprintf
 .text.__sccl   0x08006e38       0x72 C:/Users/juana/Documents/STM32CubeIDE_2.1.0/STM32CubeIDE/plugins/com.st.stm32cube.ide.mcu.externaltools.gnu-tools-for-stm32.14.3.rel1.win32_1.0.100.202602081740/tools/bin/../lib/gcc/arm-none-eabi/14.3.1/../../../../arm-none-eabi/lib/thumb/v7e-m+fp/hard\libc_nano.a(libc_a-sccl.o)
                0x08006e38                __sccl
 .text.__submore
                0x08006eaa       0x74 C:/Users/juana/Documents/STM32CubeIDE_2.1.0/STM32CubeIDE/plugins/com.st.stm32cube.ide.mcu.externaltools.gnu-tools-for-stm32.14.3.rel1.win32_1.0.100.202602081740/tools/bin/../lib/gcc/arm-none-eabi/14.3.1/../../../../arm-none-eabi/lib/thumb/v7e-m+fp/hard\libc_nano.a(libc_a-ungetc.o)
                0x08006eaa                __submore
 *fill*         0x08006f1e        0x2 
 .text._sbrk_r  0x08006f20       0x20 C:/Users/juana/Documents/STM32CubeIDE_2.1.0/STM32CubeIDE/plugins/com.st.stm32cube.ide.mcu.externaltools.gnu-tools-for-stm32.14.3.rel1.win32_1.0.100.202602081740/tools/bin/../lib/gcc/arm-none-eabi/14.3.1/../../../../arm-none-eabi/lib/thumb/v7e-m+fp/hard\libc_nano.a(libc_a-sbrkr.o)
                0x08006f20                _sbrk_r
 .text.memcpy   0x08006f40       0x1c C:/Users/juana/Documents/STM32CubeIDE_2.1.0/STM32CubeIDE/plugins/com.st.stm32cube.ide.mcu.externaltools.gnu-tools-for-stm32.14.3.rel1.win32_1.0.100.202602081740/tools/bin/../lib/gcc/arm-none-eabi/14.3.1/../../../../arm-none-eabi/lib/thumb/v7e-m+fp/hard\libc_nano.a(libc_a-memcpy-stub.o)
                0x08006f40                memcpy
 .text.abort    0x08006f5c        0xe C:/Users/juana/Documents/STM32CubeIDE_2.1.0/STM32CubeIDE/plugins/com.st.stm32cube.ide.mcu.externaltools.gnu-tools-for-stm32.14.3.rel1.win32_1.0.100.202602081740/tools/bin/../lib/gcc/arm-none-eabi/14.3.1/../../../../arm-none-eabi/lib/thumb/v7e-m+fp/hard\libc_nano.a(libc_a-abort.o)
                0x08006f5c                abort
 .text._realloc_r
                0x08006f6a       0x5c C:/Users/juana/Documents/STM32CubeIDE_2.1.0/STM32CubeIDE/plugins/com.st.stm32cube.ide.mcu.externaltools.gnu-tools-for-stm32.14.3.rel1.win32_1.0.100.202602081740/tools/bin/../lib/gcc/arm-none-eabi/14.3.1/../../../../arm-none-eabi/lib/thumb/v7e-m+fp/hard\libc_nano.a(libc_a-reallocr.o)
                0x08006f6a                _realloc_r
 *fill*         0x08006fc6        0x2 
 .text._strtol_l.isra.0
                0x08006fc8       0xf4 C:/Users/juana/Documents/STM32CubeIDE_2.1.0/STM32CubeIDE/plugins/com.st.stm32cube.ide.mcu.externaltools.gnu-tools-for-stm32.14.3.rel1.win32_1.0.100.202602081740/tools/bin/../lib/gcc/arm-none-eabi/14.3.1/../../../../arm-none-eabi/lib/thumb/v7e-m+fp/hard\libc_nano.a(libc_a-strtol.o)
 .text._strtol_r
                0x080070bc        0x4 C:/Users/juana/Documents/STM32CubeIDE_2.1.0/STM32CubeIDE/plugins/com.st.stm32cube.ide.mcu.externaltools.gnu-tools-for-stm32.14.3.rel1.win32_1.0.100.202602081740/tools/bin/../lib/gcc/arm-none-eabi/14.3.1/../../../../arm-none-eabi/lib/thumb/v7e-m+fp/hard\libc_nano.a(libc_a-strtol.o)
                0x080070bc                _strtol_r
 .text._strtoul_l.isra.0
                0x080070c0       0xdc C:/Users/juana/Documents/STM32CubeIDE_2.1.0/STM32CubeIDE/plugins/com.st.stm32cube.ide.mcu.externaltools.gnu-tools-for-stm32.14.3.rel1.win32_1.0.100.202602081740/tools/bin/../lib/gcc/arm-none-eabi/14.3.1/../../../../arm-none-eabi/lib/thumb/v7e-m+fp/hard\libc_nano.a(libc_a-strtoul.o)
 .text._strtoul_r
                0x0800719c        0x4 C:/Users/juana/Documents/STM32CubeIDE_2.1.0/STM32CubeIDE/plugins/com.st.stm32cube.ide.mcu.externaltools.gnu-tools-for-stm32.14.3.rel1.win32_1.0.100.202602081740/tools/bin/../lib/gcc/arm-none-eabi/14.3.1/../../../../arm-none-eabi/lib/thumb/v7e-m+fp/hard\libc_nano.a(libc_a-strtoul.o)
                0x0800719c                _strtoul_r
 .text.__sfputc_r
                0x080071a0       0x2e C:/Users/juana/Documents/STM32CubeIDE_2.1.0/STM32CubeIDE/plugins/com.st.stm32cube.ide.mcu.externaltools.gnu-tools-for-stm32.14.3.rel1.win32_1.0.100.202602081740/tools/bin/../lib/gcc/arm-none-eabi/14.3.1/../../../../arm-none-eabi/lib/thumb/v7e-m+fp/hard\libc_nano.a(libc_a-nano-vfprintf.o)
 .text.__sfputs_r
                0x080071ce       0x24 C:/Users/juana/Documents/STM32CubeIDE_2.1.0/STM32CubeIDE/plugins/com.st.stm32cube.ide.mcu.externaltools.gnu-tools-for-stm32.14.3.rel1.win32_1.0.100.202602081740/tools/bin/../lib/gcc/arm-none-eabi/14.3.1/../../../../arm-none-eabi/lib/thumb/v7e-m+fp/hard\libc_nano.a(libc_a-nano-vfprintf.o)
                0x080071ce                __sfputs_r
 *fill*         0x080071f2        0x2 
 .text._vfprintf_r
                0x080071f4      0x228 C:/Users/juana/Documents/STM32CubeIDE_2.1.0/STM32CubeIDE/plugins/com.st.stm32cube.ide.mcu.externaltools.gnu-tools-for-stm32.14.3.rel1.win32_1.0.100.202602081740/tools/bin/../lib/gcc/arm-none-eabi/14.3.1/../../../../arm-none-eabi/lib/thumb/v7e-m+fp/hard\libc_nano.a(libc_a-nano-vfprintf.o)
                0x080071f4                _vfprintf_r
                0x080071f4                _vfiprintf_r
 .text._printf_common
                0x0800741c       0xda C:/Users/juana/Documents/STM32CubeIDE_2.1.0/STM32CubeIDE/plugins/com.st.stm32cube.ide.mcu.externaltools.gnu-tools-for-stm32.14.3.rel1.win32_1.0.100.202602081740/tools/bin/../lib/gcc/arm-none-eabi/14.3.1/../../../../arm-none-eabi/lib/thumb/v7e-m+fp/hard\libc_nano.a(libc_a-nano-vfprintf_i.o)
                0x0800741c                _printf_common
 *fill*         0x080074f6        0x2 
 .text._printf_i
                0x080074f8      0x24c C:/Users/juana/Documents/STM32CubeIDE_2.1.0/STM32CubeIDE/plugins/com.st.stm32cube.ide.mcu.externaltools.gnu-tools-for-stm32.14.3.rel1.win32_1.0.100.202602081740/tools/bin/../lib/gcc/arm-none-eabi/14.3.1/../../../../arm-none-eabi/lib/thumb/v7e-m+fp/hard\libc_nano.a(libc_a-nano-vfprintf_i.o)
                0x080074f8                _printf_i
 .text.__swbuf_r
                0x08007744       0x7c C:/Users/juana/Documents/STM32CubeIDE_2.1.0/STM32CubeIDE/plugins/com.st.stm32cube.ide.mcu.externaltools.gnu-tools-for-stm32.14.3.rel1.win32_1.0.100.202602081740/tools/bin/../lib/gcc/arm-none-eabi/14.3.1/../../../../arm-none-eabi/lib/thumb/v7e-m+fp/hard\libc_nano.a(libc_a-wbuf.o)
                0x08007744                __swbuf_r
 .text.__swsetup_r
                0x080077c0       0xa8 C:/Users/juana/Documents/STM32CubeIDE_2.1.0/STM32CubeIDE/plugins/com.st.stm32cube.ide.mcu.externaltools.gnu-tools-for-stm32.14.3.rel1.win32_1.0.100.202602081740/tools/bin/../lib/gcc/arm-none-eabi/14.3.1/../../../../arm-none-eabi/lib/thumb/v7e-m+fp/hard\libc_nano.a(libc_a-wsetup.o)
                0x080077c0                __swsetup_r
 .text._raise_r
                0x08007868       0x50 C:/Users/juana/Documents/STM32CubeIDE_2.1.0/STM32CubeIDE/plugins/com.st.stm32cube.ide.mcu.externaltools.gnu-tools-for-stm32.14.3.rel1.win32_1.0.100.202602081740/tools/bin/../lib/gcc/arm-none-eabi/14.3.1/../../../../arm-none-eabi/lib/thumb/v7e-m+fp/hard\libc_nano.a(libc_a-signal.o)
                0x08007868                _raise_r
 .text.raise    0x080078b8       0x10 C:/Users/juana/Documents/STM32CubeIDE_2.1.0/STM32CubeIDE/plugins/com.st.stm32cube.ide.mcu.externaltools.gnu-tools-for-stm32.14.3.rel1.win32_1.0.100.202602081740/tools/bin/../lib/gcc/arm-none-eabi/14.3.1/../../../../arm-none-eabi/lib/thumb/v7e-m+fp/hard\libc_nano.a(libc_a-signal.o)
                0x080078b8                raise
 .text._kill_r  0x080078c8       0x24 C:/Users/juana/Documents/STM32CubeIDE_2.1.0/STM32CubeIDE/plugins/com.st.stm32cube.ide.mcu.externaltools.gnu-tools-for-stm32.14.3.rel1.win32_1.0.100.202602081740/tools/bin/../lib/gcc/arm-none-eabi/14.3.1/../../../../arm-none-eabi/lib/thumb/v7e-m+fp/hard\libc_nano.a(libc_a-signalr.o)
                0x080078c8                _kill_r
 .text._getpid_r
                0x080078ec        0x4 C:/Users/juana/Documents/STM32CubeIDE_2.1.0/STM32CubeIDE/plugins/com.st.stm32cube.ide.mcu.externaltools.gnu-tools-for-stm32.14.3.rel1.win32_1.0.100.202602081740/tools/bin/../lib/gcc/arm-none-eabi/14.3.1/../../../../arm-none-eabi/lib/thumb/v7e-m+fp/hard\libc_nano.a(libc_a-signalr.o)
                0x080078ec                _getpid_r
 .text._malloc_usable_size_r
                0x080078f0       0x10 C:/Users/juana/Documents/STM32CubeIDE_2.1.0/STM32CubeIDE/plugins/com.st.stm32cube.ide.mcu.externaltools.gnu-tools-for-stm32.14.3.rel1.win32_1.0.100.202602081740/tools/bin/../lib/gcc/arm-none-eabi/14.3.1/../../../../arm-none-eabi/lib/thumb/v7e-m+fp/hard\libc_nano.a(libc_a-msizer.o)
                0x080078f0                _malloc_usable_size_r
 .text.__swhatbuf_r
                0x08007900       0x48 C:/Users/juana/Documents/STM32CubeIDE_2.1.0/STM32CubeIDE/plugins/com.st.stm32cube.ide.mcu.externaltools.gnu-tools-for-stm32.14.3.rel1.win32_1.0.100.202602081740/tools/bin/../lib/gcc/arm-none-eabi/14.3.1/../../../../arm-none-eabi/lib/thumb/v7e-m+fp/hard\libc_nano.a(libc_a-makebuf.o)
                0x08007900                __swhatbuf_r
 .text.__smakebuf_r
                0x08007948       0x72 C:/Users/juana/Documents/STM32CubeIDE_2.1.0/STM32CubeIDE/plugins/com.st.stm32cube.ide.mcu.externaltools.gnu-tools-for-stm32.14.3.rel1.win32_1.0.100.202602081740/tools/bin/../lib/gcc/arm-none-eabi/14.3.1/../../../../arm-none-eabi/lib/thumb/v7e-m+fp/hard\libc_nano.a(libc_a-makebuf.o)
                0x08007948                __smakebuf_r
 *fill*         0x080079ba        0x2 
 .text._fstat_r
                0x080079bc       0x24 C:/Users/juana/Documents/STM32CubeIDE_2.1.0/STM32CubeIDE/plugins/com.st.stm32cube.ide.mcu.externaltools.gnu-tools-for-stm32.14.3.rel1.win32_1.0.100.202602081740/tools/bin/../lib/gcc/arm-none-eabi/14.3.1/../../../../arm-none-eabi/lib/thumb/v7e-m+fp/hard\libc_nano.a(libc_a-fstatr.o)
                0x080079bc                _fstat_r
 .text._isatty_r
                0x080079e0       0x20 C:/Users/juana/Documents/STM32CubeIDE_2.1.0/STM32CubeIDE/plugins/com.st.stm32cube.ide.mcu.externaltools.gnu-tools-for-stm32.14.3.rel1.win32_1.0.100.202602081740/tools/bin/../lib/gcc/arm-none-eabi/14.3.1/../../../../arm-none-eabi/lib/thumb/v7e-m+fp/hard\libc_nano.a(libc_a-isattyr.o)
                0x080079e0                _isatty_r
 .text.sin      0x08007a00       0x88 C:/Users/juana/Documents/STM32CubeIDE_2.1.0/STM32CubeIDE/plugins/com.st.stm32cube.ide.mcu.externaltools.gnu-tools-for-stm32.14.3.rel1.win32_1.0.100.202602081740/tools/bin/../lib/gcc/arm-none-eabi/14.3.1/../../../../arm-none-eabi/lib/thumb/v7e-m+fp/hard\libm.a(libm_a-s_sin.o)
                0x08007a00                sin
 .text.__kernel_cos
                0x08007a88      0x26c C:/Users/juana/Documents/STM32CubeIDE_2.1.0/STM32CubeIDE/plugins/com.st.stm32cube.ide.mcu.externaltools.gnu-tools-for-stm32.14.3.rel1.win32_1.0.100.202602081740/tools/bin/../lib/gcc/arm-none-eabi/14.3.1/../../../../arm-none-eabi/lib/thumb/v7e-m+fp/hard\libm.a(libm_a-k_cos.o)
                0x08007a88                __kernel_cos
 *fill*         0x08007cf4        0x4 
 .text.__kernel_sin
                0x08007cf8      0x184 C:/Users/juana/Documents/STM32CubeIDE_2.1.0/STM32CubeIDE/plugins/com.st.stm32cube.ide.mcu.externaltools.gnu-tools-for-stm32.14.3.rel1.win32_1.0.100.202602081740/tools/bin/../lib/gcc/arm-none-eabi/14.3.1/../../../../arm-none-eabi/lib/thumb/v7e-m+fp/hard\libm.a(libm_a-k_sin.o)
                0x08007cf8                __kernel_sin
 *fill*         0x08007e7c        0x4 
 .text.__ieee754_rem_pio2
                0x08007e80      0x424 C:/Users/juana/Documents/STM32CubeIDE_2.1.0/STM32CubeIDE/plugins/com.st.stm32cube.ide.mcu.externaltools.gnu-tools-for-stm32.14.3.rel1.win32_1.0.100.202602081740/tools/bin/../lib/gcc/arm-none-eabi/14.3.1/../../../../arm-none-eabi/lib/thumb/v7e-m+fp/hard\libm.a(libm_a-e_rem_pio2.o)
                0x08007e80                __ieee754_rem_pio2
 .text.fabs     0x080082a4       0x10 C:/Users/juana/Documents/STM32CubeIDE_2.1.0/STM32CubeIDE/plugins/com.st.stm32cube.ide.mcu.externaltools.gnu-tools-for-stm32.14.3.rel1.win32_1.0.100.202602081740/tools/bin/../lib/gcc/arm-none-eabi/14.3.1/../../../../arm-none-eabi/lib/thumb/v7e-m+fp/hard\libm.a(libm_a-s_fabs.o)
                0x080082a4                fabs
 *fill*         0x080082b4        0x4 
 .text.__kernel_rem_pio2
                0x080082b8      0x888 C:/Users/juana/Documents/STM32CubeIDE_2.1.0/STM32CubeIDE/plugins/com.st.stm32cube.ide.mcu.externaltools.gnu-tools-for-stm32.14.3.rel1.win32_1.0.100.202602081740/tools/bin/../lib/gcc/arm-none-eabi/14.3.1/../../../../arm-none-eabi/lib/thumb/v7e-m+fp/hard\libm.a(libm_a-k_rem_pio2.o)
                0x080082b8                __kernel_rem_pio2
 .text.scalbn   0x08008b40      0x114 C:/Users/juana/Documents/STM32CubeIDE_2.1.0/STM32CubeIDE/plugins/com.st.stm32cube.ide.mcu.externaltools.gnu-tools-for-stm32.14.3.rel1.win32_1.0.100.202602081740/tools/bin/../lib/gcc/arm-none-eabi/14.3.1/../../../../arm-none-eabi/lib/thumb/v7e-m+fp/hard\libm.a(libm_a-s_scalbn.o)
                0x08008b40                scalbn
 *fill*         0x08008c54        0x4 
 .text.floor    0x08008c58      0x108 C:/Users/juana/Documents/STM32CubeIDE_2.1.0/STM32CubeIDE/plugins/com.st.stm32cube.ide.mcu.externaltools.gnu-tools-for-stm32.14.3.rel1.win32_1.0.100.202602081740/tools/bin/../lib/gcc/arm-none-eabi/14.3.1/../../../../arm-none-eabi/lib/thumb/v7e-m+fp/hard\libm.a(libm_a-s_floor.o)
                0x08008c58                floor
 *(.glue_7)
 .glue_7        0x08008d60        0x0 linker stubs
 *(.glue_7t)
 .glue_7t       0x08008d60        0x0 linker stubs
 *(.eh_frame)
 .eh_frame      0x08008d60        0x0 C:/Users/juana/Documents/STM32CubeIDE_2.1.0/STM32CubeIDE/plugins/com.st.stm32cube.ide.mcu.externaltools.gnu-tools-for-stm32.14.3.rel1.win32_1.0.100.202602081740/tools/bin/../lib/gcc/arm-none-eabi/14.3.1/thumb/v7e-m+fp/hard/crtbegin.o
 *(.init)
 .init          0x08008d60        0x4 C:/Users/juana/Documents/STM32CubeIDE_2.1.0/STM32CubeIDE/plugins/com.st.stm32cube.ide.mcu.externaltools.gnu-tools-for-stm32.14.3.rel1.win32_1.0.100.202602081740/tools/bin/../lib/gcc/arm-none-eabi/14.3.1/thumb/v7e-m+fp/hard/crti.o
                0x08008d60                _init
 .init          0x08008d64        0x8 C:/Users/juana/Documents/STM32CubeIDE_2.1.0/STM32CubeIDE/plugins/com.st.stm32cube.ide.mcu.externaltools.gnu-tools-for-stm32.14.3.rel1.win32_1.0.100.202602081740/tools/bin/../lib/gcc/arm-none-eabi/14.3.1/thumb/v7e-m+fp/hard/crtn.o
 *(.fini)
 .fini          0x08008d6c        0x4 C:/Users/juana/Documents/STM32CubeIDE_2.1.0/STM32CubeIDE/plugins/com.st.stm32cube.ide.mcu.externaltools.gnu-tools-for-stm32.14.3.rel1.win32_1.0.100.202602081740/tools/bin/../lib/gcc/arm-none-eabi/14.3.1/thumb/v7e-m+fp/hard/crti.o
                0x08008d6c                _fini
 .fini          0x08008d70        0x8 C:/Users/juana/Documents/STM32CubeIDE_2.1.0/STM32CubeIDE/plugins/com.st.stm32cube.ide.mcu.externaltools.gnu-tools-for-stm32.14.3.rel1.win32_1.0.100.202602081740/tools/bin/../lib/gcc/arm-none-eabi/14.3.1/thumb/v7e-m+fp/hard/crtn.o
                0x08008d78                        . = ALIGN (0x4)
                0x08008d78                        _etext = .

.vfp11_veneer   0x08008d78        0x0
 .vfp11_veneer  0x08008d78        0x0 linker stubs

.v4_bx          0x08008d78        0x0
 .v4_bx         0x08008d78        0x0 linker stubs

.iplt           0x08008d78        0x0
 .iplt          0x08008d78        0x0 C:/Users/juana/Documents/STM32CubeIDE_2.1.0/STM32CubeIDE/plugins/com.st.stm32cube.ide.mcu.externaltools.gnu-tools-for-stm32.14.3.rel1.win32_1.0.100.202602081740/tools/bin/../lib/gcc/arm-none-eabi/14.3.1/thumb/v7e-m+fp/hard/crtbegin.o

.rodata         0x08008d78      0x458
                0x08008d78                        . = ALIGN (0x4)
 *(.rodata)
 .rodata        0x08008d78       0x58 ./Core/Src/main.o
 .rodata        0x08008dd0        0xc C:/Users/juana/Documents/STM32CubeIDE_2.1.0/STM32CubeIDE/plugins/com.st.stm32cube.ide.mcu.externaltools.gnu-tools-for-stm32.14.3.rel1.win32_1.0.100.202602081740/tools/bin/../lib/gcc/arm-none-eabi/14.3.1/../../../../arm-none-eabi/lib/thumb/v7e-m+fp/hard\libc_nano.a(libc_a-nano-vfscanf_i.o)
 *(.rodata*)
 .rodata.AHBPrescTable
                0x08008ddc       0x10 ./Core/Src/system_stm32f4xx.o
                0x08008ddc                AHBPrescTable
 .rodata.APBPrescTable
                0x08008dec        0x8 ./Core/Src/system_stm32f4xx.o
                0x08008dec                APBPrescTable
 .rodata.flagBitshiftOffset.0
                0x08008df4        0x8 ./Drivers/STM32F4xx_HAL_Driver/Src/stm32f4xx_hal_dma.o
 .rodata.srand.str1.1
                0x08008dfc       0xf9 C:/Users/juana/Documents/STM32CubeIDE_2.1.0/STM32CubeIDE/plugins/com.st.stm32cube.ide.mcu.externaltools.gnu-tools-for-stm32.14.3.rel1.win32_1.0.100.202602081740/tools/bin/../lib/gcc/arm-none-eabi/14.3.1/../../../../arm-none-eabi/lib/thumb/v7e-m+fp/hard\libc_nano.a(libc_a-rand.o)
                                 0x6f (size before relaxing)
 .rodata.__assert_func.str1.1
                0x08008ef5       0x3d C:/Users/juana/Documents/STM32CubeIDE_2.1.0/STM32CubeIDE/plugins/com.st.stm32cube.ide.mcu.externaltools.gnu-tools-for-stm32.14.3.rel1.win32_1.0.100.202602081740/tools/bin/../lib/gcc/arm-none-eabi/14.3.1/../../../../arm-none-eabi/lib/thumb/v7e-m+fp/hard\libc_nano.a(libc_a-assert.o)
 .rodata.__ssvfscanf_r.str1.1
                0x08008ef5        0x4 C:/Users/juana/Documents/STM32CubeIDE_2.1.0/STM32CubeIDE/plugins/com.st.stm32cube.ide.mcu.externaltools.gnu-tools-for-stm32.14.3.rel1.win32_1.0.100.202602081740/tools/bin/../lib/gcc/arm-none-eabi/14.3.1/../../../../arm-none-eabi/lib/thumb/v7e-m+fp/hard\libc_nano.a(libc_a-nano-svfscanf.o)
 .rodata._scanf_i.str1.1
                0x08008ef5       0x12 C:/Users/juana/Documents/STM32CubeIDE_2.1.0/STM32CubeIDE/plugins/com.st.stm32cube.ide.mcu.externaltools.gnu-tools-for-stm32.14.3.rel1.win32_1.0.100.202602081740/tools/bin/../lib/gcc/arm-none-eabi/14.3.1/../../../../arm-none-eabi/lib/thumb/v7e-m+fp/hard\libc_nano.a(libc_a-nano-vfscanf_i.o)
 .rodata.str1.1
                0x08008ef5        0x9 C:/Users/juana/Documents/STM32CubeIDE_2.1.0/STM32CubeIDE/plugins/com.st.stm32cube.ide.mcu.externaltools.gnu-tools-for-stm32.14.3.rel1.win32_1.0.100.202602081740/tools/bin/../lib/gcc/arm-none-eabi/14.3.1/../../../../arm-none-eabi/lib/thumb/v7e-m+fp/hard\libc_nano.a(libc_a-nano-vfscanf_i.o)
 .rodata._ctype_
                0x08008ef5      0x101 C:/Users/juana/Documents/STM32CubeIDE_2.1.0/STM32CubeIDE/plugins/com.st.stm32cube.ide.mcu.externaltools.gnu-tools-for-stm32.14.3.rel1.win32_1.0.100.202602081740/tools/bin/../lib/gcc/arm-none-eabi/14.3.1/../../../../arm-none-eabi/lib/thumb/v7e-m+fp/hard\libc_nano.a(libc_a-ctype_.o)
                0x08008ef5                _ctype_
 .rodata._vfprintf_r.str1.1
                0x08008ff6       0x11 C:/Users/juana/Documents/STM32CubeIDE_2.1.0/STM32CubeIDE/plugins/com.st.stm32cube.ide.mcu.externaltools.gnu-tools-for-stm32.14.3.rel1.win32_1.0.100.202602081740/tools/bin/../lib/gcc/arm-none-eabi/14.3.1/../../../../arm-none-eabi/lib/thumb/v7e-m+fp/hard\libc_nano.a(libc_a-nano-vfprintf.o)
 .rodata._printf_i.str1.1
                0x08008ff6       0x22 C:/Users/juana/Documents/STM32CubeIDE_2.1.0/STM32CubeIDE/plugins/com.st.stm32cube.ide.mcu.externaltools.gnu-tools-for-stm32.14.3.rel1.win32_1.0.100.202602081740/tools/bin/../lib/gcc/arm-none-eabi/14.3.1/../../../../arm-none-eabi/lib/thumb/v7e-m+fp/hard\libc_nano.a(libc_a-nano-vfprintf_i.o)
 *fill*         0x08008ff6        0x2 
 .rodata.npio2_hw
                0x08008ff8       0x80 C:/Users/juana/Documents/STM32CubeIDE_2.1.0/STM32CubeIDE/plugins/com.st.stm32cube.ide.mcu.externaltools.gnu-tools-for-stm32.14.3.rel1.win32_1.0.100.202602081740/tools/bin/../lib/gcc/arm-none-eabi/14.3.1/../../../../arm-none-eabi/lib/thumb/v7e-m+fp/hard\libm.a(libm_a-e_rem_pio2.o)
 .rodata.two_over_pi
                0x08009078      0x108 C:/Users/juana/Documents/STM32CubeIDE_2.1.0/STM32CubeIDE/plugins/com.st.stm32cube.ide.mcu.externaltools.gnu-tools-for-stm32.14.3.rel1.win32_1.0.100.202602081740/tools/bin/../lib/gcc/arm-none-eabi/14.3.1/../../../../arm-none-eabi/lib/thumb/v7e-m+fp/hard\libm.a(libm_a-e_rem_pio2.o)
 .rodata.PIo2   0x08009180       0x40 C:/Users/juana/Documents/STM32CubeIDE_2.1.0/STM32CubeIDE/plugins/com.st.stm32cube.ide.mcu.externaltools.gnu-tools-for-stm32.14.3.rel1.win32_1.0.100.202602081740/tools/bin/../lib/gcc/arm-none-eabi/14.3.1/../../../../arm-none-eabi/lib/thumb/v7e-m+fp/hard\libm.a(libm_a-k_rem_pio2.o)
 .rodata.init_jk
                0x080091c0       0x10 C:/Users/juana/Documents/STM32CubeIDE_2.1.0/STM32CubeIDE/plugins/com.st.stm32cube.ide.mcu.externaltools.gnu-tools-for-stm32.14.3.rel1.win32_1.0.100.202602081740/tools/bin/../lib/gcc/arm-none-eabi/14.3.1/../../../../arm-none-eabi/lib/thumb/v7e-m+fp/hard\libm.a(libm_a-k_rem_pio2.o)
                0x080091d0                        . = ALIGN (0x4)

.ARM.extab      0x080091d0        0x0
                0x080091d0                        . = ALIGN (0x4)
 *(.ARM.extab* .gnu.linkonce.armextab.*)
                0x080091d0                        . = ALIGN (0x4)

.ARM            0x080091d0        0x8
                0x080091d0                        . = ALIGN (0x4)
                0x080091d0                        __exidx_start = .
 *(.ARM.exidx*)
 .ARM.exidx     0x080091d0        0x8 C:/Users/juana/Documents/STM32CubeIDE_2.1.0/STM32CubeIDE/plugins/com.st.stm32cube.ide.mcu.externaltools.gnu-tools-for-stm32.14.3.rel1.win32_1.0.100.202602081740/tools/bin/../lib/gcc/arm-none-eabi/14.3.1/../../../../arm-none-eabi/lib/thumb/v7e-m+fp/hard\libc_nano.a(libc_a-strlen.o)
 .ARM.exidx     0x080091d8        0x0 C:/Users/juana/Documents/STM32CubeIDE_2.1.0/STM32CubeIDE/plugins/com.st.stm32cube.ide.mcu.externaltools.gnu-tools-for-stm32.14.3.rel1.win32_1.0.100.202602081740/tools/bin/../lib/gcc/arm-none-eabi/14.3.1/../../../../arm-none-eabi/lib/thumb/v7e-m+fp/hard\libc_nano.a(libc_a-memchr.o)
                                  0x8 (size before relaxing)
 .ARM.exidx     0x080091d8        0x0 C:/Users/juana/Documents/STM32CubeIDE_2.1.0/STM32CubeIDE/plugins/com.st.stm32cube.ide.mcu.externaltools.gnu-tools-for-stm32.14.3.rel1.win32_1.0.100.202602081740/tools/bin/../lib/gcc/arm-none-eabi/14.3.1/thumb/v7e-m+fp/hard\libgcc.a(_udivmoddi4.o)
                                  0x8 (size before relaxing)
                0x080091d8                        __exidx_end = .
                0x080091d8                        . = ALIGN (0x4)

.preinit_array  0x080091d8        0x0
                0x080091d8                        . = ALIGN (0x4)
                0x080091d8                        PROVIDE (__preinit_array_start = .)
 *(.preinit_array*)
                0x080091d8                        PROVIDE (__preinit_array_end = .)
                0x080091d8                        . = ALIGN (0x4)

.init_array     0x080091d8        0x4
                0x080091d8                        . = ALIGN (0x4)
                0x080091d8                        PROVIDE (__init_array_start = .)
 *(SORT_BY_NAME(.init_array.*))
 *(.init_array*)
 .init_array    0x080091d8        0x4 C:/Users/juana/Documents/STM32CubeIDE_2.1.0/STM32CubeIDE/plugins/com.st.stm32cube.ide.mcu.externaltools.gnu-tools-for-stm32.14.3.rel1.win32_1.0.100.202602081740/tools/bin/../lib/gcc/arm-none-eabi/14.3.1/thumb/v7e-m+fp/hard/crtbegin.o
                0x080091dc                        PROVIDE (__init_array_end = .)
                0x080091dc                        . = ALIGN (0x4)

.fini_array     0x080091dc        0x4
                0x080091dc                        . = ALIGN (0x4)
                [!provide]                        PROVIDE (__fini_array_start = .)
 *(SORT_BY_NAME(.fini_array.*))
 *(.fini_array*)
 .fini_array    0x080091dc        0x4 C:/Users/juana/Documents/STM32CubeIDE_2.1.0/STM32CubeIDE/plugins/com.st.stm32cube.ide.mcu.externaltools.gnu-tools-for-stm32.14.3.rel1.win32_1.0.100.202602081740/tools/bin/../lib/gcc/arm-none-eabi/14.3.1/thumb/v7e-m+fp/hard/crtbegin.o
                [!provide]                        PROVIDE (__fini_array_end = .)
                0x080091e0                        . = ALIGN (0x4)
                0x080091e0                        _sidata = LOADADDR (.data)

.rel.dyn        0x080091e0        0x0
 .rel.iplt      0x080091e0        0x0 C:/Users/juana/Documents/STM32CubeIDE_2.1.0/STM32CubeIDE/plugins/com.st.stm32cube.ide.mcu.externaltools.gnu-tools-for-stm32.14.3.rel1.win32_1.0.100.202602081740/tools/bin/../lib/gcc/arm-none-eabi/14.3.1/thumb/v7e-m+fp/hard/crtbegin.o

.data           0x20000000     0x1108 load address 0x080091e0
                0x20000000                        . = ALIGN (0x4)
                0x20000000                        _sdata = .
 *(.data)
 *(.data*)
 .data.mario_notes
                0x20000000       0xbc ./Core/Src/Notes.o
                0x20000000                mario_notes
 .data.mario_duration
                0x200000bc       0x5e ./Core/Src/Notes.o
                0x200000bc                mario_duration
 .data.mario_size
                0x2000011a        0x2 ./Core/Src/Notes.o
                0x2000011a                mario_size
 .data.labrynth_crystal_notes
                0x2000011c      0x1d0 ./Core/Src/Notes.o
                0x2000011c                labrynth_crystal_notes
 .data.labrynth_crystal_duration
                0x200002ec       0xf0 ./Core/Src/Notes.o
                0x200002ec                labrynth_crystal_duration
 .data.labrynth_crystal_size
                0x200003dc        0x2 ./Core/Src/Notes.o
                0x200003dc                labrynth_crystal_size
 *fill*         0x200003de        0x2 
 .data.Ganyu_notes
                0x200003e0       0x30 ./Core/Src/Notes.o
                0x200003e0                Ganyu_notes
 .data.Ganyu_duration
                0x20000410       0x18 ./Core/Src/Notes.o
                0x20000410                Ganyu_duration
 .data.Ganyu_size
                0x20000428        0x2 ./Core/Src/Notes.o
                0x20000428                Ganyu_size
 *fill*         0x2000042a        0x2 
 .data.LOTR_notes
                0x2000042c       0x60 ./Core/Src/Notes.o
                0x2000042c                LOTR_notes
 .data.LOTR_duration
                0x2000048c       0x30 ./Core/Src/Notes.o
                0x2000048c                LOTR_duration
 .data.LOTR_size
                0x200004bc        0x2 ./Core/Src/Notes.o
                0x200004bc                LOTR_size
 *fill*         0x200004be        0x2 
 .data.Jurassic_notes
                0x200004c0       0x60 ./Core/Src/Notes.o
                0x200004c0                Jurassic_notes
 .data.Jurassic_duration
                0x20000520       0x30 ./Core/Src/Notes.o
                0x20000520                Jurassic_duration
 .data.Jurassic_size
                0x20000550        0x2 ./Core/Src/Notes.o
                0x20000550                Jurassic_size
 *fill*         0x20000552        0x2 
 .data.Final_Battle_2_notes
                0x20000554      0x440 ./Core/Src/Notes.o
                0x20000554                Final_Battle_2_notes
 .data.Final_Battle_2_duration
                0x20000994      0x220 ./Core/Src/Notes.o
                0x20000994                Final_Battle_2_duration
 .data.Final_Battle_2_size
                0x20000bb4        0x2 ./Core/Src/Notes.o
                0x20000bb4                Final_Battle_2_size
 *fill*         0x20000bb6        0x2 
 .data.Overworld_1_notes
                0x20000bb8      0x1d0 ./Core/Src/Notes.o
                0x20000bb8                Overworld_1_notes
 .data.Overworld_1_duration
                0x20000d88       0xf0 ./Core/Src/Notes.o
                0x20000d88                Overworld_1_duration
 .data.Overworld_1_size
                0x20000e78        0x2 ./Core/Src/Notes.o
                0x20000e78                Overworld_1_size
 *fill*         0x20000e7a        0x2 
 .data.Fantasmic_notes
                0x20000e7c       0x40 ./Core/Src/Notes.o
                0x20000e7c                Fantasmic_notes
 .data.Fantasmic_duration
                0x20000ebc       0x20 ./Core/Src/Notes.o
                0x20000ebc                Fantasmic_duration
 .data.Fantasmic_size
                0x20000edc        0x2 ./Core/Src/Notes.o
                0x20000edc                Fantasmic_size
 *fill*         0x20000ede        0x2 
 .data.Electrical_notes
                0x20000ee0       0x40 ./Core/Src/Notes.o
                0x20000ee0                Electrical_notes
 .data.Electrical_duration
                0x20000f20       0x20 ./Core/Src/Notes.o
                0x20000f20                Electrical_duration
 .data.Electrical_size
                0x20000f40        0x2 ./Core/Src/Notes.o
                0x20000f40                Electrical_size
 *fill*         0x20000f42        0x2 
 .data.DuelFates_notes
                0x20000f44       0xe4 ./Core/Src/Notes.o
                0x20000f44                DuelFates_notes
 .data.DuelFates_duration
                0x20001028       0x72 ./Core/Src/Notes.o
                0x20001028                DuelFates_duration
 .data.DuelFates_size
                0x2000109a        0x2 ./Core/Src/Notes.o
                0x2000109a                DuelFates_size
 .data.nivelR   0x2000109c        0x1 ./Core/Src/main.o
                0x2000109c                nivelR
 .data.nivelAnterior
                0x2000109d        0x1 ./Core/Src/main.o
                0x2000109d                nivelAnterior
 .data.eventR   0x2000109e        0x1 ./Core/Src/main.o
                0x2000109e                eventR
 .data.skinR    0x2000109f        0x1 ./Core/Src/main.o
                0x2000109f                skinR
 .data.SystemCoreClock
                0x200010a0        0x4 ./Core/Src/system_stm32f4xx.o
                0x200010a0                SystemCoreClock
 .data.uwTickPrio
                0x200010a4        0x4 ./Drivers/STM32F4xx_HAL_Driver/Src/stm32f4xx_hal.o
                0x200010a4                uwTickPrio
 .data.uwTickFreq
                0x200010a8        0x1 ./Drivers/STM32F4xx_HAL_Driver/Src/stm32f4xx_hal.o
                0x200010a8                uwTickFreq
 *fill*         0x200010a9        0x3 
 .data.__sglue  0x200010ac        0xc C:/Users/juana/Documents/STM32CubeIDE_2.1.0/STM32CubeIDE/plugins/com.st.stm32cube.ide.mcu.externaltools.gnu-tools-for-stm32.14.3.rel1.win32_1.0.100.202602081740/tools/bin/../lib/gcc/arm-none-eabi/14.3.1/../../../../arm-none-eabi/lib/thumb/v7e-m+fp/hard\libc_nano.a(libc_a-findfp.o)
                0x200010ac                __sglue
 .data._impure_ptr
                0x200010b8        0x4 C:/Users/juana/Documents/STM32CubeIDE_2.1.0/STM32CubeIDE/plugins/com.st.stm32cube.ide.mcu.externaltools.gnu-tools-for-stm32.14.3.rel1.win32_1.0.100.202602081740/tools/bin/../lib/gcc/arm-none-eabi/14.3.1/../../../../arm-none-eabi/lib/thumb/v7e-m+fp/hard\libc_nano.a(libc_a-impure.o)
                0x200010b8                _impure_ptr
 .data._impure_data
                0x200010bc       0x4c C:/Users/juana/Documents/STM32CubeIDE_2.1.0/STM32CubeIDE/plugins/com.st.stm32cube.ide.mcu.externaltools.gnu-tools-for-stm32.14.3.rel1.win32_1.0.100.202602081740/tools/bin/../lib/gcc/arm-none-eabi/14.3.1/../../../../arm-none-eabi/lib/thumb/v7e-m+fp/hard\libc_nano.a(libc_a-impure.o)
                0x200010bc                _impure_data
 *(.RamFunc)
 *(.RamFunc*)
                0x20001108                        . = ALIGN (0x4)
                0x20001108                        _edata = .

.igot.plt       0x20001108        0x0 load address 0x0800a2e8
 .igot.plt      0x20001108        0x0 C:/Users/juana/Documents/STM32CubeIDE_2.1.0/STM32CubeIDE/plugins/com.st.stm32cube.ide.mcu.externaltools.gnu-tools-for-stm32.14.3.rel1.win32_1.0.100.202602081740/tools/bin/../lib/gcc/arm-none-eabi/14.3.1/thumb/v7e-m+fp/hard/crtbegin.o
                0x20001108                        . = ALIGN (0x4)

.bss            0x20001108      0x92c load address 0x0800a2e8
                0x20001108                        _sbss = .
                0x20001108                        __bss_start__ = _sbss
 *(.bss)
 .bss           0x20001108       0x1c C:/Users/juana/Documents/STM32CubeIDE_2.1.0/STM32CubeIDE/plugins/com.st.stm32cube.ide.mcu.externaltools.gnu-tools-for-stm32.14.3.rel1.win32_1.0.100.202602081740/tools/bin/../lib/gcc/arm-none-eabi/14.3.1/thumb/v7e-m+fp/hard/crtbegin.o
 *(.bss*)
 .bss.hdac      0x20001124       0x14 ./Core/Src/main.o
                0x20001124                hdac
 .bss.hdma_dac1
                0x20001138       0x60 ./Core/Src/main.o
                0x20001138                hdma_dac1
 .bss.hdma_dac2
                0x20001198       0x60 ./Core/Src/main.o
                0x20001198                hdma_dac2
 .bss.htim2     0x200011f8       0x48 ./Core/Src/main.o
                0x200011f8                htim2
 .bss.htim6     0x20001240       0x48 ./Core/Src/main.o
                0x20001240                htim6
 .bss.htim7     0x20001288       0x48 ./Core/Src/main.o
                0x20001288                htim7
 .bss.huart1    0x200012d0       0x48 ./Core/Src/main.o
                0x200012d0                huart1
 .bss.huart2    0x20001318       0x48 ./Core/Src/main.o
                0x20001318                huart2
 .bss.huart3    0x20001360       0x48 ./Core/Src/main.o
                0x20001360                huart3
 .bss.rxByte1   0x200013a8        0x1 ./Core/Src/main.o
                0x200013a8                rxByte1
 .bss.rxIndex1  0x200013a9        0x1 ./Core/Src/main.o
                0x200013a9                rxIndex1
 *fill*         0x200013aa        0x2 
 .bss.buffer1   0x200013ac       0x14 ./Core/Src/main.o
                0x200013ac                buffer1
 .bss.moveR     0x200013c0        0x1 ./Core/Src/main.o
                0x200013c0                moveR
 .bss.newSonicData
                0x200013c1        0x1 ./Core/Src/main.o
                0x200013c1                newSonicData
 *fill*         0x200013c2        0x2 
 .bss.Ysine     0x200013c4      0x200 ./Core/Src/main.o
                0x200013c4                Ysine
 .bss.Ysilencio
                0x200015c4      0x200 ./Core/Src/main.o
                0x200015c4                Ysilencio
 .bss.Ynoise    0x200017c4      0x100 ./Core/Src/main.o
                0x200017c4                Ynoise
 .bss.song_notes
                0x200018c4        0x4 ./Core/Src/main.o
                0x200018c4                song_notes
 .bss.song_duration
                0x200018c8        0x4 ./Core/Src/main.o
                0x200018c8                song_duration
 .bss.song_size
                0x200018cc        0x2 ./Core/Src/main.o
                0x200018cc                song_size
 .bss.song_index
                0x200018ce        0x2 ./Core/Src/main.o
                0x200018ce                song_index
 .bss.note_tick
                0x200018d0        0x4 ./Core/Src/main.o
                0x200018d0                note_tick
 .bss.note_ticks_on
                0x200018d4        0x4 ./Core/Src/main.o
                0x200018d4                note_ticks_on
 .bss.note_ticks_off
                0x200018d8        0x4 ./Core/Src/main.o
                0x200018d8                note_ticks_off
 .bss.note_phase
                0x200018dc        0x1 ./Core/Src/main.o
                0x200018dc                note_phase
 .bss.song_playing
                0x200018dd        0x1 ./Core/Src/main.o
                0x200018dd                song_playing
 .bss.song_slot
                0x200018de        0x1 ./Core/Src/main.o
                0x200018de                song_slot
 *fill*         0x200018df        0x1 
 .bss.__sbrk_heap_end
                0x200018e0        0x4 ./Core/Src/sysmem.o
 .bss.uwTick    0x200018e4        0x4 ./Drivers/STM32F4xx_HAL_Driver/Src/stm32f4xx_hal.o
                0x200018e4                uwTick
 .bss.__sf      0x200018e8      0x138 C:/Users/juana/Documents/STM32CubeIDE_2.1.0/STM32CubeIDE/plugins/com.st.stm32cube.ide.mcu.externaltools.gnu-tools-for-stm32.14.3.rel1.win32_1.0.100.202602081740/tools/bin/../lib/gcc/arm-none-eabi/14.3.1/../../../../arm-none-eabi/lib/thumb/v7e-m+fp/hard\libc_nano.a(libc_a-findfp.o)
                0x200018e8                __sf
 .bss.__stdio_exit_handler
                0x20001a20        0x4 C:/Users/juana/Documents/STM32CubeIDE_2.1.0/STM32CubeIDE/plugins/com.st.stm32cube.ide.mcu.externaltools.gnu-tools-for-stm32.14.3.rel1.win32_1.0.100.202602081740/tools/bin/../lib/gcc/arm-none-eabi/14.3.1/../../../../arm-none-eabi/lib/thumb/v7e-m+fp/hard\libc_nano.a(libc_a-findfp.o)
                0x20001a20                __stdio_exit_handler
 .bss.errno     0x20001a24        0x4 C:/Users/juana/Documents/STM32CubeIDE_2.1.0/STM32CubeIDE/plugins/com.st.stm32cube.ide.mcu.externaltools.gnu-tools-for-stm32.14.3.rel1.win32_1.0.100.202602081740/tools/bin/../lib/gcc/arm-none-eabi/14.3.1/../../../../arm-none-eabi/lib/thumb/v7e-m+fp/hard\libc_nano.a(libc_a-reent.o)
                0x20001a24                errno
 .bss.__lock___malloc_recursive_mutex
                0x20001a28        0x1 C:/Users/juana/Documents/STM32CubeIDE_2.1.0/STM32CubeIDE/plugins/com.st.stm32cube.ide.mcu.externaltools.gnu-tools-for-stm32.14.3.rel1.win32_1.0.100.202602081740/tools/bin/../lib/gcc/arm-none-eabi/14.3.1/../../../../arm-none-eabi/lib/thumb/v7e-m+fp/hard\libc_nano.a(libc_a-lock.o)
                0x20001a28                __lock___malloc_recursive_mutex
 .bss.__lock___sfp_recursive_mutex
                0x20001a29        0x1 C:/Users/juana/Documents/STM32CubeIDE_2.1.0/STM32CubeIDE/plugins/com.st.stm32cube.ide.mcu.externaltools.gnu-tools-for-stm32.14.3.rel1.win32_1.0.100.202602081740/tools/bin/../lib/gcc/arm-none-eabi/14.3.1/../../../../arm-none-eabi/lib/thumb/v7e-m+fp/hard\libc_nano.a(libc_a-lock.o)
                0x20001a29                __lock___sfp_recursive_mutex
 *fill*         0x20001a2a        0x2 
 .bss.__malloc_sbrk_start
                0x20001a2c        0x4 C:/Users/juana/Documents/STM32CubeIDE_2.1.0/STM32CubeIDE/plugins/com.st.stm32cube.ide.mcu.externaltools.gnu-tools-for-stm32.14.3.rel1.win32_1.0.100.202602081740/tools/bin/../lib/gcc/arm-none-eabi/14.3.1/../../../../arm-none-eabi/lib/thumb/v7e-m+fp/hard\libc_nano.a(libc_a-mallocr.o)
                0x20001a2c                __malloc_sbrk_start
 .bss.__malloc_free_list
                0x20001a30        0x4 C:/Users/juana/Documents/STM32CubeIDE_2.1.0/STM32CubeIDE/plugins/com.st.stm32cube.ide.mcu.externaltools.gnu-tools-for-stm32.14.3.rel1.win32_1.0.100.202602081740/tools/bin/../lib/gcc/arm-none-eabi/14.3.1/../../../../arm-none-eabi/lib/thumb/v7e-m+fp/hard\libc_nano.a(libc_a-mallocr.o)
                0x20001a30                __malloc_free_list
 *(COMMON)
                0x20001a34                        . = ALIGN (0x4)
                0x20001a34                        _ebss = .
                0x20001a34                        __bss_end__ = _ebss

._user_heap_stack
                0x20001a34      0x604 load address 0x0800a2e8
                0x20001a38                        . = ALIGN (0x8)
 *fill*         0x20001a34        0x4 
                [!provide]                        PROVIDE (end = .)
                0x20001a38                        PROVIDE (_end = .)
                0x20001c38                        . = (. + _Min_Heap_Size)
 *fill*         0x20001a38      0x200 
                0x20002038                        . = (. + _Min_Stack_Size)
 *fill*         0x20001c38      0x400 
                0x20002038                        . = ALIGN (0x8)

/DISCARD/
 libc.a(*)
 libm.a(*)
 libgcc.a(*)

.ARM.attributes
                0x00000000       0x30
 *(.ARM.attributes)
 .ARM.attributes
                0x00000000       0x22 C:/Users/juana/Documents/STM32CubeIDE_2.1.0/STM32CubeIDE/plugins/com.st.stm32cube.ide.mcu.externaltools.gnu-tools-for-stm32.14.3.rel1.win32_1.0.100.202602081740/tools/bin/../lib/gcc/arm-none-eabi/14.3.1/thumb/v7e-m+fp/hard/crti.o
 .ARM.attributes
                0x00000022       0x34 C:/Users/juana/Documents/STM32CubeIDE_2.1.0/STM32CubeIDE/plugins/com.st.stm32cube.ide.mcu.externaltools.gnu-tools-for-stm32.14.3.rel1.win32_1.0.100.202602081740/tools/bin/../lib/gcc/arm-none-eabi/14.3.1/thumb/v7e-m+fp/hard/crtbegin.o
 .ARM.attributes
                0x00000056       0x34 ./Core/Src/Notes.o
 .ARM.attributes
                0x0000008a       0x34 ./Core/Src/main.o
 .ARM.attributes
                0x000000be       0x34 ./Core/Src/stm32f4xx_hal_msp.o
 .ARM.attributes
                0x000000f2       0x34 ./Core/Src/stm32f4xx_it.o
 .ARM.attributes
                0x00000126       0x34 ./Core/Src/syscalls.o
 .ARM.attributes
                0x0000015a       0x34 ./Core/Src/sysmem.o
 .ARM.attributes
                0x0000018e       0x34 ./Core/Src/system_stm32f4xx.o
 .ARM.attributes
                0x000001c2       0x21 ./Core/Startup/startup_stm32f446retx.o
 .ARM.attributes
                0x000001e3       0x34 ./Drivers/STM32F4xx_HAL_Driver/Src/stm32f4xx_hal.o
 .ARM.attributes
                0x00000217       0x34 ./Drivers/STM32F4xx_HAL_Driver/Src/stm32f4xx_hal_cortex.o
 .ARM.attributes
                0x0000024b       0x34 ./Drivers/STM32F4xx_HAL_Driver/Src/stm32f4xx_hal_dac.o
 .ARM.attributes
                0x0000027f       0x34 ./Drivers/STM32F4xx_HAL_Driver/Src/stm32f4xx_hal_dac_ex.o
 .ARM.attributes
                0x000002b3       0x34 ./Drivers/STM32F4xx_HAL_Driver/Src/stm32f4xx_hal_dma.o
 .ARM.attributes
                0x000002e7       0x34 ./Drivers/STM32F4xx_HAL_Driver/Src/stm32f4xx_hal_gpio.o
 .ARM.attributes
                0x0000031b       0x34 ./Drivers/STM32F4xx_HAL_Driver/Src/stm32f4xx_hal_rcc.o
 .ARM.attributes
                0x0000034f       0x34 ./Drivers/STM32F4xx_HAL_Driver/Src/stm32f4xx_hal_rcc_ex.o
 .ARM.attributes
                0x00000383       0x34 ./Drivers/STM32F4xx_HAL_Driver/Src/stm32f4xx_hal_tim.o
 .ARM.attributes