21:06:24 **** Incremental Build of configuration Debug for project ADC_TIMER_UART ****
make -j12 all 
arm-none-eabi-gcc "../Core/Src/main.c" -mcpu=cortex-m4 -std=gnu11 -g3 -DDEBUG -DUSE_HAL_DRIVER -DSTM32F446xx -c -I../Core/Inc -I../Drivers/STM32F4xx_HAL_Driver/Inc -I../Drivers/STM32F4xx_HAL_Driver/Inc/Legacy -I../Drivers/CMSIS/Device/ST/STM32F4xx/Include -I../Drivers/CMSIS/Include -O0 -ffunction-sections -fdata-sections -Wall -fstack-usage -fcyclomatic-complexity -MMD -MP -MF"Core/Src/main.d" -MT"Core/Src/main.o" --specs=nano.specs -mfpu=fpv4-sp-d16 -mfloat-abi=hard -mthumb -o "Core/Src/main.o"
arm-none-eabi-gcc -o "ADC_TIMER_UART.elf" @"objects.list"   -mcpu=cortex-m4 -T"C:\Users\juana\OneDrive\Documentos\GitHub\Digital_2\ModuloSTM32\ADC_TIMER_UART\STM32F446RETX_FLASH.ld" --specs=nosys.specs -Wl,-Map="ADC_TIMER_UART.map" -Wl,--gc-sections -static --specs=nano.specs -mfpu=fpv4-sp-d16 -mfloat-abi=hard -mthumb -u _printf_float -u _scanf_float -Wl,--start-group -lc -lm -Wl,--end-group
Finished building target: ADC_TIMER_UART.elf
 
arm-none-eabi-size  ADC_TIMER_UART.elf 
arm-none-eabi-objdump -h -S ADC_TIMER_UART.elf  > "ADC_TIMER_UART.list"
   text	   data	    bss	    dec	    hex	filename
  39888	    472	   2208	  42568	   a648	ADC_TIMER_UART.elf
Finished building: default.size.stdout
 
Finished building: ADC_TIMER_UART.list
 

21:06:25 Build Finished. 0 errors, 0 warnings. (took 1s.690ms)

