20:52:48 **** Incremental Build of configuration Debug for project LAB5 ****
make -j12 all 
arm-none-eabi-gcc "../Core/Src/main.c" -mcpu=cortex-m4 -std=gnu11 -g3 -DDEBUG -DUSE_HAL_DRIVER -DSTM32F401xE -c -I../Core/Inc -I../Drivers/STM32F4xx_HAL_Driver/Inc -I../Drivers/STM32F4xx_HAL_Driver/Inc/Legacy -I../Drivers/CMSIS/Device/ST/STM32F4xx/Include -I../Drivers/CMSIS/Include -O0 -ffunction-sections -fdata-sections -Wall -fstack-usage -fcyclomatic-complexity -MMD -MP -MF"Core/Src/main.d" -MT"Core/Src/main.o" --specs=nano.specs -mfpu=fpv4-sp-d16 -mfloat-abi=hard -mthumb -o "Core/Src/main.o"
arm-none-eabi-gcc -o "LAB5.elf" @"objects.list"   -mcpu=cortex-m4 -T"C:\Users\juana\OneDrive\Documentos\UVG\7moSemestre\digitalII\ModuloSTM32\Laboratorios\LAB2\LAB5\STM32F401RETX_FLASH.ld" --specs=nosys.specs -Wl,-Map="LAB5.map" -Wl,--gc-sections -static --specs=nano.specs -mfpu=fpv4-sp-d16 -mfloat-abi=hard -mthumb -Wl,--start-group -lc -lm -Wl,--end-group
Finished building target: LAB5.elf
 
arm-none-eabi-size  LAB5.elf 
arm-none-eabi-objdump -h -S LAB5.elf  > "LAB5.list"
   text	   data	    bss	    dec	    hex	filename
  16468	     92	   2068	  18628	   48c4	LAB5.elf
Finished building: default.size.stdout
 
Finished building: LAB5.list
 
20:56:23 **** Incremental Build of configuration Debug for project LAB5 ****
make -j12 all 
arm-none-eabi-size  LAB5.elf 
   text	   data	    bss	    dec	    hex	filename
  16468	     92	   2068	  18628	   48c4	LAB5.elf
Finished building: default.size.stdout
 
20:56:26 **** Incremental Build of configuration Debug for project LAB5 ****
make -j12 all 
arm-none-eabi-size  LAB5.elf 
   text	   data	    bss	    dec	    hex	filename
  16468	     92	   2068	  18628	   48c4	LAB5.elf
Finished building: default.size.stdout
 
21:00:47 **** Incremental Build of configuration Debug for project LAB5 ****
make -j12 all 
arm-none-eabi-gcc "../Core/Src/main.c" -mcpu=cortex-m4 -std=gnu11 -g3 -DDEBUG -DUSE_HAL_DRIVER -DSTM32F401xE -c -I../Core/Inc -I../Drivers/STM32F4xx_HAL_Driver/Inc -I../Drivers/STM32F4xx_HAL_Driver/Inc/Legacy -I../Drivers/CMSIS/Device/ST/STM32F4xx/Include -I../Drivers/CMSIS/Include -O0 -ffunction-sections -fdata-sections -Wall -fstack-usage -fcyclomatic-complexity -MMD -MP -MF"Core/Src/main.d" -MT"Core/Src/main.o" --specs=nano.specs -mfpu=fpv4-sp-d16 -mfloat-abi=hard -mthumb -o "Core/Src/main.o"
arm-none-eabi-gcc -o "LAB5.elf" @"objects.list"   -mcpu=cortex-m4 -T"C:\Users\juana\OneDrive\Documentos\UVG\7moSemestre\digitalII\ModuloSTM32\Laboratorios\LAB2\LAB5\STM32F401RETX_FLASH.ld" --specs=nosys.specs -Wl,-Map="LAB5.map" -Wl,--gc-sections -static --specs=nano.specs -mfpu=fpv4-sp-d16 -mfloat-abi=hard -mthumb -Wl,--start-group -lc -lm -Wl,--end-group
Finished building target: LAB5.elf
 
arm-none-eabi-size  LAB5.elf 
arm-none-eabi-objdump -h -S LAB5.elf  > "LAB5.list"
   text	   data	    bss	    dec	    hex	filename
  16532	     92	   2068	  18692	   4904	LAB5.elf
Finished building: default.size.stdout
 
Finished building: LAB5.list
 
21:00:49 **** Incremental Build of configuration Debug for project LAB5 ****
make -j12 all 
arm-none-eabi-size  LAB5.elf 
   text	   data	    bss	    dec	    hex	filename
  16532	     92	   2068	  18692	   4904	LAB5.elf
Finished building: default.size.stdout
 
21:03:31 **** Incremental Build of configuration Debug for project LAB5 ****
make -j12 all 
arm-none-eabi-gcc "../Core/Src/main.c" -mcpu=cortex-m4 -std=gnu11 -g3 -DDEBUG -DUSE_HAL_DRIVER -DSTM32F401xE -c -I../Core/Inc -I../Drivers/STM32F4xx_HAL_Driver/Inc -I../Drivers/STM32F4xx_HAL_Driver/Inc/Legacy -I../Drivers/CMSIS/Device/ST/STM32F4xx/Include -I../Drivers/CMSIS/Include -O0 -ffunction-sections -fdata-sections -Wall -fstack-usage -fcyclomatic-complexity -MMD -MP -MF"Core/Src/main.d" -MT"Core/Src/main.o" --specs=nano.specs -mfpu=fpv4-sp-d16 -mfloat-abi=hard -mthumb -o "Core/Src/main.o"
arm-none-eabi-gcc -o "LAB5.elf" @"objects.list"   -mcpu=cortex-m4 -T"C:\Users\juana\OneDrive\Documentos\UVG\7moSemestre\digitalII\ModuloSTM32\Laboratorios\LAB2\LAB5\STM32F401RETX_FLASH.ld" --specs=nosys.specs -Wl,-Map="LAB5.map" -Wl,--gc-sections -static --specs=nano.specs -mfpu=fpv4-sp-d16 -mfloat-abi=hard -mthumb -Wl,--start-group -lc -lm -Wl,--end-group
Finished building target: LAB5.elf
 
arm-none-eabi-size  LAB5.elf 
arm-none-eabi-objdump -h -S LAB5.elf  > "LAB5.list"
   text	   data	    bss	    dec	    hex	filename
  15628	     92	   2068	  17788	   457c	LAB5.elf
Finished building: default.size.stdout
 
Finished building: LAB5.list
 
21:03:38 **** Incremental Build of configuration Debug for project LAB5 ****
make -j12 all 
arm-none-eabi-size  LAB5.elf 
   text	   data	    bss	    dec	    hex	filename
  15628	     92	   2068	  17788	   457c	LAB5.elf
Finished building: default.size.stdout
 
13:03:15 **** Incremental Build of configuration Debug for project LAB5 ****
make -j12 all 
arm-none-eabi-gcc "../Core/Src/main.c" -mcpu=cortex-m4 -std=gnu11 -g3 -DDEBUG -DUSE_HAL_DRIVER -DSTM32F401xE -c -I../Core/Inc -I../Drivers/STM32F4xx_HAL_Driver/Inc -I../Drivers/STM32F4xx_HAL_Driver/Inc/Legacy -I../Drivers/CMSIS/Device/ST/STM32F4xx/Include -I../Drivers/CMSIS/Include -O0 -ffunction-sections -fdata-sections -Wall -fstack-usage -fcyclomatic-complexity -MMD -MP -MF"Core/Src/main.d" -MT"Core/Src/main.o" --specs=nano.specs -mfpu=fpv4-sp-d16 -mfloat-abi=hard -mthumb -o "Core/Src/main.o"
arm-none-eabi-gcc "../Core/Src/stm32f4xx_hal_msp.c" -mcpu=cortex-m4 -std=gnu11 -g3 -DDEBUG -DUSE_HAL_DRIVER -DSTM32F401xE -c -I../Core/Inc -I../Drivers/STM32F4xx_HAL_Driver/Inc -I../Drivers/STM32F4xx_HAL_Driver/Inc/Legacy -I../Drivers/CMSIS/Device/ST/STM32F4xx/Include -I../Drivers/CMSIS/Include -O0 -ffunction-sections -fdata-sections -Wall -fstack-usage -fcyclomatic-complexity -MMD -MP -MF"Core/Src/stm32f4xx_hal_msp.d" -MT"Core/Src/stm32f4xx_hal_msp.o" --specs=nano.specs -mfpu=fpv4-sp-d16 -mfloat-abi=hard -mthumb -o "Core/Src/stm32f4xx_hal_msp.o"
arm-none-eabi-gcc "../Core/Src/stm32f4xx_it.c" -mcpu=cortex-m4 -std=gnu11 -g3 -DDEBUG -DUSE_HAL_DRIVER -DSTM32F401xE -c -I../Core/Inc -I../Drivers/STM32F4xx_HAL_Driver/Inc -I../Drivers/STM32F4xx_HAL_Driver/Inc/Legacy -I../Drivers/CMSIS/Device/ST/STM32F4xx/Include -I../Drivers/CMSIS/Include -O0 -ffunction-sections -fdata-sections -Wall -fstack-usage -fcyclomatic-complexity -MMD -MP -MF"Core/Src/stm32f4xx_it.d" -MT"Core/Src/stm32f4xx_it.o" --specs=nano.specs -mfpu=fpv4-sp-d16 -mfloat-abi=hard -mthumb -o "Core/Src/stm32f4xx_it.o"
arm-none-eabi-gcc -o "LAB5.elf" @"objects.list"   -mcpu=cortex-m4 -T"C:\Users\juana\OneDrive\Documentos\UVG\7moSemestre\digitalII\ModuloSTM32\Laboratorios\LAB2\LAB5\STM32F401RETX_FLASH.ld" --specs=nosys.specs -Wl,-Map="LAB5.map" -Wl,--gc-sections -static --specs=nano.specs -mfpu=fpv4-sp-d16 -mfloat-abi=hard -mthumb -Wl,--start-group -lc -lm -Wl,--end-group
Finished building target: LAB5.elf
 
arm-none-eabi-size  LAB5.elf 
arm-none-eabi-objdump -h -S LAB5.elf  > "LAB5.list"
   text	   data	    bss	    dec	    hex	filename
  18136	     92	   2212	  20440	   4fd8	LAB5.elf
Finished building: default.size.stdout
 
Finished building: LAB5.list
 
13:08:48 **** Incremental Build of configuration Debug for project LAB5 ****
make -j12 all 
arm-none-eabi-size  LAB5.elf 
   text	   data	    bss	    dec	    hex	filename
  18136	     92	   2212	  20440	   4fd8	LAB5.elf
Finished building: default.size.stdout
 
13:09:00 **** Incremental Build of configuration Debug for project LAB5 ****
make -j12 all 
arm-none-eabi-size  LAB5.elf 
   text	   data	    bss	    dec	    hex	filename
  18136	     92	   2212	  20440	   4fd8	LAB5.elf
Finished building: default.size.stdout
 
13:12:11 **** Incremental Build of configuration Debug for project LAB5 ****
make -j12 all 
arm-none-eabi-gcc "../Core/Src/main.c" -mcpu=cortex-m4 -std=gnu11 -g3 -DDEBUG -DUSE_HAL_DRIVER -DSTM32F401xE -c -I../Core/Inc -I../Drivers/STM32F4xx_HAL_Driver/Inc -I../Drivers/STM32F4xx_HAL_Driver/Inc/Legacy -I../Drivers/CMSIS/Device/ST/STM32F4xx/Include -I../Drivers/CMSIS/Include -O0 -ffunction-sections -fdata-sections -Wall -fstack-usage -fcyclomatic-complexity -MMD -MP -MF"Core/Src/main.d" -MT"Core/Src/main.o" --specs=nano.specs -mfpu=fpv4-sp-d16 -mfloat-abi=hard -mthumb -o "Core/Src/main.o"
arm-none-eabi-gcc -o "LAB5.elf" @"objects.list"   -mcpu=cortex-m4 -T"C:\Users\juana\OneDrive\Documentos\UVG\7moSemestre\digitalII\ModuloSTM32\Laboratorios\LAB2\LAB5\STM32F401RETX_FLASH.ld" --specs=nosys.specs -Wl,-Map="LAB5.map" -Wl,--gc-sections -static --specs=nano.specs -mfpu=fpv4-sp-d16 -mfloat-abi=hard -mthumb -Wl,--start-group -lc -lm -Wl,--end-group
Finished building target: LAB5.elf
 
arm-none-eabi-size  LAB5.elf 
arm-none-eabi-objdump -h -S LAB5.elf  > "LAB5.list"
   text	   data	    bss	    dec	    hex	filename
  18136	     92	   2212	  20440	   4fd8	LAB5.elf
Finished building: default.size.stdout
 
Finished building: LAB5.list
 
13:12:14 **** Incremental Build of configuration Debug for project LAB5 ****
make -j12 all 
arm-none-eabi-size  LAB5.elf 
   text	   data	    bss	    dec	    hex	filename
  18136	     92	   2212	  20440	   4fd8	LAB5.elf
Finished building: default.size.stdout
 
13:13:31 **** Incremental Build of configuration Debug for project LAB5 ****
make -j12 all 
arm-none-eabi-size  LAB5.elf 
   text	   data	    bss	    dec	    hex	filename
  18136	     92	   2212	  20440	   4fd8	LAB5.elf
Finished building: default.size.stdout
 
13:15:52 **** Incremental Build of configuration Debug for project LAB5 ****
make -j12 all 
arm-none-eabi-gcc "../Core/Src/main.c" -mcpu=cortex-m4 -std=gnu11 -g3 -DDEBUG -DUSE_HAL_DRIVER -DSTM32F401xE -c -I../Core/Inc -I../Drivers/STM32F4xx_HAL_Driver/Inc -I../Drivers/STM32F4xx_HAL_Driver/Inc/Legacy -I../Drivers/CMSIS/Device/ST/STM32F4xx/Include -I../Drivers/CMSIS/Include -O0 -ffunction-sections -fdata-sections -Wall -fstack-usage -fcyclomatic-complexity -MMD -MP -MF"Core/Src/main.d" -MT"Core/Src/main.o" --specs=nano.specs -mfpu=fpv4-sp-d16 -mfloat-abi=hard -mthumb -o "Core/Src/main.o"
arm-none-eabi-gcc -o "LAB5.elf" @"objects.list"   -mcpu=cortex-m4 -T"C:\Users\juana\OneDrive\Documentos\UVG\7moSemestre\digitalII\ModuloSTM32\Laboratorios\LAB2\LAB5\STM32F401RETX_FLASH.ld" --specs=nosys.specs -Wl,-Map="LAB5.map" -Wl,--gc-sections -static --specs=nano.specs -mfpu=fpv4-sp-d16 -mfloat-abi=hard -mthumb -Wl,--start-group -lc -lm -Wl,--end-group
Finished building target: LAB5.elf
 
arm-none-eabi-size  LAB5.elf 
arm-none-eabi-objdump -h -S LAB5.elf  > "LAB5.list"
   text	   data	    bss	    dec	    hex	filename
  18136	     92	   2212	  20440	   4fd8	LAB5.elf
Finished building: default.size.stdout
 
Finished building: LAB5.list
 
13:16:36 **** Incremental Build of configuration Debug for project LAB5 ****
make -j12 all 
arm-none-eabi-gcc "../Core/Src/main.c" -mcpu=cortex-m4 -std=gnu11 -g3 -DDEBUG -DUSE_HAL_DRIVER -DSTM32F401xE -c -I../Core/Inc -I../Drivers/STM32F4xx_HAL_Driver/Inc -I../Drivers/STM32F4xx_HAL_Driver/Inc/Legacy -I../Drivers/CMSIS/Device/ST/STM32F4xx/Include -I../Drivers/CMSIS/Include -O0 -ffunction-sections -fdata-sections -Wall -fstack-usage -fcyclomatic-complexity -MMD -MP -MF"Core/Src/main.d" -MT"Core/Src/main.o" --specs=nano.specs -mfpu=fpv4-sp-d16 -mfloat-abi=hard -mthumb -o "Core/Src/main.o"
arm-none-eabi-gcc -o "LAB5.elf" @"objects.list"   -mcpu=cortex-m4 -T"C:\Users\juana\OneDrive\Documentos\UVG\7moSemestre\digitalII\ModuloSTM32\Laboratorios\LAB2\LAB5\STM32F401RETX_FLASH.ld" --specs=nosys.specs -Wl,-Map="LAB5.map" -Wl,--gc-sections -static --specs=nano.specs -mfpu=fpv4-sp-d16 -mfloat-abi=hard -mthumb -Wl,--start-group -lc -lm -Wl,--end-group
Finished building target: LAB5.elf
 
arm-none-eabi-size  LAB5.elf 
arm-none-eabi-objdump -h -S LAB5.elf  > "LAB5.list"
   text	   data	    bss	    dec	    hex	filename
  18136	     92	   2212	  20440	   4fd8	LAB5.elf
Finished building: default.size.stdout
 
Finished building: LAB5.list
 
13:16:47 **** Incremental Build of configuration Debug for project LAB5 ****
make -j12 all 
arm-none-eabi-size  LAB5.elf 
   text	   data	    bss	    dec	    hex	filename
  18136	     92	   2212	  20440	   4fd8	LAB5.elf
Finished building: default.size.stdout
 
13:19:19 **** Incremental Build of configuration Debug for project LAB5 ****
make -j12 all 
arm-none-eabi-gcc "../Core/Src/main.c" -mcpu=cortex-m4 -std=gnu11 -g3 -DDEBUG -DUSE_HAL_DRIVER -DSTM32F401xE -c -I../Core/Inc -I../Drivers/STM32F4xx_HAL_Driver/Inc -I../Drivers/STM32F4xx_HAL_Driver/Inc/Legacy -I../Drivers/CMSIS/Device/ST/STM32F4xx/Include -I../Drivers/CMSIS/Include -O0 -ffunction-sections -fdata-sections -Wall -fstack-usage -fcyclomatic-complexity -MMD -MP -MF"Core/Src/main.d" -MT"Core/Src/main.o" --specs=nano.specs -mfpu=fpv4-sp-d16 -mfloat-abi=hard -mthumb -o "Core/Src/main.o"
arm-none-eabi-gcc -o "LAB5.elf" @"objects.list"   -mcpu=cortex-m4 -T"C:\Users\juana\OneDrive\Documentos\UVG\7moSemestre\digitalII\ModuloSTM32\Laboratorios\LAB2\LAB5\STM32F401RETX_FLASH.ld" --specs=nosys.specs -Wl,-Map="LAB5.map" -Wl,--gc-sections -static --specs=nano.specs -mfpu=fpv4-sp-d16 -mfloat-abi=hard -mthumb -Wl,--start-group -lc -lm -Wl,--end-group
Finished building target: LAB5.elf
 
arm-none-eabi-size  LAB5.elf 
arm-none-eabi-objdump -h -S LAB5.elf  > "LAB5.list"
   text	   data	    bss	    dec	    hex	filename
  19040	     92	   2212	  21344	   5360	LAB5.elf
Finished building: default.size.stdout
 
Finished building: LAB5.list
 
13:19:23 **** Incremental Build of configuration Debug for project LAB5 ****
make -j12 all 
arm-none-eabi-size  LAB5.elf 
   text	   data	    bss	    dec	    hex	filename
  19040	     92	   2212	  21344	   5360	LAB5.elf
Finished building: default.size.stdout
 
13:26:20 **** Incremental Build of configuration Debug for project LAB5 ****
make -j12 all 
arm-none-eabi-gcc -o "LAB5.elf" @"objects.list"   -mcpu=cortex-m4 -T"C:\Users\juana\OneDrive\Documentos\UVG\7moSemestre\digitalII\ModuloSTM32\Laboratorios\LAB2\LAB5\STM32F401RETX_FLASH.ld" --specs=nosys.specs -Wl,-Map="LAB5.map" -Wl,--gc-sections -static --specs=nano.specs -mfpu=fpv4-sp-d16 -mfloat-abi=hard -mthumb -u _printf_float -u _scanf_float -Wl,--start-group -lc -lm -Wl,--end-group
Finished building target: LAB5.elf
 
arm-none-eabi-size  LAB5.elf 
arm-none-eabi-objdump -h -S LAB5.elf  > "LAB5.list"
   text	   data	    bss	    dec	    hex	filename
  37900	    468	   2220	  40588	   9e8c	LAB5.elf
Finished building: default.size.stdout
 
Finished building: LAB5.list
 
13:26:23 **** Incremental Build of configuration Debug for project LAB5 ****
make -j12 all 
arm-none-eabi-size  LAB5.elf 
   text	   data	    bss	    dec	    hex	filename
  37900	    468	   2220	  40588	   9e8c	LAB5.elf
Finished building: default.size.stdout
 
