11:16:49 **** Incremental Build of configuration Debug for project Proyecto3Pantalla ****
make -j12 all 
arm-none-eabi-gcc "../Core/Src/main.c" -mcpu=cortex-m4 -std=gnu11 -g3 -DDEBUG -DUSE_HAL_DRIVER -DSTM32F446xx -c -I../Core/Inc -I../Drivers/STM32F4xx_HAL_Driver/Inc -I../Drivers/STM32F4xx_HAL_Driver/Inc/Legacy -I../Drivers/CMSIS/Device/ST/STM32F4xx/Include -I../Drivers/CMSIS/Include -O0 -ffunction-sections -fdata-sections -Wall -fstack-usage -fcyclomatic-complexity -MMD -MP -MF"Core/Src/main.d" -MT"Core/Src/main.o" --specs=nano.specs -mfpu=fpv4-sp-d16 -mfloat-abi=hard -mthumb -o "Core/Src/main.o"
../Core/Src/main.c:112:48: warning: argument 2 of type 'uint8_t[3]' {aka 'unsigned char[3]'} with mismatched bound [-Warray-parameter=]
  112 | void update_colors(uint8_t flagSensor, uint8_t RGB[3],uint8_t compare){
      |                                        ~~~~~~~~^~~~~~
../Core/Src/main.c:95:48: note: previously declared as 'uint8_t[2]' {aka 'unsigned char[2]'}
   95 | void update_colors(uint8_t flagSensor, uint8_t RGB[2],uint8_t compare);
      |                                        ~~~~~~~~^~~~~~
arm-none-eabi-gcc -o "Proyecto3Pantalla.elf" @"objects.list"   -mcpu=cortex-m4 -T"C:\Users\juana\OneDrive\Documentos\GitHub\Digital_2\ModuloSTM32\Proyecto3Pantalla\STM32F446RETX_FLASH.ld" --specs=nosys.specs -Wl,-Map="Proyecto3Pantalla.map" -Wl,--gc-sections -static --specs=nano.specs -mfpu=fpv4-sp-d16 -mfloat-abi=hard -mthumb -Wl,--start-group -lc -lm -Wl,--end-group
Finished building target: Proyecto3Pantalla.elf
 
arm-none-eabi-size  Proyecto3Pantalla.elf 
arm-none-eabi-objdump -h -S Proyecto3Pantalla.elf  > "Proyecto3Pantalla.list"
   text	   data	    bss	    dec	    hex	filename
 189956	     20	   1924	 191900	  2ed9c	Proyecto3Pantalla.elf
Finished building: default.size.stdout
 
Finished building: Proyecto3Pantalla.list
 
