23:00:14 **** Incremental Build of configuration Debug for project Nucleo1Paqueo ****
make -j12 all 
arm-none-eabi-gcc "../Core/Src/main.c" -mcpu=cortex-m4 -std=gnu11 -g3 -DDEBUG -DUSE_HAL_DRIVER -DSTM32F446xx -c -I../Core/Inc -I../Drivers/STM32F4xx_HAL_Driver/Inc -I../Drivers/STM32F4xx_HAL_Driver/Inc/Legacy -I../Drivers/CMSIS/Device/ST/STM32F4xx/Include -I../Drivers/CMSIS/Include -O0 -ffunction-sections -fdata-sections -Wall -fstack-usage -fcyclomatic-complexity -MMD -MP -MF"Core/Src/main.d" -MT"Core/Src/main.o" --specs=nano.specs -mfpu=fpv4-sp-d16 -mfloat-abi=hard -mthumb -o "Core/Src/main.o"
arm-none-eabi-gcc -o "Nucleo1Paqueo.elf" @"objects.list"   -mcpu=cortex-m4 -T"C:\Users\juana\OneDrive\Documentos\GitHub\Digital_2\ModuloSTM32\Nucleo1Paqueo\STM32F446RETX_FLASH.ld" --specs=nosys.specs -Wl,-Map="Nucleo1Paqueo.map" -Wl,--gc-sections -static --specs=nano.specs -mfpu=fpv4-sp-d16 -mfloat-abi=hard -mthumb -Wl,--start-group -lc -lm -Wl,--end-group
Finished building target: Nucleo1Paqueo.elf
 
arm-none-eabi-size  Nucleo1Paqueo.elf 
arm-none-eabi-objdump -h -S Nucleo1Paqueo.elf  > "Nucleo1Paqueo.list"
   text	   data	    bss	    dec	    hex	filename
  34028	     92	   2564	  36684	   8f4c	Nucleo1Paqueo.elf
Finished building: default.size.stdout
 
Finished building: Nucleo1Paqueo.list
 

23:00:15 Build Finished. 0 errors, 0 warnings. (took 820ms)

