../Core/Src/main.c:88:6:update_neopixels	8	static
../Core/Src/main.c:98:6:update_colors	16	static
../Core/Src/main.c:109:6:update_park	16	static
../Core/Src/main.c:122:5:main	8	static
../Core/Src/main.c:208:6:SystemClock_Config	88	static
../Core/Src/main.c:256:13:MX_I2C1_Init	32	static
../Core/Src/main.c:319:13:MX_TIM1_Init	96	static
../Core/Src/main.c:394:13:MX_USART2_UART_Init	8	static
../Core/Src/main.c:425:13:MX_DMA_Init	16	static
../Core/Src/main.c:443:13:MX_GPIO_Init	48	static
../Core/Src/main.c:494:6:HAL_GPIO_EXTI_Callback	16	static
../Core/Src/main.c:549:6:HAL_I2C_ListenCpltCallback	16	static
../Core/Src/main.c:553:6:HAL_I2C_AddrCallback	16	static
../Core/Src/main.c:570:6:HAL_I2C_SlaveRxCpltCallback	16	static
../Core/Src/main.c:579:6:HAL_I2C_SlaveTxCpltCallback	16	static
../Core/Src/main.c:586:6:HAL_I2C_ErrorCallback	24	static
../Core/Src/main.c:645:6:Error_Handler	4	static,ignoring_inline_asm
