../Core/Src/main.c:92:6:update_neopixels	8	static
../Core/Src/main.c:102:6:update_colors	16	static
../Core/Src/main.c:113:6:update_park	16	static
../Core/Src/main.c:126:5:main	8	static
../Core/Src/main.c:225:6:SystemClock_Config	88	static
../Core/Src/main.c:274:13:MX_I2C1_Init	32	static
../Core/Src/main.c:336:13:MX_IWDG_Init	8	static
../Core/Src/main.c:364:13:MX_TIM1_Init	96	static
../Core/Src/main.c:439:13:MX_USART2_UART_Init	8	static
../Core/Src/main.c:470:13:MX_DMA_Init	16	static
../Core/Src/main.c:488:13:MX_GPIO_Init	48	static
../Core/Src/main.c:539:6:HAL_GPIO_EXTI_Callback	16	static
../Core/Src/main.c:594:6:HAL_I2C_ListenCpltCallback	16	static
../Core/Src/main.c:598:6:HAL_I2C_AddrCallback	16	static
../Core/Src/main.c:615:6:HAL_I2C_SlaveRxCpltCallback	16	static
../Core/Src/main.c:624:6:HAL_I2C_SlaveTxCpltCallback	16	static
../Core/Src/main.c:631:6:HAL_I2C_ErrorCallback	24	static
../Core/Src/main.c:690:6:Error_Handler	4	static,ignoring_inline_asm
