Archive member included to satisfy reference by file (symbol)

C:/Users/juana/Documents/STM32CubeIDE_2.1.0/STM32CubeIDE/plugins/com.st.stm32cube.ide.mcu.externaltools.gnu-tools-for-stm32.14.3.rel1.win32_1.0.100.202602081740/tools/bin/../lib/gcc/arm-none-eabi/14.3.1/../../../../arm-none-eabi/lib/thumb/v7e-m+fp/hard\libc_nano.a(libc_a-exit.o)
                              C:/Users/juana/Documents/STM32CubeIDE_2.1.0/STM32CubeIDE/plugins/com.st.stm32cube.ide.mcu.externaltools.gnu-tools-for-stm32.14.3.rel1.win32_1.0.100.202602081740/tools/bin/../lib/gcc/arm-none-eabi/14.3.1/../../../../arm-none-eabi/lib/thumb/v7e-m+fp/hard/crt0.o (exit)
C:/Users/juana/Documents/STM32CubeIDE_2.1.0/STM32CubeIDE/plugins/com.st.stm32cube.ide.mcu.externaltools.gnu-tools-for-stm32.14.3.rel1.win32_1.0.100.202602081740/tools/bin/../lib/gcc/arm-none-eabi/14.3.1/../../../../arm-none-eabi/lib/thumb/v7e-m+fp/hard\libc_nano.a(libc_a-findfp.o)
                              C:/Users/juana/Documents/STM32CubeIDE_2.1.0/STM32CubeIDE/plugins/com.st.stm32cube.ide.mcu.externaltools.gnu-tools-for-stm32.14.3.rel1.win32_1.0.100.202602081740/tools/bin/../lib/gcc/arm-none-eabi/14.3.1/../../../../arm-none-eabi/lib/thumb/v7e-m+fp/hard\libc_nano.a(libc_a-exit.o) (__stdio_exit_handler)
C:/Users/juana/Documents/STM32CubeIDE_2.1.0/STM32CubeIDE/plugins/com.st.stm32cube.ide.mcu.externaltools.gnu-tools-for-stm32.14.3.rel1.win32_1.0.100.202602081740/tools/bin/../lib/gcc/arm-none-eabi/14.3.1/../../../../arm-none-eabi/lib/thumb/v7e-m+fp/hard\libc_nano.a(libc_a-fwalk.o)
                              C:/Users/juana/Documents/STM32CubeIDE_2.1.0/STM32CubeIDE/plugins/com.st.stm32cube.ide.mcu.externaltools.gnu-tools-for-stm32.14.3.rel1.win32_1.0.100.202602081740/tools/bin/../lib/gcc/arm-none-eabi/14.3.1/../../../../arm-none-eabi/lib/thumb/v7e-m+fp/hard\libc_nano.a(libc_a-findfp.o) (_fwalk_sglue)
C:/Users/juana/Documents/STM32CubeIDE_2.1.0/STM32CubeIDE/plugins/com.st.stm32cube.ide.mcu.externaltools.gnu-tools-for-stm32.14.3.rel1.win32_1.0.100.202602081740/tools/bin/../lib/gcc/arm-none-eabi/14.3.1/../../../../arm-none-eabi/lib/thumb/v7e-m+fp/hard\libc_nano.a(libc_a-sprintf.o)
                              ./Application/User/Core/ili9341.o (sprintf)
C:/Users/juana/Documents/STM32CubeIDE_2.1.0/STM32CubeIDE/plugins/com.st.stm32cube.ide.mcu.externaltools.gnu-tools-for-stm32.14.3.rel1.win32_1.0.100.202602081740/tools/bin/../lib/gcc/arm-none-eabi/14.3.1/../../../../arm-none-eabi/lib/thumb/v7e-m+fp/hard\libc_nano.a(libc_a-sscanf.o)
                              ./Application/User/Core/main.o (sscanf)
C:/Users/juana/Documents/STM32CubeIDE_2.1.0/STM32CubeIDE/plugins/com.st.stm32cube.ide.mcu.externaltools.gnu-tools-for-stm32.14.3.rel1.win32_1.0.100.202602081740/tools/bin/../lib/gcc/arm-none-eabi/14.3.1/../../../../arm-none-eabi/lib/thumb/v7e-m+fp/hard\libc_nano.a(libc_a-stdio.o)
                              C:/Users/juana/Documents/STM32CubeIDE_2.1.0/STM32CubeIDE/plugins/com.st.stm32cube.ide.mcu.externaltools.gnu-tools-for-stm32.14.3.rel1.win32_1.0.100.202602081740/tools/bin/../lib/gcc/arm-none-eabi/14.3.1/../../../../arm-none-eabi/lib/thumb/v7e-m+fp/hard\libc_nano.a(libc_a-findfp.o) (__sread)
C:/Users/juana/Documents/STM32CubeIDE_2.1.0/STM32CubeIDE/plugins/com.st.stm32cube.ide.mcu.externaltools.gnu-tools-for-stm32.14.3.rel1.win32_1.0.100.202602081740/tools/bin/../lib/gcc/arm-none-eabi/14.3.1/../../../../arm-none-eabi/lib/thumb/v7e-m+fp/hard\libc_nano.a(libc_a-memset.o)
                              C:/Users/juana/Documents/STM32CubeIDE_2.1.0/STM32CubeIDE/plugins/com.st.stm32cube.ide.mcu.externaltools.gnu-tools-for-stm32.14.3.rel1.win32_1.0.100.202602081740/tools/bin/../lib/gcc/arm-none-eabi/14.3.1/../../../../arm-none-eabi/lib/thumb/v7e-m+fp/hard/crt0.o (memset)
C:/Users/juana/Documents/STM32CubeIDE_2.1.0/STM32CubeIDE/plugins/com.st.stm32cube.ide.mcu.externaltools.gnu-tools-for-stm32.14.3.rel1.win32_1.0.100.202602081740/tools/bin/../lib/gcc/arm-none-eabi/14.3.1/../../../../arm-none-eabi/lib/thumb/v7e-m+fp/hard\libc_nano.a(libc_a-strcat.o)
                              ./Application/User/Core/main.o (strcat)
C:/Users/juana/Documents/STM32CubeIDE_2.1.0/STM32CubeIDE/plugins/com.st.stm32cube.ide.mcu.externaltools.gnu-tools-for-stm32.14.3.rel1.win32_1.0.100.202602081740/tools/bin/../lib/gcc/arm-none-eabi/14.3.1/../../../../arm-none-eabi/lib/thumb/v7e-m+fp/hard\libc_nano.a(libc_a-closer.o)
                              C:/Users/juana/Documents/STM32CubeIDE_2.1.0/STM32CubeIDE/plugins/com.st.stm32cube.ide.mcu.externaltools.gnu-tools-for-stm32.14.3.rel1.win32_1.0.100.202602081740/tools/bin/../lib/gcc/arm-none-eabi/14.3.1/../../../../arm-none-eabi/lib/thumb/v7e-m+fp/hard\libc_nano.a(libc_a-stdio.o) (_close_r)
C:/Users/juana/Documents/STM32CubeIDE_2.1.0/STM32CubeIDE/plugins/com.st.stm32cube.ide.mcu.externaltools.gnu-tools-for-stm32.14.3.rel1.win32_1.0.100.202602081740/tools/bin/../lib/gcc/arm-none-eabi/14.3.1/../../../../arm-none-eabi/lib/thumb/v7e-m+fp/hard\libc_nano.a(libc_a-reent.o)
[...]
Memory Configuration

Name             Origin             Length             Attributes
RAM              0x20000000         0x00018000         xrw
FLASH            0x08000000         0x00080000         xr
*default*        0x00000000         0xffffffff

Linker script and memory map

LOAD C:/Users/juana/Documents/STM32CubeIDE_2.1.0/STM32CubeIDE/plugins/com.st.stm32cube.ide.mcu.externaltools.gnu-tools-for-stm32.14.3.rel1.win32_1.0.100.202602081740/tools/bin/../lib/gcc/arm-none-eabi/14.3.1/thumb/v7e-m+fp/hard/crti.o
LOAD C:/Users/juana/Documents/STM32CubeIDE_2.1.0/STM32CubeIDE/plugins/com.st.stm32cube.ide.mcu.externaltools.gnu-tools-for-stm32.14.3.rel1.win32_1.0.100.202602081740/tools/bin/../lib/gcc/arm-none-eabi/14.3.1/thumb/v7e-m+fp/hard/crtbegin.o
LOAD C:/Users/juana/Documents/STM32CubeIDE_2.1.0/STM32CubeIDE/plugins/com.st.stm32cube.ide.mcu.externaltools.gnu-tools-for-stm32.14.3.rel1.win32_1.0.100.202602081740/tools/bin/../lib/gcc/arm-none-eabi/14.3.1/../../../../arm-none-eabi/lib/thumb/v7e-m+fp/hard/crt0.o
LOAD ./Application/User/Core/fatfs_sd.o
LOAD ./Application/User/Core/font.o
LOAD ./Application/User/Core/graficos.o
LOAD ./Application/User/Core/ili9341.o
LOAD ./Application/User/Core/main.o
LOAD ./Application/User/Core/stm32f4xx_hal_msp.o
LOAD ./Application/User/Core/stm32f4xx_it.o
LOAD ./Application/User/Core/syscalls.o
LOAD ./Application/User/Core/sysmem.o
LOAD ./Application/User/FATFS/App/fatfs.o
LOAD ./Application/User/FATFS/Target/user_diskio.o
LOAD ./Application/User/Startup/startup_stm32f401retx.o
LOAD ./Drivers/CMSIS/system_stm32f4xx.o
LOAD ./Drivers/STM32F4xx_HAL_Driver/stm32f4xx_hal.o
LOAD ./Drivers/STM32F4xx_HAL_Driver/stm32f4xx_hal_cortex.o
LOAD ./Drivers/STM32F4xx_HAL_Driver/stm32f4xx_hal_dma.o
LOAD ./Drivers/STM32F4xx_HAL_Driver/stm32f4xx_hal_dma_ex.o
LOAD ./Drivers/STM32F4xx_HAL_Driver/stm32f4xx_hal_exti.o
LOAD ./Drivers/STM32F4xx_HAL_Driver/stm32f4xx_hal_flash.o
LOAD ./Drivers/STM32F4xx_HAL_Driver/stm32f4xx_hal_flash_ex.o
LOAD ./Drivers/STM32F4xx_HAL_Driver/stm32f4xx_hal_flash_ramfunc.o
LOAD ./Drivers/STM32F4xx_HAL_Driver/stm32f4xx_hal_gpio.o
LOAD ./Drivers/STM32F4xx_HAL_Driver/stm32f4xx_hal_pwr.o
LOAD ./Drivers/STM32F4xx_HAL_Driver/stm32f4xx_hal_pwr_ex.o
LOAD ./Drivers/STM32F4xx_HAL_Driver/stm32f4xx_hal_rcc.o
LOAD ./Drivers/STM32F4xx_HAL_Driver/stm32f4xx_hal_rcc_ex.o
LOAD ./Drivers/STM32F4xx_HAL_Driver/stm32f4xx_hal_spi.o
LOAD ./Drivers/STM32F4xx_HAL_Driver/stm32f4xx_hal_uart.o
LOAD ./Middlewares/FatFs/ccsbcs.o
LOAD ./Middlewares/FatFs/diskio.o
LOAD ./Middlewares/FatFs/ff.o
LOAD ./Middlewares/FatFs/ff_gen_drv.o
LOAD ./Middlewares/FatFs/syscall.o
START GROUP
LOAD C:/Users/juana/Documents/STM32CubeIDE_2.1.0/STM32CubeIDE/plugins/com.st.stm32cube.ide.mcu.externaltools.gnu-tools-for-stm32.14.3.rel1.win32_1.0.100.202602081740/tools/bin/../lib/gcc/arm-none-eabi/14.3.1/../../../../arm-none-eabi/lib/thumb/v7e-m+fp/hard\libc_nano.a
LOAD C:/Users/juana/Documents/STM32CubeIDE_2.1.0/STM32CubeIDE/plugins/com.st.stm32cube.ide.mcu.externaltools.gnu-tools-for-stm32.14.3.rel1.win32_1.0.100.202602081740/tools/bin/../lib/gcc/arm-none-eabi/14.3.1/../../../../arm-none-eabi/lib/thumb/v7e-m+fp/hard\libm.a
END GROUP
START GROUP
LOAD C:/Users/juana/Documents/STM32CubeIDE_2.1.0/STM32CubeIDE/plugins/com.st.stm32cube.ide.mcu.externaltools.gnu-tools-for-stm32.14.3.rel1.win32_1.0.100.202602081740/tools/bin/../lib/gcc/arm-none-eabi/14.3.1/thumb/v7e-m+fp/hard\libgcc.a
LOAD C:/Users/juana/Documents/STM32CubeIDE_2.1.0/STM32CubeIDE/plugins/com.st.stm32cube.ide.mcu.externaltools.gnu-tools-for-stm32.14.3.rel1.win32_1.0.100.202602081740/tools/bin/../lib/gcc/arm-none-eabi/14.3.1/../../../../arm-none-eabi/lib/thumb/v7e-m+fp/hard\libc_nano.a
END GROUP
START GROUP
LOAD C:/Users/juana/Documents/STM32CubeIDE_2.1.0/STM32CubeIDE/plugins/com.st.stm32cube.ide.mcu.externaltools.gnu-tools-for-stm32.14.3.rel1.win32_1.0.100.202602081740/tools/bin/../lib/gcc/arm-none-eabi/14.3.1/thumb/v7e-m+fp/hard\libgcc.a
LOAD C:/Users/juana/Documents/STM32CubeIDE_2.1.0/STM32CubeIDE/plugins/com.st.stm32cube.ide.mcu.externaltools.gnu-tools-for-stm32.14.3.rel1.win32_1.0.100.202602081740/tools/bin/../lib/gcc/arm-none-eabi/14.3.1/../../../../arm-none-eabi/lib/thumb/v7e-m+fp/hard\libc_nano.a
LOAD C:/Users/juana/Documents/STM32CubeIDE_2.1.0/STM32CubeIDE/plugins/com.st.stm32cube.ide.mcu.externaltools.gnu-tools-for-stm32.14.3.rel1.win32_1.0.100.202602081740/tools/bin/../lib/gcc/arm-none-eabi/14.3.1/../../../../arm-none-eabi/lib/thumb/v7e-m+fp/hard\libnosys.a
END GROUP
START GROUP
LOAD C:/Users/juana/Documents/STM32CubeIDE_2.1.0/STM32CubeIDE/plugins/com.st.stm32cube.ide.mcu.externaltools.gnu-tools-for-stm32.14.3.rel1.win32_1.0.100.202602081740/tools/bin/../lib/gcc/arm-none-eabi/14.3.1/thumb/v7e-m+fp/hard\libgcc.a
LOAD C:/Users/juana/Documents/STM32CubeIDE_2.1.0/STM32CubeIDE/plugins/com.st.stm32cube.ide.mcu.externaltools.gnu-tools-for-stm32.14.3.rel1.win32_1.0.100.202602081740/tools/bin/../lib/gcc/arm-none-eabi/14.3.1/../../../../arm-none-eabi/lib/thumb/v7e-m+fp/hard\libc_nano.a
LOAD C:/Users/juana/Documents/STM32CubeIDE_2.1.0/STM32CubeIDE/plugins/com.st.stm32cube.ide.mcu.externaltools.gnu-tools-for-stm32.14.3.rel1.win32_1.0.100.202602081740/tools/bin/../lib/gcc/arm-none-eabi/14.3.1/../../../../arm-none-eabi/lib/thumb/v7e-m+fp/hard\libnosys.a
END GROUP
LOAD C:/Users/juana/Documents/STM32CubeIDE_2.1.0/STM32CubeIDE/plugins/com.st.stm32cube.ide.mcu.externaltools.gnu-tools-for-stm32.14.3.rel1.win32_1.0.100.202602081740/tools/bin/../lib/gcc/arm-none-eabi/14.3.1/thumb/v7e-m+fp/hard/crtend.o
LOAD C:/Users/juana/Documents/STM32CubeIDE_2.1.0/STM32CubeIDE/plugins/com.st.stm32cube.ide.mcu.externaltools.gnu-tools-for-stm32.14.3.rel1.win32_1.0.100.202602081740/tools/bin/../lib/gcc/arm-none-eabi/14.3.1/thumb/v7e-m+fp/hard/crtn.o
                0x20018000                        _estack = (ORIGIN (RAM) + LENGTH (RAM))
                0x00000200                        _Min_Heap_Size = 0x200
                0x00000400                        _Min_Stack_Size = 0x400

.isr_vector     0x08000000      0x194
                0x08000000                        . = ALIGN (0x4)
 *(.isr_vector)
 .isr_vector    0x08000000      0x194 ./Application/User/Startup/startup_stm32f401retx.o
                0x08000000                g_pfnVectors
                0x08000194                        . = ALIGN (0x4)

.text           0x080001a0     0x90bc
                0x080001a0                        . = ALIGN (0x4)
 *(.text)
 .text          0x080001a0       0x40 C:/Users/juana/Documents/STM32CubeIDE_2.1.0/STM32CubeIDE/plugins/com.st.stm32cube.ide.mcu.externaltools.gnu-tools-for-stm32.14.3.rel1.win32_1.0.100.202602081740/tools/bin/../lib/gcc/arm-none-eabi/14.3.1/thumb/v7e-m+fp/hard/crtbegin.o
 .text          0x080001e0       0x10 C:/Users/juana/Documents/STM32CubeIDE_2.1.0/STM32CubeIDE/plugins/com.st.stm32cube.ide.mcu.externaltools.gnu-tools-for-stm32.14.3.rel1.win32_1.0.100.202602081740/tools/bin/../lib/gcc/arm-none-eabi/14.3.1/../../../../arm-none-eabi/lib/thumb/v7e-m+fp/hard\libc_nano.a(libc_a-strlen.o)
                0x080001e0                strlen
 .text          0x080001f0       0xa0 C:/Users/juana/Documents/STM32CubeIDE_2.1.0/STM32CubeIDE/plugins/com.st.stm32cube.ide.mcu.externaltools.gnu-tools-for-stm32.14.3.rel1.win32_1.0.100.202602081740/tools/bin/../lib/gcc/arm-none-eabi/14.3.1/../../../../arm-none-eabi/lib/thumb/v7e-m+fp/hard\libc_nano.a(libc_a-memchr.o)
                0x080001f0                memchr
 .text          0x08000290       0x30 C:/Users/juana/Documents/STM32CubeIDE_2.1.0/STM32CubeIDE/plugins/com.st.stm32cube.ide.mcu.externaltools.gnu-tools-for-stm32.14.3.rel1.win32_1.0.100.202602081740/tools/bin/../lib/gcc/arm-none-eabi/14.3.1/thumb/v7e-m+fp/hard\libgcc.a(_aeabi_uldivmod.o)
                0x08000290                __aeabi_uldivmod
 .text          0x080002c0      0x2f8 C:/Users/juana/Documents/STM32CubeIDE_2.1.0/STM32CubeIDE/plugins/com.st.stm32cube.ide.mcu.externaltools.gnu-tools-for-stm32.14.3.rel1.win32_1.0.100.202602081740/tools/bin/../lib/gcc/arm-none-eabi/14.3.1/thumb/v7e-m+fp/hard\libgcc.a(_udivmoddi4.o)
                0x080002c0                __udivmoddi4
 .text          0x080005b8        0x4 C:/Users/juana/Documents/STM32CubeIDE_2.1.0/STM32CubeIDE/plugins/com.st.stm32cube.ide.mcu.externaltools.gnu-tools-for-stm32.14.3.rel1.win32_1.0.100.202602081740/tools/bin/../lib/gcc/arm-none-eabi/14.3.1/thumb/v7e-m+fp/hard\libgcc.a(_dvmd_tls.o)
                0x080005b8                __aeabi_idiv0
                0x080005b8                __aeabi_ldiv0
 *(.text*)
 .text.SELECT   0x080005bc       0x1c ./Application/User/Core/fatfs_sd.o
 .text.DESELECT
                0x080005d8       0x1c ./Application/User/Core/fatfs_sd.o
 .text.SPI_TxByte
                0x080005f4       0x34 ./Application/User/Core/fatfs_sd.o
 .text.SPI_TxBuffer
                0x08000628       0x34 ./Application/User/Core/fatfs_sd.o
 .text.SPI_RxByte
                0x0800065c       0x38 ./Application/User/Core/fatfs_sd.o
 .text.SPI_RxBytePtr
                0x08000694       0x1c ./Application/User/Core/fatfs_sd.o
 .text.SD_ReadyWait
                0x080006b0       0x34 ./Application/User/Core/fatfs_sd.o
 .text.SD_PowerOn
                0x080006e4       0x84 ./Application/User/Core/fatfs_sd.o
 .text.SD_PowerOff
                0x08000768       0x18 ./Application/User/Core/fatfs_sd.o
 .text.SD_CheckPower
                0x08000780       0x18 ./Application/User/Core/fatfs_sd.o
 .text.SD_RxDataBlock
                0x08000798       0x60 ./Application/User/Core/fatfs_sd.o
 .text.SD_TxDataBlock
                0x080007f8       0xa0 ./Application/User/Core/fatfs_sd.o
 .text.SD_SendCmd
                0x08000898       0xa8 ./Application/User/Core/fatfs_sd.o
 .text.SD_disk_initialize
                0x08000940      0x1d8 ./Application/User/Core/fatfs_sd.o
                0x08000940                SD_disk_initialize
 .text.SD_disk_status
                0x08000b18       0x2c ./Application/User/Core/fatfs_sd.o
                0x08000b18                SD_disk_status
 .text.SD_disk_read
                0x08000b44       0xd4 ./Application/User/Core/fatfs_sd.o
                0x08000b44                SD_disk_read
 .text.SD_disk_write
                0x08000c18      0x108 ./Application/User/Core/fatfs_sd.o
                0x08000c18                SD_disk_write
 .text.SD_disk_ioctl
                0x08000d20      0x25c ./Application/User/Core/fatfs_sd.o
                0x08000d20                SD_disk_ioctl
 .text.LCD_CMD  0x08000f7c       0x40 ./Application/User/Core/ili9341.o
                0x08000f7c                LCD_CMD
 .text.LCD_DATA
                0x08000fbc       0x40 ./Application/User/Core/ili9341.o
                0x08000fbc                LCD_DATA
 .text.SetWindows
                0x08000ffc       0x80 ./Application/User/Core/ili9341.o
                0x08000ffc                SetWindows
 .text.LCD_Bitmap
                0x0800107c       0x74 ./Application/User/Core/ili9341.o
                0x0800107c                LCD_Bitmap
 .text.LCD_Sprite
                0x080010f0      0x14c ./Application/User/Core/ili9341.o
                0x080010f0                LCD_Sprite
 .text.HAL_UART_RxCpltCallback
                0x0800123c       0x7c ./Application/User/Core/main.o
                0x0800123c                HAL_UART_RxCpltCallback
 .text.main     0x080012b8      0xdec ./Application/User/Core/main.o
                0x080012b8                main
 .text.SystemClock_Config
                0x080020a4       0xd8 ./Application/User/Core/main.o
                0x080020a4                SystemClock_Config
 .text.MX_SPI1_Init
                0x0800217c       0x6c ./Application/User/Core/main.o
 .text.MX_USART1_UART_Init
                0x080021e8       0x54 ./Application/User/Core/main.o
 .text.MX_USART2_UART_Init
                0x0800223c       0x54 ./Application/User/Core/main.o
 .text.MX_USART6_UART_Init
                0x08002290       0x54 ./Application/User/Core/main.o
 .text.MX_GPIO_Init
                0x080022e4      0x154 ./Application/User/Core/main.o
 .text.ColCheck
                0x08002438       0x5c ./Application/User/Core/main.o
                0x08002438                ColCheck
 .text.Error_Handler
                0x08002494        0xc ./Application/User/Core/main.o
                0x08002494                Error_Handler
 .text.HAL_MspInit
                0x080024a0       0x50 ./Application/User/Core/stm32f4xx_hal_msp.o
                0x080024a0                HAL_MspInit
 .text.HAL_SPI_MspInit
                0x080024f0       0x90 ./Application/User/Core/stm32f4xx_hal_msp.o
                0x080024f0                HAL_SPI_MspInit
 .text.HAL_UART_MspInit
                0x08002580      0x184 ./Application/User/Core/stm32f4xx_hal_msp.o
                0x08002580                HAL_UART_MspInit
 .text.NMI_Handler
                0x08002704        0x8 ./Application/User/Core/stm32f4xx_it.o
                0x08002704                NMI_Handler
 .text.HardFault_Handler
                0x0800270c        0x8 ./Application/User/Core/stm32f4xx_it.o
                0x0800270c                HardFault_Handler
 .text.MemManage_Handler
                0x08002714        0x8 ./Application/User/Core/stm32f4xx_it.o
                0x08002714                MemManage_Handler
 .text.BusFault_Handler
                0x0800271c        0x8 ./Application/User/Core/stm32f4xx_it.o
                0x0800271c                BusFault_Handler
 .text.UsageFault_Handler
                0x08002724        0x8 ./Application/User/Core/stm32f4xx_it.o
                0x08002724                UsageFault_Handler
 .text.SVC_Handler
                0x0800272c        0xe ./Application/User/Core/stm32f4xx_it.o
                0x0800272c                SVC_Handler
 .text.DebugMon_Handler
                0x0800273a        0xe ./Application/User/Core/stm32f4xx_it.o
                0x0800273a                DebugMon_Handler
 .text.PendSV_Handler
                0x08002748        0xe ./Application/User/Core/stm32f4xx_it.o
                0x08002748                PendSV_Handler
 *fill*         0x08002756        0x2 
 .text.SysTick_Handler
                0x08002758       0x40 ./Application/User/Core/stm32f4xx_it.o
                0x08002758                SysTick_Handler
 .text.USART1_IRQHandler
                0x08002798       0x14 ./Application/User/Core/stm32f4xx_it.o
                0x08002798                USART1_IRQHandler
 .text.USART6_IRQHandler
                0x080027ac       0x14 ./Application/User/Core/stm32f4xx_it.o
                0x080027ac                USART6_IRQHandler
 .text._sbrk    0x080027c0       0x6c ./Application/User/Core/sysmem.o
                0x080027c0                _sbrk
 .text.MX_FATFS_Init
                0x0800282c       0x24 ./Application/User/FATFS/App/fatfs.o
                0x0800282c                MX_FATFS_Init
 .text.get_fattime
                0x08002850       0x10 ./Application/User/FATFS/App/fatfs.o
                0x08002850                get_fattime
 .text.USER_initialize
                0x08002860       0x1c ./Application/User/FATFS/Target/user_diskio.o
                0x08002860                USER_initialize
 .text.USER_status
                0x0800287c       0x1c ./Application/User/FATFS/Target/user_diskio.o
                0x0800287c                USER_status
 .text.USER_read
                0x08002898       0x26 ./Application/User/FATFS/Target/user_diskio.o
                0x08002898                USER_read
 .text.USER_write
                0x080028be       0x26 ./Application/User/FATFS/Target/user_diskio.o
                0x080028be                USER_write
 .text.USER_ioctl
                0x080028e4       0x26 ./Application/User/FATFS/Target/user_diskio.o
                0x080028e4                USER_ioctl
 *fill*         0x0800290a        0x2 
 .text.Reset_Handler
                0x0800290c       0x50 ./Application/User/Startup/startup_stm32f401retx.o
                0x0800290c                Reset_Handler
 .text.Default_Handler
                0x0800295c        0x2 ./Application/User/Startup/startup_stm32f401retx.o
                0x0800295c                RTC_Alarm_IRQHandler
                0x0800295c                EXTI2_IRQHandler
                0x0800295c                SPI4_IRQHandler
                0x0800295c                TIM1_CC_IRQHandler
                0x0800295c                DMA2_Stream5_IRQHandler
                0x0800295c                DMA1_Stream5_IRQHandler
                0x0800295c                PVD_IRQHandler
                0x0800295c                SDIO_IRQHandler
                0x0800295c                TAMP_STAMP_IRQHandler
                0x0800295c                EXTI3_IRQHandler
                0x0800295c                TIM1_UP_TIM10_IRQHandler
                0x0800295c                I2C3_ER_IRQHandler
                0x0800295c                EXTI0_IRQHandler
                0x0800295c                I2C2_EV_IRQHandler
                0x0800295c                DMA1_Stream2_IRQHandler
                0x0800295c                FPU_IRQHandler
                0x0800295c                DMA2_Stream2_IRQHandler
                0x0800295c                SPI1_IRQHandler
                0x0800295c                TIM1_BRK_TIM9_IRQHandler
                0x0800295c                DMA2_Stream3_IRQHandler
                0x0800295c                DMA2_Stream0_IRQHandler
                0x0800295c                TIM4_IRQHandler
                0x0800295c                I2C1_EV_IRQHandler
                0x0800295c                DMA1_Stream6_IRQHandler
                0x0800295c                DMA1_Stream1_IRQHandler
                0x0800295c                TIM3_IRQHandler
                0x0800295c                RCC_IRQHandler
                0x0800295c                Default_Handler
                0x0800295c                EXTI15_10_IRQHandler
                0x0800295c                ADC_IRQHandler
                0x0800295c                DMA1_Stream7_IRQHandler
                0x0800295c                TIM5_IRQHandler
                0x0800295c                DMA2_Stream7_IRQHandler
                0x0800295c                I2C3_EV_IRQHandler
                0x0800295c                EXTI9_5_IRQHandler
                0x0800295c                RTC_WKUP_IRQHandler
                0x0800295c                SPI2_IRQHandler
                0x0800295c                DMA1_Stream0_IRQHandler
                0x0800295c                EXTI4_IRQHandler
                0x0800295c                WWDG_IRQHandler
                0x0800295c                TIM2_IRQHandler
                0x0800295c                OTG_FS_WKUP_IRQHandler
                0x0800295c                TIM1_TRG_COM_TIM11_IRQHandler
                0x0800295c                EXTI1_IRQHandler
                0x0800295c                USART2_IRQHandler
                0x0800295c                I2C2_ER_IRQHandler
                0x0800295c                DMA2_Stream1_IRQHandler
                0x0800295c                FLASH_IRQHandler
                0x0800295c                DMA2_Stream4_IRQHandler
                0x0800295c                OTG_FS_IRQHandler
                0x0800295c                SPI3_IRQHandler
                0x0800295c                DMA1_Stream4_IRQHandler
                0x0800295c                I2C1_ER_IRQHandler
                0x0800295c                DMA2_Stream6_IRQHandler
                0x0800295c                DMA1_Stream3_IRQHandler
 *fill*         0x0800295e        0x2 
 .text.SystemInit
                0x08002960       0x24 ./Drivers/CMSIS/system_stm32f4xx.o
                0x08002960                SystemInit
 .text.HAL_Init
                0x08002984       0x44 ./Drivers/STM32F4xx_HAL_Driver/stm32f4xx_hal.o
                0x08002984                HAL_Init
 .text.HAL_InitTick
                0x080029c8       0x60 ./Drivers/STM32F4xx_HAL_Driver/stm32f4xx_hal.o
                0x080029c8                HAL_InitTick
 .text.HAL_IncTick
                0x08002a28       0x28 ./Drivers/STM32F4xx_HAL_Driver/stm32f4xx_hal.o
                0x08002a28                HAL_IncTick
 .text.HAL_GetTick
                0x08002a50       0x18 ./Drivers/STM32F4xx_HAL_Driver/stm32f4xx_hal.o
                0x08002a50                HAL_GetTick
 .text.HAL_Delay
                0x08002a68       0x48 ./Drivers/STM32F4xx_HAL_Driver/stm32f4xx_hal.o
                0x08002a68                HAL_Delay
 .text.__NVIC_SetPriorityGrouping
                0x08002ab0       0x48 ./Drivers/STM32F4xx_HAL_Driver/stm32f4xx_hal_cortex.o
 .text.__NVIC_GetPriorityGrouping
                0x08002af8       0x1c ./Drivers/STM32F4xx_HAL_Driver/stm32f4xx_hal_cortex.o
 .text.__NVIC_EnableIRQ
                0x08002b14       0x3c ./Drivers/STM32F4xx_HAL_Driver/stm32f4xx_hal_cortex.o
 .text.__NVIC_SetPriority
                0x08002b50       0x54 ./Drivers/STM32F4xx_HAL_Driver/stm32f4xx_hal_cortex.o
 .text.NVIC_EncodePriority
                0x08002ba4       0x66 ./Drivers/STM32F4xx_HAL_Driver/stm32f4xx_hal_cortex.o
 *fill*         0x08002c0a        0x2 
 .text.SysTick_Config
                0x08002c0c       0x44 ./Drivers/STM32F4xx_HAL_Driver/stm32f4xx_hal_cortex.o
 .text.HAL_NVIC_SetPriorityGrouping
                0x08002c50       0x16 ./Drivers/STM32F4xx_HAL_Driver/stm32f4xx_hal_cortex.o
                0x08002c50                HAL_NVIC_SetPriorityGrouping
 .text.HAL_NVIC_SetPriority
                0x08002c66       0x38 ./Drivers/STM32F4xx_HAL_Driver/stm32f4xx_hal_cortex.o
                0x08002c66                HAL_NVIC_SetPriority
 .text.HAL_NVIC_EnableIRQ
                0x08002c9e       0x1c ./Drivers/STM32F4xx_HAL_Driver/stm32f4xx_hal_cortex.o
                0x08002c9e                HAL_NVIC_EnableIRQ
 .text.HAL_SYSTICK_Config
                0x08002cba       0x18 ./Drivers/STM32F4xx_HAL_Driver/stm32f4xx_hal_cortex.o
                0x08002cba                HAL_SYSTICK_Config
 .text.HAL_SYSTICK_IRQHandler
                0x08002cd2        0xc ./Drivers/STM32F4xx_HAL_Driver/stm32f4xx_hal_cortex.o
                0x08002cd2                HAL_SYSTICK_IRQHandler
 .text.HAL_SYSTICK_Callback
                0x08002cde        0xe ./Drivers/STM32F4xx_HAL_Driver/stm32f4xx_hal_cortex.o
                0x08002cde                HAL_SYSTICK_Callback
 .text.HAL_DMA_Abort
                0x08002cec       0xe0 ./Drivers/STM32F4xx_HAL_Driver/stm32f4xx_hal_dma.o
                0x08002cec                HAL_DMA_Abort
 .text.HAL_DMA_Abort_IT
                0x08002dcc       0x44 ./Drivers/STM32F4xx_HAL_Driver/stm32f4xx_hal_dma.o
                0x08002dcc                HAL_DMA_Abort_IT
 .text.HAL_GPIO_Init
                0x08002e10      0x308 ./Drivers/STM32F4xx_HAL_Driver/stm32f4xx_hal_gpio.o
                0x08002e10                HAL_GPIO_Init
 .text.HAL_GPIO_WritePin
                0x08003118       0x32 ./Drivers/STM32F4xx_HAL_Driver/stm32f4xx_hal_gpio.o
                0x08003118                HAL_GPIO_WritePin
 *fill*         0x0800314a        0x2 
 .text.HAL_RCC_OscConfig
                0x0800314c      0x4f0 ./Drivers/STM32F4xx_HAL_Driver/stm32f4xx_hal_rcc.o
                0x0800314c                HAL_RCC_OscConfig
 .text.HAL_RCC_ClockConfig
                0x0800363c      0x1cc ./Drivers/STM32F4xx_HAL_Driver/stm32f4xx_hal_rcc.o
                0x0800363c                HAL_RCC_ClockConfig
 .text.HAL_RCC_GetSysClockFreq
                0x08003808      0x20c ./Drivers/STM32F4xx_HAL_Driver/stm32f4xx_hal_rcc.o
                0x08003808                HAL_RCC_GetSysClockFreq
 .text.HAL_RCC_GetHCLKFreq
                0x08003a14       0x18 ./Drivers/STM32F4xx_HAL_Driver/stm32f4xx_hal_rcc.o
                0x08003a14                HAL_RCC_GetHCLKFreq
 .text.HAL_RCC_GetPCLK1Freq
                0x08003a2c       0x28 ./Drivers/STM32F4xx_HAL_Driver/stm32f4xx_hal_rcc.o
                0x08003a2c                HAL_RCC_GetPCLK1Freq
 .text.HAL_RCC_GetPCLK2Freq
                0x08003a54       0x28 ./Drivers/STM32F4xx_HAL_Driver/stm32f4xx_hal_rcc.o
                0x08003a54                HAL_RCC_GetPCLK2Freq
 .text.HAL_SPI_Init
                0x08003a7c      0x112 ./Drivers/STM32F4xx_HAL_Driver/stm32f4xx_hal_spi.o
                0x08003a7c                HAL_SPI_Init
 .text.HAL_SPI_Transmit
                0x08003b8e      0x288 ./Drivers/STM32F4xx_HAL_Driver/stm32f4xx_hal_spi.o
                0x08003b8e                HAL_SPI_Transmit
 .text.HAL_SPI_TransmitReceive
                0x08003e16      0x352 ./Drivers/STM32F4xx_HAL_Driver/stm32f4xx_hal_spi.o
                0x08003e16                HAL_SPI_TransmitReceive
 .text.SPI_WaitFlagStateUntilTimeout
                0x08004168      0x110 ./Drivers/STM32F4xx_HAL_Driver/stm32f4xx_hal_spi.o
 .text.SPI_EndRxTxTransaction
                0x08004278       0xa8 ./Drivers/STM32F4xx_HAL_Driver/stm32f4xx_hal_spi.o
 .text.HAL_UART_Init
                0x08004320       0xa0 ./Drivers/STM32F4xx_HAL_Driver/stm32f4xx_hal_uart.o
                0x08004320                HAL_UART_Init
 .text.HAL_UART_Transmit
                0x080043c0      0x116 ./Drivers/STM32F4xx_HAL_Driver/stm32f4xx_hal_uart.o
                0x080043c0                HAL_UART_Transmit
 .text.HAL_UART_Receive_IT
                0x080044d6       0x4a ./Drivers/STM32F4xx_HAL_Driver/stm32f4xx_hal_uart.o
                0x080044d6                HAL_UART_Receive_IT
 .text.HAL_UART_IRQHandler
                0x08004520      0x554 ./Drivers/STM32F4xx_HAL_Driver/stm32f4xx_hal_uart.o
                0x08004520                HAL_UART_IRQHandler
 .text.HAL_UART_TxCpltCallback
                0x08004a74       0x14 ./Drivers/STM32F4xx_HAL_Driver/stm32f4xx_hal_uart.o
                0x08004a74                HAL_UART_TxCpltCallback
 .text.HAL_UART_ErrorCallback
                0x08004a88       0x14 ./Drivers/STM32F4xx_HAL_Driver/stm32f4xx_hal_uart.o
                0x08004a88                HAL_UART_ErrorCallback
 .text.HAL_UARTEx_RxEventCallback
                0x08004a9c       0x18 ./Drivers/STM32F4xx_HAL_Driver/stm32f4xx_hal_uart.o
                0x08004a9c                HAL_UARTEx_RxEventCallback
 .text.UART_WaitOnFlagUntilTimeout
                0x08004ab4       0xb2 ./Drivers/STM32F4xx_HAL_Driver/stm32f4xx_hal_uart.o
 .text.UART_Start_Receive_IT
                0x08004b66       0x74 ./Drivers/STM32F4xx_HAL_Driver/stm32f4xx_hal_uart.o
                0x08004b66                UART_Start_Receive_IT
 .text.UART_EndRxTransfer
                0x08004bda       0xc6 ./Drivers/STM32F4xx_HAL_Driver/stm32f4xx_hal_uart.o
 .text.UART_DMAAbortOnError
                0x08004ca0       0x22 ./Drivers/STM32F4xx_HAL_Driver/stm32f4xx_hal_uart.o
 .text.UART_Transmit_IT
                0x08004cc2       0xa0 ./Drivers/STM32F4xx_HAL_Driver/stm32f4xx_hal_uart.o
 .text.UART_EndTransmit_IT
                0x08004d62       0x30 ./Drivers/STM32F4xx_HAL_Driver/stm32f4xx_hal_uart.o
 .text.UART_Receive_IT
                0x08004d92      0x17c ./Drivers/STM32F4xx_HAL_Driver/stm32f4xx_hal_uart.o
 *fill*         0x08004f0e        0x2 
 .text.UART_SetConfig
                0x08004f10      0x4e8 ./Drivers/STM32F4xx_HAL_Driver/stm32f4xx_hal_uart.o
 .text.ff_convert
                0x080053f8       0x78 ./Middlewares/FatFs/ccsbcs.o
                0x080053f8                ff_convert
 .text.ff_wtoupper
                0x08005470      0x114 ./Middlewares/FatFs/ccsbcs.o
                0x08005470                ff_wtoupper
 .text.disk_status
                0x08005584       0x34 ./Middlewares/FatFs/diskio.o
                0x08005584                disk_status
 .text.disk_initialize
                0x080055b8       0x50 ./Middlewares/FatFs/diskio.o
                0x080055b8                disk_initialize
 .text.disk_read
                0x08005608       0x40 ./Middlewares/FatFs/diskio.o
                0x08005608                disk_read
 .text.disk_write
                0x08005648       0x40 ./Middlewares/FatFs/diskio.o
                0x08005648                disk_write
 .text.disk_ioctl
                0x08005688       0x3c ./Middlewares/FatFs/diskio.o
                0x08005688                disk_ioctl
 .text.ld_word  0x080056c4       0x32 ./Middlewares/FatFs/ff.o
 .text.ld_dword
                0x080056f6       0x46 ./Middlewares/FatFs/ff.o
 .text.st_word  0x0800573c       0x36 ./Middlewares/FatFs/ff.o
 .text.st_dword
                0x08005772       0x58 ./Middlewares/FatFs/ff.o
 .text.mem_cpy  0x080057ca       0x42 ./Middlewares/FatFs/ff.o
 .text.mem_set  0x0800580c       0x36 ./Middlewares/FatFs/ff.o
 .text.mem_cmp  0x08005842       0x4e ./Middlewares/FatFs/ff.o
 .text.chk_chr  0x08005890       0x36 ./Middlewares/FatFs/ff.o
 *fill*         0x080058c6        0x2 
 .text.chk_lock
                0x080058c8       0xb8 ./Middlewares/FatFs/ff.o
 .text.enq_lock
                0x08005980       0x44 ./Middlewares/FatFs/ff.o
 .text.inc_lock
                0x080059c4      0x11c ./Middlewares/FatFs/ff.o
 .text.clear_lock
                0x08005ae0       0x48 ./Middlewares/FatFs/ff.o
 .text.sync_window
                0x08005b28       0x88 ./Middlewares/FatFs/ff.o
 .text.move_window
                0x08005bb0       0x5a ./Middlewares/FatFs/ff.o
 .text.clust2sect
                0x08005c0a       0x3e ./Middlewares/FatFs/ff.o
 .text.get_fat  0x08005c48      0x1a6 ./Middlewares/FatFs/ff.o
 .text.put_fat  0x08005dee      0x234 ./Middlewares/FatFs/ff.o
 .text.remove_chain
                0x08006022       0xca ./Middlewares/FatFs/ff.o
 .text.create_chain
                0x080060ec      0x130 ./Middlewares/FatFs/ff.o
 .text.clmt_clust
                0x0800621c       0x70 ./Middlewares/FatFs/ff.o
 .text.dir_sdi  0x0800628c      0x112 ./Middlewares/FatFs/ff.o
 .text.dir_next
                0x0800639e      0x1ac ./Middlewares/FatFs/ff.o
 .text.dir_alloc
                0x0800654a       0x8e ./Middlewares/FatFs/ff.o
 .text.ld_clust
                0x080065d8       0x3e ./Middlewares/FatFs/ff.o
 .text.st_clust
                0x08006616       0x40 ./Middlewares/FatFs/ff.o
 *fill*         0x08006656        0x2 
 .text.cmp_lfn  0x08006658       0xe0 ./Middlewares/FatFs/ff.o
 .text.put_lfn  0x08006738       0xd0 ./Middlewares/FatFs/ff.o
 .text.gen_numname
                0x08006808      0x11c ./Middlewares/FatFs/ff.o
 .text.sum_sfn  0x08006924       0x42 ./Middlewares/FatFs/ff.o
 .text.dir_find
                0x08006966      0x180 ./Middlewares/FatFs/ff.o
 *fill*         0x08006ae6        0x2 
 .text.dir_register
                0x08006ae8      0x1f0 ./Middlewares/FatFs/ff.o
 .text.create_name
                0x08006cd8      0x370 ./Middlewares/FatFs/ff.o
 .text.follow_path
                0x08007048       0xec ./Middlewares/FatFs/ff.o
 .text.get_ldnumber
                0x08007134       0x88 ./Middlewares/FatFs/ff.o
 .text.check_fs
                0x080071bc       0xac ./Middlewares/FatFs/ff.o
 .text.find_volume
                0x08007268      0x50c ./Middlewares/FatFs/ff.o
 .text.validate
                0x08007774       0x6a ./Middlewares/FatFs/ff.o
 *fill*         0x080077de        0x2 
 .text.f_mount  0x080077e0       0x8c ./Middlewares/FatFs/ff.o
                0x080077e0                f_mount
 .text.f_open   0x0800786c      0x390 ./Middlewares/FatFs/ff.o
                0x0800786c                f_open
 .text.f_read   0x08007bfc      0x2be ./Middlewares/FatFs/ff.o
                0x08007bfc                f_read
 *fill*         0x08007eba        0x2 
 .text.FATFS_LinkDriverEx
                0x08007ebc       0x98 ./Middlewares/FatFs/ff_gen_drv.o
                0x08007ebc                FATFS_LinkDriverEx
 .text.FATFS_LinkDriver
                0x08007f54       0x1e ./Middlewares/FatFs/ff_gen_drv.o
                0x08007f54                FATFS_LinkDriver
 *fill*         0x08007f72        0x2 
 .text.sprintf  0x08007f74       0x44 C:/Users/juana/Documents/STM32CubeIDE_2.1.0/STM32CubeIDE/plugins/com.st.stm32cube.ide.mcu.externaltools.gnu-tools-for-stm32.14.3.rel1.win32_1.0.100.202602081740/tools/bin/../lib/gcc/arm-none-eabi/14.3.1/../../../../arm-none-eabi/lib/thumb/v7e-m+fp/hard\libc_nano.a(libc_a-sprintf.o)
                0x08007f74                siprintf
                0x08007f74                sprintf
 .text.sscanf   0x08007fb8       0x58 C:/Users/juana/Documents/STM32CubeIDE_2.1.0/STM32CubeIDE/plugins/com.st.stm32cube.ide.mcu.externaltools.gnu-tools-for-stm32.14.3.rel1.win32_1.0.100.202602081740/tools/bin/../lib/gcc/arm-none-eabi/14.3.1/../../../../arm-none-eabi/lib/thumb/v7e-m+fp/hard\libc_nano.a(libc_a-sscanf.o)
                0x08007fb8                siscanf
                0x08007fb8                sscanf
 .text.__seofread
                0x08008010        0x4 C:/Users/juana/Documents/STM32CubeIDE_2.1.0/STM32CubeIDE/plugins/com.st.stm32cube.ide.mcu.externaltools.gnu-tools-for-stm32.14.3.rel1.win32_1.0.100.202602081740/tools/bin/../lib/gcc/arm-none-eabi/14.3.1/../../../../arm-none-eabi/lib/thumb/v7e-m+fp/hard\libc_nano.a(libc_a-stdio.o)
                0x08008010                __seofread
 .text.memset   0x08008014       0x10 C:/Users/juana/Documents/STM32CubeIDE_2.1.0/STM32CubeIDE/plugins/com.st.stm32cube.ide.mcu.externaltools.gnu-tools-for-stm32.14.3.rel1.win32_1.0.100.202602081740/tools/bin/../lib/gcc/arm-none-eabi/14.3.1/../../../../arm-none-eabi/lib/thumb/v7e-m+fp/hard\libc_nano.a(libc_a-memset.o)
                0x08008014                memset
 .text.strcat   0x08008024       0x1e C:/Users/juana/Documents/STM32CubeIDE_2.1.0/STM32CubeIDE/plugins/com.st.stm32cube.ide.mcu.externaltools.gnu-tools-for-stm32.14.3.rel1.win32_1.0.100.202602081740/tools/bin/../lib/gcc/arm-none-eabi/14.3.1/../../../../arm-none-eabi/lib/thumb/v7e-m+fp/hard\libc_nano.a(libc_a-strcat.o)
                0x08008024                strcat
 *fill*         0x08008042        0x2 
 .text.__errno  0x08008044        0xc C:/Users/juana/Documents/STM32CubeIDE_2.1.0/STM32CubeIDE/plugins/com.st.stm32cube.ide.mcu.externaltools.gnu-tools-for-stm32.14.3.rel1.win32_1.0.100.202602081740/tools/bin/../lib/gcc/arm-none-eabi/14.3.1/../../../../arm-none-eabi/lib/thumb/v7e-m+fp/hard\libc_nano.a(libc_a-errno.o)
                0x08008044                __errno
 .text.__libc_init_array
                0x08008050       0x48 C:/Users/juana/Documents/STM32CubeIDE_2.1.0/STM32CubeIDE/plugins/com.st.stm32cube.ide.mcu.externaltools.gnu-tools-for-stm32.14.3.rel1.win32_1.0.100.202602081740/tools/bin/../lib/gcc/arm-none-eabi/14.3.1/../../../../arm-none-eabi/lib/thumb/v7e-m+fp/hard\libc_nano.a(libc_a-init.o)
                0x08008050                __libc_init_array
 .text.__retarget_lock_acquire_recursive
                0x08008098        0x2 C:/Users/juana/Documents/STM32CubeIDE_2.1.0/STM32CubeIDE/plugins/com.st.stm32cube.ide.mcu.externaltools.gnu-tools-for-stm32.14.3.rel1.win32_1.0.100.202602081740/tools/bin/../lib/gcc/arm-none-eabi/14.3.1/../../../../arm-none-eabi/lib/thumb/v7e-m+fp/hard\libc_nano.a(libc_a-lock.o)
                0x08008098                __retarget_lock_acquire_recursive
 .text.__retarget_lock_release_recursive
                0x0800809a        0x2 C:/Users/juana/Documents/STM32CubeIDE_2.1.0/STM32CubeIDE/plugins/com.st.stm32cube.ide.mcu.externaltools.gnu-tools-for-stm32.14.3.rel1.win32_1.0.100.202602081740/tools/bin/../lib/gcc/arm-none-eabi/14.3.1/../../../../arm-none-eabi/lib/thumb/v7e-m+fp/hard\libc_nano.a(libc_a-lock.o)
                0x0800809a                __retarget_lock_release_recursive
 .text._free_r  0x0800809c       0x94 C:/Users/juana/Documents/STM32CubeIDE_2.1.0/STM32CubeIDE/plugins/com.st.stm32cube.ide.mcu.externaltools.gnu-tools-for-stm32.14.3.rel1.win32_1.0.100.202602081740/tools/bin/../lib/gcc/arm-none-eabi/14.3.1/../../../../arm-none-eabi/lib/thumb/v7e-m+fp/hard\libc_nano.a(libc_a-freer.o)
                0x0800809c                _free_r
 .text.sbrk_aligned
                0x08008130       0x44 C:/Users/juana/Documents/STM32CubeIDE_2.1.0/STM32CubeIDE/plugins/com.st.stm32cube.ide.mcu.externaltools.gnu-tools-for-stm32.14.3.rel1.win32_1.0.100.202602081740/tools/bin/../lib/gcc/arm-none-eabi/14.3.1/../../../../arm-none-eabi/lib/thumb/v7e-m+fp/hard\libc_nano.a(libc_a-mallocr.o)
 .text._malloc_r
                0x08008174      0x100 C:/Users/juana/Documents/STM32CubeIDE_2.1.0/STM32CubeIDE/plugins/com.st.stm32cube.ide.mcu.externaltools.gnu-tools-for-stm32.14.3.rel1.win32_1.0.100.202602081740/tools/bin/../lib/gcc/arm-none-eabi/14.3.1/../../../../arm-none-eabi/lib/thumb/v7e-m+fp/hard\libc_nano.a(libc_a-mallocr.o)
                0x08008174                _malloc_r
 .text.__malloc_lock
                0x08008274        0xc C:/Users/juana/Documents/STM32CubeIDE_2.1.0/STM32CubeIDE/plugins/com.st.stm32cube.ide.mcu.externaltools.gnu-tools-for-stm32.14.3.rel1.win32_1.0.100.202602081740/tools/bin/../lib/gcc/arm-none-eabi/14.3.1/../../../../arm-none-eabi/lib/thumb/v7e-m+fp/hard\libc_nano.a(libc_a-mlock.o)
                0x08008274                __malloc_lock
 .text.__malloc_unlock
                0x08008280        0xc C:/Users/juana/Documents/STM32CubeIDE_2.1.0/STM32CubeIDE/plugins/com.st.stm32cube.ide.mcu.externaltools.gnu-tools-for-stm32.14.3.rel1.win32_1.0.100.202602081740/tools/bin/../lib/gcc/arm-none-eabi/14.3.1/../../../../arm-none-eabi/lib/thumb/v7e-m+fp/hard\libc_nano.a(libc_a-mlock.o)
                0x08008280                __malloc_unlock
 .text.__ssputs_r
                0x0800828c       0xc0 C:/Users/juana/Documents/STM32CubeIDE_2.1.0/STM32CubeIDE/plugins/com.st.stm32cube.ide.mcu.externaltools.gnu-tools-for-stm32.14.3.rel1.win32_1.0.100.202602081740/tools/bin/../lib/gcc/arm-none-eabi/14.3.1/../../../../arm-none-eabi/lib/thumb/v7e-m+fp/hard\libc_nano.a(libc_a-nano-svfprintf.o)
                0x0800828c                __ssputs_r
 .text._svfprintf_r
                0x0800834c      0x1f0 C:/Users/juana/Documents/STM32CubeIDE_2.1.0/STM32CubeIDE/plugins/com.st.stm32cube.ide.mcu.externaltools.gnu-tools-for-stm32.14.3.rel1.win32_1.0.100.202602081740/tools/bin/../lib/gcc/arm-none-eabi/14.3.1/../../../../arm-none-eabi/lib/thumb/v7e-m+fp/hard\libc_nano.a(libc_a-nano-svfprintf.o)
                0x0800834c                _svfiprintf_r
                0x0800834c                _svfprintf_r
 .text._sungetc_r
                0x0800853c       0x7a C:/Users/juana/Documents/STM32CubeIDE_2.1.0/STM32CubeIDE/plugins/com.st.stm32cube.ide.mcu.externaltools.gnu-tools-for-stm32.14.3.rel1.win32_1.0.100.202602081740/tools/bin/../lib/gcc/arm-none-eabi/14.3.1/../../../../arm-none-eabi/lib/thumb/v7e-m+fp/hard\libc_nano.a(libc_a-nano-svfscanf.o)
                0x0800853c                _sungetc_r
 .text.__ssrefill_r
                0x080085b6       0x3a C:/Users/juana/Documents/STM32CubeIDE_2.1.0/STM32CubeIDE/plugins/com.st.stm32cube.ide.mcu.externaltools.gnu-tools-for-stm32.14.3.rel1.win32_1.0.100.202602081740/tools/bin/../lib/gcc/arm-none-eabi/14.3.1/../../../../arm-none-eabi/lib/thumb/v7e-m+fp/hard\libc_nano.a(libc_a-nano-svfscanf.o)
                0x080085b6                __ssrefill_r
 .text.__ssvfscanf_r
                0x080085f0      0x2fc C:/Users/juana/Documents/STM32CubeIDE_2.1.0/STM32CubeIDE/plugins/com.st.stm32cube.ide.mcu.externaltools.gnu-tools-for-stm32.14.3.rel1.win32_1.0.100.202602081740/tools/bin/../lib/gcc/arm-none-eabi/14.3.1/../../../../arm-none-eabi/lib/thumb/v7e-m+fp/hard\libc_nano.a(libc_a-nano-svfscanf.o)
                0x080085f0                __ssvfiscanf_r
                0x080085f0                __ssvfscanf_r
 .text._printf_common
                0x080088ec       0xda C:/Users/juana/Documents/STM32CubeIDE_2.1.0/STM32CubeIDE/plugins/com.st.stm32cube.ide.mcu.externaltools.gnu-tools-for-stm32.14.3.rel1.win32_1.0.100.202602081740/tools/bin/../lib/gcc/arm-none-eabi/14.3.1/../../../../arm-none-eabi/lib/thumb/v7e-m+fp/hard\libc_nano.a(libc_a-nano-vfprintf_i.o)
                0x080088ec                _printf_common
 *fill*         0x080089c6        0x2 
 .text._printf_i
                0x080089c8      0x24c C:/Users/juana/Documents/STM32CubeIDE_2.1.0/STM32CubeIDE/plugins/com.st.stm32cube.ide.mcu.externaltools.gnu-tools-for-stm32.14.3.rel1.win32_1.0.100.202602081740/tools/bin/../lib/gcc/arm-none-eabi/14.3.1/../../../../arm-none-eabi/lib/thumb/v7e-m+fp/hard\libc_nano.a(libc_a-nano-vfprintf_i.o)
                0x080089c8                _printf_i
 .text._scanf_chars
                0x08008c14       0xb4 C:/Users/juana/Documents/STM32CubeIDE_2.1.0/STM32CubeIDE/plugins/com.st.stm32cube.ide.mcu.externaltools.gnu-tools-for-stm32.14.3.rel1.win32_1.0.100.202602081740/tools/bin/../lib/gcc/arm-none-eabi/14.3.1/../../../../arm-none-eabi/lib/thumb/v7e-m+fp/hard\libc_nano.a(libc_a-nano-vfscanf_i.o)
                0x08008c14                _scanf_chars
 .text._scanf_i
                0x08008cc8      0x1e4 C:/Users/juana/Documents/STM32CubeIDE_2.1.0/STM32CubeIDE/plugins/com.st.stm32cube.ide.mcu.externaltools.gnu-tools-for-stm32.14.3.rel1.win32_1.0.100.202602081740/tools/bin/../lib/gcc/arm-none-eabi/14.3.1/../../../../arm-none-eabi/lib/thumb/v7e-m+fp/hard\libc_nano.a(libc_a-nano-vfscanf_i.o)
                0x08008cc8                _scanf_i
 .text.__sccl   0x08008eac       0x72 C:/Users/juana/Documents/STM32CubeIDE_2.1.0/STM32CubeIDE/plugins/com.st.stm32cube.ide.mcu.externaltools.gnu-tools-for-stm32.14.3.rel1.win32_1.0.100.202602081740/tools/bin/../lib/gcc/arm-none-eabi/14.3.1/../../../../arm-none-eabi/lib/thumb/v7e-m+fp/hard\libc_nano.a(libc_a-sccl.o)
                0x08008eac                __sccl
 .text.__submore
                0x08008f1e       0x74 C:/Users/juana/Documents/STM32CubeIDE_2.1.0/STM32CubeIDE/plugins/com.st.stm32cube.ide.mcu.externaltools.gnu-tools-for-stm32.14.3.rel1.win32_1.0.100.202602081740/tools/bin/../lib/gcc/arm-none-eabi/14.3.1/../../../../arm-none-eabi/lib/thumb/v7e-m+fp/hard\libc_nano.a(libc_a-ungetc.o)
                0x08008f1e                __submore
 .text.memmove  0x08008f92       0x32 C:/Users/juana/Documents/STM32CubeIDE_2.1.0/STM32CubeIDE/plugins/com.st.stm32cube.ide.mcu.externaltools.gnu-tools-for-stm32.14.3.rel1.win32_1.0.100.202602081740/tools/bin/../lib/gcc/arm-none-eabi/14.3.1/../../../../arm-none-eabi/lib/thumb/v7e-m+fp/hard\libc_nano.a(libc_a-memmove.o)
                0x08008f92                memmove
 .text._sbrk_r  0x08008fc4       0x20 C:/Users/juana/Documents/STM32CubeIDE_2.1.0/STM32CubeIDE/plugins/com.st.stm32cube.ide.mcu.externaltools.gnu-tools-for-stm32.14.3.rel1.win32_1.0.100.202602081740/tools/bin/../lib/gcc/arm-none-eabi/14.3.1/../../../../arm-none-eabi/lib/thumb/v7e-m+fp/hard\libc_nano.a(libc_a-sbrkr.o)
                0x08008fc4                _sbrk_r
 .text.memcpy   0x08008fe4       0x1c C:/Users/juana/Documents/STM32CubeIDE_2.1.0/STM32CubeIDE/plugins/com.st.stm32cube.ide.mcu.externaltools.gnu-tools-for-stm32.14.3.rel1.win32_1.0.100.202602081740/tools/bin/../lib/gcc/arm-none-eabi/14.3.1/../../../../arm-none-eabi/lib/thumb/v7e-m+fp/hard\libc_nano.a(libc_a-memcpy-stub.o)
                0x08008fe4                memcpy
 .text._realloc_r
                0x08009000       0x5c C:/Users/juana/Documents/STM32CubeIDE_2.1.0/STM32CubeIDE/plugins/com.st.stm32cube.ide.mcu.externaltools.gnu-tools-for-stm32.14.3.rel1.win32_1.0.100.202602081740/tools/bin/../lib/gcc/arm-none-eabi/14.3.1/../../../../arm-none-eabi/lib/thumb/v7e-m+fp/hard\libc_nano.a(libc_a-reallocr.o)
                0x08009000                _realloc_r
 .text._strtol_l.isra.0
                0x0800905c       0xf4 C:/Users/juana/Documents/STM32CubeIDE_2.1.0/STM32CubeIDE/plugins/com.st.stm32cube.ide.mcu.externaltools.gnu-tools-for-stm32.14.3.rel1.win32_1.0.100.202602081740/tools/bin/../lib/gcc/arm-none-eabi/14.3.1/../../../../arm-none-eabi/lib/thumb/v7e-m+fp/hard\libc_nano.a(libc_a-strtol.o)
 .text._strtol_r
                0x08009150        0x4 C:/Users/juana/Documents/STM32CubeIDE_2.1.0/STM32CubeIDE/plugins/com.st.stm32cube.ide.mcu.externaltools.gnu-tools-for-stm32.14.3.rel1.win32_1.0.100.202602081740/tools/bin/../lib/gcc/arm-none-eabi/14.3.1/../../../../arm-none-eabi/lib/thumb/v7e-m+fp/hard\libc_nano.a(libc_a-strtol.o)
                0x08009150                _strtol_r
 .text._strtoul_l.isra.0
                0x08009154       0xdc C:/Users/juana/Documents/STM32CubeIDE_2.1.0/STM32CubeIDE/plugins/com.st.stm32cube.ide.mcu.externaltools.gnu-tools-for-stm32.14.3.rel1.win32_1.0.100.202602081740/tools/bin/../lib/gcc/arm-none-eabi/14.3.1/../../../../arm-none-eabi/lib/thumb/v7e-m+fp/hard\libc_nano.a(libc_a-strtoul.o)
 .text._strtoul_r
                0x08009230        0x4 C:/Users/juana/Documents/STM32CubeIDE_2.1.0/STM32CubeIDE/plugins/com.st.stm32cube.ide.mcu.externaltools.gnu-tools-for-stm32.14.3.rel1.win32_1.0.100.202602081740/tools/bin/../lib/gcc/arm-none-eabi/14.3.1/../../../../arm-none-eabi/lib/thumb/v7e-m+fp/hard\libc_nano.a(libc_a-strtoul.o)
                0x08009230                _strtoul_r
 .text._malloc_usable_size_r
                0x08009234       0x10 C:/Users/juana/Documents/STM32CubeIDE_2.1.0/STM32CubeIDE/plugins/com.st.stm32cube.ide.mcu.externaltools.gnu-tools-for-stm32.14.3.rel1.win32_1.0.100.202602081740/tools/bin/../lib/gcc/arm-none-eabi/14.3.1/../../../../arm-none-eabi/lib/thumb/v7e-m+fp/hard\libc_nano.a(libc_a-msizer.o)
                0x08009234                _malloc_usable_size_r
 *(.glue_7)
 .glue_7        0x08009244        0x0 linker stubs
 *(.glue_7t)
 .glue_7t       0x08009244        0x0 linker stubs
 *(.eh_frame)
 .eh_frame      0x08009244        0x0 C:/Users/juana/Documents/STM32CubeIDE_2.1.0/STM32CubeIDE/plugins/com.st.stm32cube.ide.mcu.externaltools.gnu-tools-for-stm32.14.3.rel1.win32_1.0.100.202602081740/tools/bin/../lib/gcc/arm-none-eabi/14.3.1/thumb/v7e-m+fp/hard/crtbegin.o
 *(.init)
 .init          0x08009244        0x4 C:/Users/juana/Documents/STM32CubeIDE_2.1.0/STM32CubeIDE/plugins/com.st.stm32cube.ide.mcu.externaltools.gnu-tools-for-stm32.14.3.rel1.win32_1.0.100.202602081740/tools/bin/../lib/gcc/arm-none-eabi/14.3.1/thumb/v7e-m+fp/hard/crti.o
                0x08009244                _init
 .init          0x08009248        0x8 C:/Users/juana/Documents/STM32CubeIDE_2.1.0/STM32CubeIDE/plugins/com.st.stm32cube.ide.mcu.externaltools.gnu-tools-for-stm32.14.3.rel1.win32_1.0.100.202602081740/tools/bin/../lib/gcc/arm-none-eabi/14.3.1/thumb/v7e-m+fp/hard/crtn.o
 *(.fini)
 .fini          0x08009250        0x4 C:/Users/juana/Documents/STM32CubeIDE_2.1.0/STM32CubeIDE/plugins/com.st.stm32cube.ide.mcu.externaltools.gnu-tools-for-stm32.14.3.rel1.win32_1.0.100.202602081740/tools/bin/../lib/gcc/arm-none-eabi/14.3.1/thumb/v7e-m+fp/hard/crti.o
                0x08009250                _fini
 .fini          0x08009254        0x8 C:/Users/juana/Documents/STM32CubeIDE_2.1.0/STM32CubeIDE/plugins/com.st.stm32cube.ide.mcu.externaltools.gnu-tools-for-stm32.14.3.rel1.win32_1.0.100.202602081740/tools/bin/../lib/gcc/arm-none-eabi/14.3.1/thumb/v7e-m+fp/hard/crtn.o
                0x0800925c                        . = ALIGN (0x4)
                0x0800925c                        _etext = .

.vfp11_veneer   0x0800925c        0x0
 .vfp11_veneer  0x0800925c        0x0 linker stubs

.v4_bx          0x0800925c        0x0
 .v4_bx         0x0800925c        0x0 linker stubs

.iplt           0x0800925c        0x0
 .iplt          0x0800925c        0x0 C:/Users/juana/Documents/STM32CubeIDE_2.1.0/STM32CubeIDE/plugins/com.st.stm32cube.ide.mcu.externaltools.gnu-tools-for-stm32.14.3.rel1.win32_1.0.100.202602081740/tools/bin/../lib/gcc/arm-none-eabi/14.3.1/thumb/v7e-m+fp/hard/crtbegin.o

.rodata         0x0800925c      0xcc8
                0x0800925c                        . = ALIGN (0x4)
 *(.rodata)
 .rodata        0x0800925c       0xcf ./Application/User/Core/main.o
 *fill*         0x0800932b        0x1 
 .rodata        0x0800932c       0x48 ./Middlewares/FatFs/ff.o
 .rodata        0x08009374        0xc C:/Users/juana/Documents/STM32CubeIDE_2.1.0/STM32CubeIDE/plugins/com.st.stm32cube.ide.mcu.externaltools.gnu-tools-for-stm32.14.3.rel1.win32_1.0.100.202602081740/tools/bin/../lib/gcc/arm-none-eabi/14.3.1/../../../../arm-none-eabi/lib/thumb/v7e-m+fp/hard\libc_nano.a(libc_a-nano-vfscanf_i.o)
 *(.rodata*)
 .rodata.slime  0x08009380      0x200 ./Application/User/Core/main.o
                0x08009380                slime
 .rodata.tile   0x08009580      0x200 ./Application/User/Core/main.o
                0x08009580                tile
 .rodata.uno1   0x08009780      0x200 ./Application/User/Core/main.o
                0x08009780                uno1
 .rodata.AHBPrescTable
                0x08009980       0x10 ./Drivers/CMSIS/system_stm32f4xx.o
                0x08009980                AHBPrescTable
 .rodata.APBPrescTable
                0x08009990        0x8 ./Drivers/CMSIS/system_stm32f4xx.o
                0x08009990                APBPrescTable
 .rodata.Tbl    0x08009998      0x100 ./Middlewares/FatFs/ccsbcs.o
 .rodata.cvt1.1
                0x08009a98      0x1f2 ./Middlewares/FatFs/ccsbcs.o
 *fill*         0x08009c8a        0x2 
 .rodata.cvt2.0
                0x08009c8c       0xbc ./Middlewares/FatFs/ccsbcs.o
 .rodata.ExCvt  0x08009d48       0x80 ./Middlewares/FatFs/ff.o
 .rodata.LfnOfs
                0x08009dc8        0xd ./Middlewares/FatFs/ff.o
 .rodata._svfprintf_r.str1.1
                0x08009dd5       0x4e C:/Users/juana/Documents/STM32CubeIDE_2.1.0/STM32CubeIDE/plugins/com.st.stm32cube.ide.mcu.externaltools.gnu-tools-for-stm32.14.3.rel1.win32_1.0.100.202602081740/tools/bin/../lib/gcc/arm-none-eabi/14.3.1/../../../../arm-none-eabi/lib/thumb/v7e-m+fp/hard\libc_nano.a(libc_a-nano-svfprintf.o)
                                 0x11 (size before relaxing)
 .rodata.__ssvfscanf_r.str1.1
                0x08009e23        0x4 C:/Users/juana/Documents/STM32CubeIDE_2.1.0/STM32CubeIDE/plugins/com.st.stm32cube.ide.mcu.externaltools.gnu-tools-for-stm32.14.3.rel1.win32_1.0.100.202602081740/tools/bin/../lib/gcc/arm-none-eabi/14.3.1/../../../../arm-none-eabi/lib/thumb/v7e-m+fp/hard\libc_nano.a(libc_a-nano-svfscanf.o)
 .rodata._printf_i.str1.1
                0x08009e23       0x22 C:/Users/juana/Documents/STM32CubeIDE_2.1.0/STM32CubeIDE/plugins/com.st.stm32cube.ide.mcu.externaltools.gnu-tools-for-stm32.14.3.rel1.win32_1.0.100.202602081740/tools/bin/../lib/gcc/arm-none-eabi/14.3.1/../../../../arm-none-eabi/lib/thumb/v7e-m+fp/hard\libc_nano.a(libc_a-nano-vfprintf_i.o)
 .rodata._scanf_i.str1.1
                0x08009e23       0x12 C:/Users/juana/Documents/STM32CubeIDE_2.1.0/STM32CubeIDE/plugins/com.st.stm32cube.ide.mcu.externaltools.gnu-tools-for-stm32.14.3.rel1.win32_1.0.100.202602081740/tools/bin/../lib/gcc/arm-none-eabi/14.3.1/../../../../arm-none-eabi/lib/thumb/v7e-m+fp/hard\libc_nano.a(libc_a-nano-vfscanf_i.o)
 .rodata.str1.1
                0x08009e23        0x9 C:/Users/juana/Documents/STM32CubeIDE_2.1.0/STM32CubeIDE/plugins/com.st.stm32cube.ide.mcu.externaltools.gnu-tools-for-stm32.14.3.rel1.win32_1.0.100.202602081740/tools/bin/../lib/gcc/arm-none-eabi/14.3.1/../../../../arm-none-eabi/lib/thumb/v7e-m+fp/hard\libc_nano.a(libc_a-nano-vfscanf_i.o)
 .rodata._ctype_
                0x08009e23      0x101 C:/Users/juana/Documents/STM32CubeIDE_2.1.0/STM32CubeIDE/plugins/com.st.stm32cube.ide.mcu.externaltools.gnu-tools-for-stm32.14.3.rel1.win32_1.0.100.202602081740/tools/bin/../lib/gcc/arm-none-eabi/14.3.1/../../../../arm-none-eabi/lib/thumb/v7e-m+fp/hard\libc_nano.a(libc_a-ctype_.o)
                0x08009e23                _ctype_
                0x08009f24                        . = ALIGN (0x4)

.ARM.extab      0x08009f24        0x0
                0x08009f24                        . = ALIGN (0x4)
 *(.ARM.extab* .gnu.linkonce.armextab.*)
                0x08009f24                        . = ALIGN (0x4)

.ARM            0x08009f24        0x8
                0x08009f24                        . = ALIGN (0x4)
                0x08009f24                        __exidx_start = .
 *(.ARM.exidx*)
 .ARM.exidx     0x08009f24        0x8 C:/Users/juana/Documents/STM32CubeIDE_2.1.0/STM32CubeIDE/plugins/com.st.stm32cube.ide.mcu.externaltools.gnu-tools-for-stm32.14.3.rel1.win32_1.0.100.202602081740/tools/bin/../lib/gcc/arm-none-eabi/14.3.1/../../../../arm-none-eabi/lib/thumb/v7e-m+fp/hard\libc_nano.a(libc_a-strlen.o)
 .ARM.exidx     0x08009f2c        0x0 C:/Users/juana/Documents/STM32CubeIDE_2.1.0/STM32CubeIDE/plugins/com.st.stm32cube.ide.mcu.externaltools.gnu-tools-for-stm32.14.3.rel1.win32_1.0.100.202602081740/tools/bin/../lib/gcc/arm-none-eabi/14.3.1/../../../../arm-none-eabi/lib/thumb/v7e-m+fp/hard\libc_nano.a(libc_a-memchr.o)
                                  0x8 (size before relaxing)
 .ARM.exidx     0x08009f2c        0x0 C:/Users/juana/Documents/STM32CubeIDE_2.1.0/STM32CubeIDE/plugins/com.st.stm32cube.ide.mcu.externaltools.gnu-tools-for-stm32.14.3.rel1.win32_1.0.100.202602081740/tools/bin/../lib/gcc/arm-none-eabi/14.3.1/thumb/v7e-m+fp/hard\libgcc.a(_udivmoddi4.o)
                                  0x8 (size before relaxing)
                0x08009f2c                        __exidx_end = .
                0x08009f2c                        . = ALIGN (0x4)

.preinit_array  0x08009f2c        0x0
                0x08009f2c                        . = ALIGN (0x4)
                0x08009f2c                        PROVIDE (__preinit_array_start = .)
 *(.preinit_array*)
                0x08009f2c                        PROVIDE (__preinit_array_end = .)
                0x08009f2c                        . = ALIGN (0x4)

.init_array     0x08009f2c        0x4
                0x08009f2c                        . = ALIGN (0x4)
                0x08009f2c                        PROVIDE (__init_array_start = .)
 *(SORT_BY_NAME(.init_array.*))
 *(.init_array*)
 .init_array    0x08009f2c        0x4 C:/Users/juana/Documents/STM32CubeIDE_2.1.0/STM32CubeIDE/plugins/com.st.stm32cube.ide.mcu.externaltools.gnu-tools-for-stm32.14.3.rel1.win32_1.0.100.202602081740/tools/bin/../lib/gcc/arm-none-eabi/14.3.1/thumb/v7e-m+fp/hard/crtbegin.o
                0x08009f30                        PROVIDE (__init_array_end = .)
                0x08009f30                        . = ALIGN (0x4)

.fini_array     0x08009f30        0x4
                0x08009f30                        . = ALIGN (0x4)
                [!provide]                        PROVIDE (__fini_array_start = .)
 *(SORT_BY_NAME(.fini_array.*))
 *(.fini_array*)
 .fini_array    0x08009f30        0x4 C:/Users/juana/Documents/STM32CubeIDE_2.1.0/STM32CubeIDE/plugins/com.st.stm32cube.ide.mcu.externaltools.gnu-tools-for-stm32.14.3.rel1.win32_1.0.100.202602081740/tools/bin/../lib/gcc/arm-none-eabi/14.3.1/thumb/v7e-m+fp/hard/crtbegin.o
                [!provide]                        PROVIDE (__fini_array_end = .)
                0x08009f34                        . = ALIGN (0x4)
                0x08009f34                        _sidata = LOADADDR (.data)

.rel.dyn        0x08009f34        0x0
 .rel.iplt      0x08009f34        0x0 C:/Users/juana/Documents/STM32CubeIDE_2.1.0/STM32CubeIDE/plugins/com.st.stm32cube.ide.mcu.externaltools.gnu-tools-for-stm32.14.3.rel1.win32_1.0.100.202602081740/tools/bin/../lib/gcc/arm-none-eabi/14.3.1/thumb/v7e-m+fp/hard/crtbegin.o

.data           0x20000000      0x274 load address 0x08009f34
                0x20000000                        . = ALIGN (0x4)
                0x20000000                        _sdata = .
 *(.data)
 *(.data*)
 .data.Stat     0x20000000        0x1 ./Application/User/Core/fatfs_sd.o
 *fill*         0x20000001        0x3 
 .data.dos1     0x20000004      0x200 ./Application/User/Core/main.o
                0x20000004                dos1
 .data.USER_Driver
                0x20000204       0x14 ./Application/User/FATFS/Target/user_diskio.o
                0x20000204                USER_Driver
 .data.SystemCoreClock
                0x20000218        0x4 ./Drivers/CMSIS/system_stm32f4xx.o
                0x20000218                SystemCoreClock
 .data.uwTickPrio
                0x2000021c        0x4 ./Drivers/STM32F4xx_HAL_Driver/stm32f4xx_hal.o
                0x2000021c                uwTickPrio
 .data.uwTickFreq
                0x20000220        0x1 ./Drivers/STM32F4xx_HAL_Driver/stm32f4xx_hal.o
                0x20000220                uwTickFreq
 *fill*         0x20000221        0x3 
 .data._impure_ptr
                0x20000224        0x4 C:/Users/juana/Documents/STM32CubeIDE_2.1.0/STM32CubeIDE/plugins/com.st.stm32cube.ide.mcu.externaltools.gnu-tools-for-stm32.14.3.rel1.win32_1.0.100.202602081740/tools/bin/../lib/gcc/arm-none-eabi/14.3.1/../../../../arm-none-eabi/lib/thumb/v7e-m+fp/hard\libc_nano.a(libc_a-impure.o)
                0x20000224                _impure_ptr
 .data._impure_data
                0x20000228       0x4c C:/Users/juana/Documents/STM32CubeIDE_2.1.0/STM32CubeIDE/plugins/com.st.stm32cube.ide.mcu.externaltools.gnu-tools-for-stm32.14.3.rel1.win32_1.0.100.202602081740/tools/bin/../lib/gcc/arm-none-eabi/14.3.1/../../../../arm-none-eabi/lib/thumb/v7e-m+fp/hard\libc_nano.a(libc_a-impure.o)
                0x20000228                _impure_data
 *(.RamFunc)
 *(.RamFunc*)
                0x20000274                        . = ALIGN (0x4)
                0x20000274                        _edata = .

.igot.plt       0x20000274        0x0 load address 0x0800a1a8
 .igot.plt      0x20000274        0x0 C:/Users/juana/Documents/STM32CubeIDE_2.1.0/STM32CubeIDE/plugins/com.st.stm32cube.ide.mcu.externaltools.gnu-tools-for-stm32.14.3.rel1.win32_1.0.100.202602081740/tools/bin/../lib/gcc/arm-none-eabi/14.3.1/thumb/v7e-m+fp/hard/crtbegin.o
                0x20000274                        . = ALIGN (0x4)

.bss            0x20000274      0x5c0 load address 0x0800a1a8
                0x20000274                        _sbss = .
                0x20000274                        __bss_start__ = _sbss
 *(.bss)
 .bss           0x20000274       0x1c C:/Users/juana/Documents/STM32CubeIDE_2.1.0/STM32CubeIDE/plugins/com.st.stm32cube.ide.mcu.externaltools.gnu-tools-for-stm32.14.3.rel1.win32_1.0.100.202602081740/tools/bin/../lib/gcc/arm-none-eabi/14.3.1/thumb/v7e-m+fp/hard/crtbegin.o
 *(.bss*)
 .bss.Timer1    0x20000290        0x2 ./Application/User/Core/fatfs_sd.o
                0x20000290                Timer1
 .bss.Timer2    0x20000292        0x2 ./Application/User/Core/fatfs_sd.o
                0x20000292                Timer2
 .bss.CardType  0x20000294        0x1 ./Application/User/Core/fatfs_sd.o
 .bss.PowerFlag
                0x20000295        0x1 ./Application/User/Core/fatfs_sd.o
 *fill*         0x20000296        0x2 
 .bss.hspi1     0x20000298       0x58 ./Application/User/Core/main.o
                0x20000298                hspi1
 .bss.huart1    0x200002f0       0x48 ./Application/User/Core/main.o
                0x200002f0                huart1
 .bss.huart2    0x20000338       0x48 ./Application/User/Core/main.o
                0x20000338                huart2
 .bss.huart6    0x20000380       0x48 ./Application/User/Core/main.o
                0x20000380                huart6
 .bss.rx_char   0x200003c8        0x1 ./Application/User/Core/main.o
                0x200003c8                rx_char
 *fill*         0x200003c9        0x3 
 .bss.bufferU6  0x200003cc       0x14 ./Application/User/Core/main.o
                0x200003cc                bufferU6
 .bss.idx6      0x200003e0        0x1 ./Application/User/Core/main.o
                0x200003e0                idx6
 .bss.rx_char6  0x200003e1        0x1 ./Application/User/Core/main.o
                0x200003e1                rx_char6
 .bss.newDataU6
                0x200003e2        0x1 ./Application/User/Core/main.o
                0x200003e2                newDataU6
 .bss.rxByte    0x200003e3        0x1 ./Application/User/Core/main.o
                0x200003e3                rxByte
 .bss.F_Start   0x200003e4        0x1 ./Application/User/Core/main.o
                0x200003e4                F_Start
 .bss.M1_F      0x200003e5        0x1 ./Application/User/Core/main.o
                0x200003e5                M1_F
 .bss.sChange_F1
                0x200003e6        0x1 ./Application/User/Core/main.o
                0x200003e6                sChange_F1
 .bss.Score1    0x200003e7        0x1 ./Application/User/Core/main.o
                0x200003e7                Score1
 .bss.PJ1       0x200003e8        0x6 ./Application/User/Core/main.o
                0x200003e8                PJ1
 *fill*         0x200003ee        0x2 
 .bss.PJ1o      0x200003f0        0x6 ./Application/User/Core/main.o
                0x200003f0                PJ1o
 *fill*         0x200003f6        0x2 
 .bss.blq1_PJ1  0x200003f8        0x6 ./Application/User/Core/main.o
                0x200003f8                blq1_PJ1
 *fill*         0x200003fe        0x2 
 .bss.par1      0x20000400        0x6 ./Application/User/Core/main.o
                0x20000400                par1
 *fill*         0x20000406        0x2 
 .bss.par2      0x20000408        0x6 ./Application/User/Core/main.o
                0x20000408                par2
 *fill*         0x2000040e        0x2 
 .bss.par3      0x20000410        0x6 ./Application/User/Core/main.o
                0x20000410                par3
 *fill*         0x20000416        0x2 
 .bss.par4      0x20000418        0x6 ./Application/User/Core/main.o
                0x20000418                par4
 *fill*         0x2000041e        0x2 
 .bss.blq2_PJ1  0x20000420        0x6 ./Application/User/Core/main.o
                0x20000420                blq2_PJ1
 *fill*         0x20000426        0x2 
 .bss.blq3_PJ1  0x20000428        0x6 ./Application/User/Core/main.o
                0x20000428                blq3_PJ1
 *fill*         0x2000042e        0x2 
 .bss.blq4_PJ1  0x20000430        0x6 ./Application/User/Core/main.o
                0x20000430                blq4_PJ1
 *fill*         0x20000436        0x2 
 .bss.blq5_PJ1  0x20000438        0x6 ./Application/User/Core/main.o
                0x20000438                blq5_PJ1
 *fill*         0x2000043e        0x2 
 .bss.blq6_PJ1  0x20000440        0x6 ./Application/User/Core/main.o
                0x20000440                blq6_PJ1
 *fill*         0x20000446        0x2 
 .bss.blq7_PJ1  0x20000448        0x6 ./Application/User/Core/main.o
                0x20000448                blq7_PJ1
 *fill*         0x2000044e        0x2 
 .bss.blq8_PJ1  0x20000450        0x6 ./Application/User/Core/main.o
                0x20000450                blq8_PJ1
 *fill*         0x20000456        0x2 
 .bss.blq9_PJ1  0x20000458        0x6 ./Application/User/Core/main.o
                0x20000458                blq9_PJ1
 *fill*         0x2000045e        0x2 
 .bss.blq10_PJ1
                0x20000460        0x6 ./Application/User/Core/main.o
                0x20000460                blq10_PJ1
 *fill*         0x20000466        0x2 
 .bss.blq11_PJ1
                0x20000468        0x6 ./Application/User/Core/main.o
                0x20000468                blq11_PJ1
 *fill*         0x2000046e        0x2 
 .bss.blq12_PJ1
                0x20000470        0x6 ./Application/User/Core/main.o
                0x20000470                blq12_PJ1
 *fill*         0x20000476        0x2 
 .bss.blq13_PJ1
                0x20000478        0x6 ./Application/User/Core/main.o
                0x20000478                blq13_PJ1
 *fill*         0x2000047e        0x2 
 .bss.blq14_PJ1
                0x20000480        0x6 ./Application/User/Core/main.o
                0x20000480                blq14_PJ1
 *fill*         0x20000486        0x2 
 .bss.blq15_PJ1
                0x20000488        0x6 ./Application/User/Core/main.o
                0x20000488                blq15_PJ1
 *fill*         0x2000048e        0x2 
 .bss.blq16_PJ1
                0x20000490        0x6 ./Application/User/Core/main.o
                0x20000490                blq16_PJ1
 *fill*         0x20000496        0x2 
 .bss.blq17_PJ1
                0x20000498        0x6 ./Application/User/Core/main.o
                0x20000498                blq17_PJ1
 *fill*         0x2000049e        0x2 
 .bss.star1     0x200004a0        0x6 ./Application/User/Core/main.o
                0x200004a0                star1
 *fill*         0x200004a6        0x2 
 .bss.__sbrk_heap_end
                0x200004a8        0x4 ./Application/User/Core/sysmem.o
 .bss.retUSER   0x200004ac        0x1 ./Application/User/FATFS/App/fatfs.o
                0x200004ac                retUSER
 *fill*         0x200004ad        0x3 
 .bss.USERPath  0x200004b0        0x4 ./Application/User/FATFS/App/fatfs.o
                0x200004b0                USERPath
 .bss.uwTick    0x200004b4        0x4 ./Drivers/STM32F4xx_HAL_Driver/stm32f4xx_hal.o
                0x200004b4                uwTick
 .bss.FatFs     0x200004b8        0x4 ./Middlewares/FatFs/ff.o
 .bss.Fsid      0x200004bc        0x2 ./Middlewares/FatFs/ff.o
 *fill*         0x200004be        0x2 
 .bss.Files     0x200004c0       0x20 ./Middlewares/FatFs/ff.o
 .bss.LfnBuf    0x200004e0      0x200 ./Middlewares/FatFs/ff.o
 .bss.disk      0x200006e0        0xc ./Middlewares/FatFs/ff_gen_drv.o
                0x200006e0                disk
 .bss.__sf      0x200006ec      0x138 C:/Users/juana/Documents/STM32CubeIDE_2.1.0/STM32CubeIDE/plugins/com.st.stm32cube.ide.mcu.externaltools.gnu-tools-for-stm32.14.3.rel1.win32_1.0.100.202602081740/tools/bin/../lib/gcc/arm-none-eabi/14.3.1/../../../../arm-none-eabi/lib/thumb/v7e-m+fp/hard\libc_nano.a(libc_a-findfp.o)
                0x200006ec                __sf
 .bss.errno     0x20000824        0x4 C:/Users/juana/Documents/STM32CubeIDE_2.1.0/STM32CubeIDE/plugins/com.st.stm32cube.ide.mcu.externaltools.gnu-tools-for-stm32.14.3.rel1.win32_1.0.100.202602081740/tools/bin/../lib/gcc/arm-none-eabi/14.3.1/../../../../arm-none-eabi/lib/thumb/v7e-m+fp/hard\libc_nano.a(libc_a-reent.o)
                0x20000824                errno
 .bss.__lock___malloc_recursive_mutex
                0x20000828        0x1 C:/Users/juana/Documents/STM32CubeIDE_2.1.0/STM32CubeIDE/plugins/com.st.stm32cube.ide.mcu.externaltools.gnu-tools-for-stm32.14.3.rel1.win32_1.0.100.202602081740/tools/bin/../lib/gcc/arm-none-eabi/14.3.1/../../../../arm-none-eabi/lib/thumb/v7e-m+fp/hard\libc_nano.a(libc_a-lock.o)
                0x20000828                __lock___malloc_recursive_mutex
 *fill*         0x20000829        0x3 
 .bss.__malloc_sbrk_start
                0x2000082c        0x4 C:/Users/juana/Documents/STM32CubeIDE_2.1.0/STM32CubeIDE/plugins/com.st.stm32cube.ide.mcu.externaltools.gnu-tools-for-stm32.14.3.rel1.win32_1.0.100.202602081740/tools/bin/../lib/gcc/arm-none-eabi/14.3.1/../../../../arm-none-eabi/lib/thumb/v7e-m+fp/hard\libc_nano.a(libc_a-mallocr.o)
                0x2000082c                __malloc_sbrk_start
 .bss.__malloc_free_list
                0x20000830        0x4 C:/Users/juana/Documents/STM32CubeIDE_2.1.0/STM32CubeIDE/plugins/com.st.stm32cube.ide.mcu.externaltools.gnu-tools-for-stm32.14.3.rel1.win32_1.0.100.202602081740/tools/bin/../lib/gcc/arm-none-eabi/14.3.1/../../../../arm-none-eabi/lib/thumb/v7e-m+fp/hard\libc_nano.a(libc_a-mallocr.o)
                0x20000830                __malloc_free_list
 *(COMMON)
                0x20000834                        . = ALIGN (0x4)
                0x20000834                        _ebss = .
                0x20000834                        __bss_end__ = _ebss

._user_heap_stack
                0x20000834      0x604 load address 0x0800a1a8
                0x20000838                        . = ALIGN (0x8)
 *fill*         0x20000834        0x4 
                [!provide]                        PROVIDE (end = .)
                0x20000838                        PROVIDE (_end = .)
                0x20000a38                        . = (. + _Min_Heap_Size)
 *fill*         0x20000838      0x200 
                0x20000e38                        . = (. + _Min_Stack_Size)
 *fill*         0x20000a38      0x400 
                0x20000e38                        . = ALIGN (0x8)

/DISCARD/
 libc.a(*)
 libm.a(*)
 libgcc.a(*)

.ARM.attributes
                0x00000000       0x30
 *(.ARM.attributes)
 .ARM.attributes
                0x00000000       0x22 C:/Users/juana/Documents/STM32CubeIDE_2.1.0/STM32CubeIDE/plugins/com.st.stm32cube.ide.mcu.externaltools.gnu-tools-for-stm32.14.3.rel1.win32_1.0.100.202602081740/tools/bin/../lib/gcc/arm-none-eabi/14.3.1/thumb/v7e-m+fp/hard/crti.o
 .ARM.attributes
                0x00000022       0x34 C:/Users/juana/Documents/STM32CubeIDE_2.1.0/STM32CubeIDE/plugins/com.st.stm32cube.ide.mcu.externaltools.gnu-tools-for-stm32.14.3.rel1.win32_1.0.100.202602081740/tools/bin/../lib/gcc/arm-none-eabi/14.3.1/thumb/v7e-m+fp/hard/crtbegin.o
 .ARM.attributes
                0x00000056       0x34 ./Application/User/Core/fatfs_sd.o
 .ARM.attributes
                0x0000008a       0x34 ./Application/User/Core/ili9341.o
 .ARM.attributes
                0x000000be       0x34 ./Application/User/Core/main.o
 .ARM.attributes
                0x000000f2       0x34 ./Application/User/Core/stm32f4xx_hal_msp.o
 .ARM.attributes
                0x00000126       0x34 ./Application/User/Core/stm32f4xx_it.o
 .ARM.attributes
                0x0000015a       0x34 ./Application/User/Core/sysmem.o
 .ARM.attributes
                0x0000018e       0x34 ./Application/User/FATFS/App/fatfs.o
 .ARM.attributes
                0x000001c2       0x34 ./Application/User/FATFS/Target/user_diskio.o
 .ARM.attributes
                0x000001f6       0x21 ./Application/User/Startup/startup_stm32f401retx.o
 .ARM.attributes
                0x00000217       0x34 ./Drivers/CMSIS/system_stm32f4xx.o
 .ARM.attributes
                0x0000024b       0x34 ./Drivers/STM32F4xx_HAL_Driver/stm32f4xx_hal.o
 .ARM.attributes
                0x0000027f       0x34 ./Drivers/STM32F4xx_HAL_Driver/stm32f4xx_hal_cortex.o
 .ARM.attributes
                0x000002b3       0x34 ./Drivers/STM32F4xx_HAL_Driver/stm32f4xx_hal_dma.o
 .ARM.attributes
                0x000002e7       0x34 ./Drivers/STM32F4xx_HAL_Driver/stm32f4xx_hal_gpio.o
 .ARM.attributes
                0x0000031b       0x34 ./Drivers/STM32F4xx_HAL_Driver/stm32f4xx_hal_rcc.o
 .ARM.attributes
                0x0000034f       0x34 ./Drivers/STM32F4xx_HAL_Driver/stm32f4xx_hal_spi.o
 .ARM.attributes
                0x00000383       0x34 ./Drivers/STM32F4xx_HAL_Driver/stm32f4xx_hal_uart.o
 .ARM.attributes
                0x000003b7       0x34 ./Middlewares/FatFs/ccsbcs.o
 .ARM.attributes
                0x000003eb       0x34 ./Middlewares/FatFs/diskio.o
 .ARM.attributes
                0x0000041f       0x34 ./Middlewares/FatFs/ff.o
 .ARM.attributes
                0x00000453       0x34 ./Middlewares/FatFs/ff_gen_drv.o
 .ARM.attributes
                0x00000487       0x34 C:/Users/juana/Documents/STM32CubeIDE_2.1.0/STM32CubeIDE/plugins/com.st.stm32cube.ide.mcu.externaltools.gnu-tools-for-stm32.14.3.rel1.win32_1.0.100.202602081740/tools/bin/../lib/gcc/arm-none-eabi/14.3.1/../../../../arm-none-eabi/lib/thumb/v7e-m+fp/hard\libc_nano.a(libc_a-findfp.o)
 .ARM.attributes
                0x000004bb       0x34 C:/Users/juana/Documents/STM32CubeIDE_2.1.0/STM32CubeIDE/plugins/com.st.stm32cube.ide.mcu.externaltools.gnu-tools-for-stm32.14.3.rel1.win32_1.0.100.202602081740/tools/bin/../lib/gcc/arm-none-eabi/14.3.1/../../../../arm-none-eabi/lib/thumb/v7e-m+fp/hard\libc_nano.a(libc_a-sprintf.o)
 .ARM.attributes
                0x000004ef       0x34 C:/Users/juana/Documents/STM32CubeIDE_2.1.0/STM32CubeIDE/plugins/com.st.stm32cube.ide.mcu.externaltools.gnu-tools-for-stm32.14.3.rel1.win32_1.0.100.202602081740/tools/bin/../lib/gcc/arm-none-eabi/14.3.1/../../../../arm-none-eabi/lib/thumb/v7e-m+fp/hard\libc_nano.a(libc_a-sscanf.o)
 .ARM.attributes
                0x00000523       0x34 C:/Users/juana/Documents/STM32CubeIDE_2.1.0/STM32CubeIDE/plugins/com.st.stm32cube.ide.mcu.externaltools.gnu-tools-for-stm32.14.3.rel1.win32_1.0.100.202602081740/tools/bin/../lib/gcc/arm-none-eabi/14.3.1/../../../../arm-none-eabi/lib/thumb/v7e-m+fp/hard\libc_nano.a(libc_a-stdio.o)
 .ARM.attributes
                0x00000557       0x34 C:/Users/juana/Documents/STM32CubeIDE_2.1.0/STM32CubeIDE/plugins/com.st.stm32cube.ide.mcu.externaltools.gnu-tools-for-stm32.14.3.rel1.win32_1.0.100.202602081740/tools/bin/../lib/gcc/arm-none-eabi/14.3.1/../../../../arm-none-eabi/lib/thumb/v7e-m+fp/hard\libc_nano.a(libc_a-memset.o)
 .ARM.attributes
                0x0000058b       0x34 C:/Users/juana/Documents/STM32CubeIDE_2.1.0/STM32CubeIDE/plugins/com.st.stm32cube.ide.mcu.externaltools.gnu-tools-for-stm32.14.3.rel1.win32_1.0.100.202602081740/tools/bin/../lib/gcc/arm-none-eabi/14.3.1/../../../../arm-none-eabi/lib/thumb/v7e-m+fp/hard\libc_nano.a(libc_a-strcat.o)
 .ARM.attributes
                0x000005bf       0x34 C:/Users/juana/Documents/STM32CubeIDE_2.1.0/STM32CubeIDE/plugins/com.st.stm32cube.ide.mcu.externaltools.gnu-tools-for-stm32.14.3.rel1.win32_1.0.100.202602081740/tools/bin/../lib/gcc/arm-none-eabi/14.3.1/../../../../arm-none-eabi/lib/thumb/v7e-m+fp/hard\libc_nano.a(libc_a-reent.o)
 .ARM.attributes
                0x000005f3       0x34 C:/Users/juana/Documents/STM32CubeIDE_2.1.0/STM32CubeIDE/plugins/com.st.stm32cube.ide.mcu.externaltools.gnu-tools-for-stm32.14.3.rel1.win32_1.0.100.202602081740/tools/bin/../lib/gcc/arm-none-eabi/14.3.1/../../../../arm-none-eabi/lib/thumb/v7e-m+fp/hard\libc_nano.a(libc_a-impure.o)
 .ARM.attributes
                0x00000627       0x34 C:/Users/juana/Documents/STM32CubeIDE_2.1.0/STM32CubeIDE/plugins/com.st.stm32cube.ide.mcu.externaltools.gnu-tools-for-stm32.14.3.rel1.win32_1.0.100.202602081740/tools/bin/../lib/gcc/arm-none-eabi/14.3.1/../../../../arm-none-eabi/lib/thumb/v7e-m+fp/hard\libc_nano.a(libc_a-errno.o)
 .ARM.attributes
                0x0000065b       0x34 C:/Users/juana/Documents/STM32CubeIDE_2.1.0/STM32CubeIDE/plugins/com.st.stm32cube.ide.mcu.externaltools.gnu-tools-for-stm32.14.3.rel1.win32_1.0.100.202602081740/tools/bin/../lib/gcc/arm-none-eabi/14.3.1/../../../../arm-none-eabi/lib/thumb/v7e-m+fp/hard\libc_nano.a(libc_a-init.o)
 .ARM.attributes
                0x0000068f       0x34 C:/Users/juana/Documents/STM32CubeIDE_2.1.0/STM32CubeIDE/plugins/com.st.stm32cube.ide.mcu.externaltools.gnu-tools-for-stm32.14.3.rel1.win32_1.0.100.202602081740/tools/bin/../lib/gcc/arm-none-eabi/14.3.1/../../../../arm-none-eabi/lib/thumb/v7e-m+fp/hard\libc_nano.a(libc_a-lock.o)
 .ARM.attributes
                0x000006c3       0x17 C:/Users/juana/Documents/STM32CubeIDE_2.1.0/STM32CubeIDE/plugins/com.st.stm32cube.ide.mcu.externaltools.gnu-tools-for-stm32.14.3.rel1.win32_1.0.100.202602081740/tools/bin/../lib/gcc/arm-none-eabi/14.3.1/../../../../arm-none-eabi/lib/thumb/v7e-m+fp/hard\libc_nano.a(libc_a-strlen.o)
 .ARM.attributes
                0x000006da       0x34 C:/Users/juana/Documents/STM32CubeIDE_2.1.0/STM32CubeIDE/plugins/com.st.stm32cube.ide.mcu.externaltools.gnu-tools-for-stm32.14.3.rel1.win32_1.0.100.202602081740/tools/bin/../lib/gcc/arm-none-eabi/14.3.1/../../../../arm-none-eabi/lib/thumb/v7e-m+fp/hard\libc_nano.a(libc_a-freer.o)
 .ARM.attributes
                0x0000070e       0x34 C:/Users/juana/Documents/STM32CubeIDE_2.1.0/STM32CubeIDE/plugins/com.st.stm32cube.ide.mcu.externaltools.gnu-tools-for-stm32.14.3.rel1.win32_1.0.100.202602081740/tools/bin/../lib/gcc/arm-none-eabi/14.3.1/../../../../arm-none-eabi/lib/thumb/v7e-m+fp/hard\libc_nano.a(libc_a-mallocr.o)
 .ARM.attributes
                0x00000742       0x34 C:/Users/juana/Documents/STM32CubeIDE_2.1.0/STM32CubeIDE/plugins/com.st.stm32cube.ide.mcu.externaltools.gnu-tools-for-stm32.14.3.rel1.win32_1.0.100.202602081740/tools/bin/../lib/gcc/arm-none-eabi/14.3.1/../../../../arm-none-eabi/lib/thumb/v7e-m+fp/hard\libc_nano.a(libc_a-mlock.o)
 .ARM.attributes
                0x00000776       0x34 C:/Users/juana/Documents/STM32CubeIDE_2.1.0/STM32CubeIDE/plugins/com.st.stm32cube.ide.mcu.externaltools.gnu-tools-for-stm32.14.3.rel1.win32_1.0.100.202602081740/tools/bin/../lib/gcc/arm-none-eabi/14.3.1/../../../../arm-none-eabi/lib/thumb/v7e-m+fp/hard\libc_nano.a(libc_a-nano-svfprintf.o)
 .ARM.attributes
                0x000007aa       0x34 C:/Users/juana/Documents/STM32CubeIDE_2.1.0/STM32CubeIDE/plugins/com.st.stm32cube.ide.mcu.externaltools.gnu-tools-for-stm32.14.3.rel1.win32_1.0.100.202602081740/tools/bin/../lib/gcc/arm-none-eabi/14.3.1/../../../../arm-none-eabi/lib/thumb/v7e-m+fp/hard\libc_nano.a(libc_a-nano-svfscanf.o)
 .ARM.attributes
                0x000007de       0x34 C:/Users/juana/Documents/STM32CubeIDE_2.1.0/STM32CubeIDE/plugins/com.st.stm32cube.ide.mcu.externaltools.gnu-tools-for-stm32.14.3.rel1.win32_1.0.100.202602081740/tools/bin/../lib/gcc/arm-none-eabi/14.3.1/../../../../arm-none-eabi/lib/thumb/v7e-m+fp/hard\libc_nano.a(libc_a-nano-vfprintf_i.o)
 .ARM.attributes
                0x00000812       0x34 C:/Users/juana/Documents/STM32CubeIDE_2.1.0/STM32CubeIDE/plugins/com.st.stm32cube.ide.mcu.externaltools.gnu-tools-for-stm32.14.3.rel1.win32_1.0.100.202602081740/tools/bin/../lib/gcc/arm-none-eabi/14.3.1/../../../../arm-none-eabi/lib/thumb/v7e-m+fp/hard\libc_nano.a(libc_a-nano-vfscanf_i.o)
 .ARM.attributes
                0x00000846       0x34 C:/Users/juana/Documents/STM32CubeIDE_2.1.0/STM32CubeIDE/plugins/com.st.stm32cube.ide.mcu.externaltools.gnu-tools-for-stm32.14.3.rel1.win32_1.0.100.202602081740/tools/bin/../lib/gcc/arm-none-eabi/14.3.1/../../../../arm-none-eabi/lib/thumb/v7e-m+fp/hard\libc_nano.a(libc_a-sccl.o)
 .ARM.attributes
                0x0000087a       0x34 C:/Users/juana/Documents/STM32CubeIDE_2.1.0/STM32CubeIDE/plugins/com.st.stm32cube.ide.mcu.externaltools.gnu-tools-for-stm32.14.3.rel1.win32_1.0.100.202602081740/tools/bin/../lib/gcc/arm-none-eabi/14.3.1/../../../../arm-none-eabi/lib/thumb/v7e-m+fp/hard\libc_nano.a(libc_a-ungetc.o)
 .ARM.attributes
                0x000008ae       0x34 C:/Users/juana/Documents/STM32CubeIDE_2.1.0/STM32CubeIDE/plugins/com.st.stm32cube.ide.mcu.externaltools.gnu-tools-for-stm32.14.3.rel1.win32_1.0.100.202602081740/tools/bin/../lib/gcc/arm-none-eabi/14.3.1/../../../../arm-none-eabi/lib/thumb/v7e-m+fp/hard\libc_nano.a(libc_a-memmove.o)
 .ARM.attributes
                0x000008e2       0x34 C:/Users/juana/Documents/STM32CubeIDE_2.1.0/STM32CubeIDE/plugins/com.st.stm32cube.ide.mcu.externaltools.gnu-tools-for-stm32.14.3.rel1.win32_1.0.100.202602081740/tools/bin/../lib/gcc/arm-none-eabi/14.3.1/../../../../arm-none-eabi/lib/thumb/v7e-m+fp/hard\libc_nano.a(libc_a-sbrkr.o)
 .ARM.attributes
                0x00000916       0x1c C:/Users/juana/Documents/STM32CubeIDE_2.1.0/STM32CubeIDE/plugins/com.st.stm32cube.ide.mcu.externaltools.gnu-tools-for-stm32.14.3.rel1.win32_1.0.100.202602081740/tools/bin/../lib/gcc/arm-none-eabi/14.3.1/../../../../arm-none-eabi/lib/thumb/v7e-m+fp/hard\libc_nano.a(libc_a-memchr.o)
 .ARM.attributes
                0x00000932       0x34 C:/Users/juana/Documents/STM32CubeIDE_2.1.0/STM32CubeIDE/plugins/com.st.stm32cube.ide.mcu.externaltools.gnu-tools-for-stm32.14.3.rel1.win32_1.0.100.202602081740/tools/bin/../lib/gcc/arm-none-eabi/14.3.1/../../../../arm-none-eabi/lib/thumb/v7e-m+fp/hard\libc_nano.a(libc_a-memcpy-stub.o)
 .ARM.attributes
                0x00000966       0x34 C:/Users/juana/Documents/STM32CubeIDE_2.1.0/STM32CubeIDE/plugins/com.st.stm32cube.ide.mcu.externaltools.gnu-tools-for-stm32.14.3.rel1.win32_1.0.100.202602081740/tools/bin/../lib/gcc/arm-none-eabi/14.3.1/../../../../arm-none-eabi/lib/thumb/v7e-m+fp/hard\libc_nano.a(libc_a-reallocr.o)
 .ARM.attributes
                0x0000099a       0x34 C:/Users/juana/Documents/STM32CubeIDE_2.1.0/STM32CubeIDE/plugins/com.st.stm32cube.ide.mcu.externaltools.gnu-tools-for-stm32.14.3.rel1.win32_1.0.100.202602081740/tools/bin/../lib/gcc/arm-none-eabi/14.3.1/../../../../arm-none-eabi/lib/thumb/v7e-m+fp/hard\libc_nano.a(libc_a-strtol.o)
 .ARM.attributes
                0x000009ce       0x34 C:/Users/juana/Documents/STM32CubeIDE_2.1.0/STM32CubeIDE/plugins/com.st.stm32cube.ide.mcu.externaltools.gnu-tools-for-stm32.14.3.rel1.win32_1.0.100.202602081740/tools/bin/../lib/gcc/arm-none-eabi/14.3.1/../../../../arm-none-eabi/lib/thumb/v7e-m+fp/hard\libc_nano.a(libc_a-strtoul.o)
 .ARM.attributes
                0x00000a02       0x34 C:/Users/juana/Documents/STM32CubeIDE_2.1.0/STM32CubeIDE/plugins/com.st.stm32cube.ide.mcu.externaltools.gnu-tools-for-stm32.14.3.rel1.win32_1.0.100.202602081740/tools/bin/../lib/gcc/arm-none-eabi/14.3.1/../../../../arm-none-eabi/lib/thumb/v7e-m+fp/hard\libc_nano.a(libc_a-ctype_.o)
 .ARM.attributes
                0x00000a36       0x34 C:/Users/juana/Documents/STM32CubeIDE_2.1.0/STM32CubeIDE/plugins/com.st.stm32cube.ide.mcu.externaltools.gnu-tools-for-stm32.14.3.rel1.win32_1.0.100.202602081740/tools/bin/../lib/gcc/arm-none-eabi/14.3.1/../../../../arm-none-eabi/lib/thumb/v7e-m+fp/hard\libc_nano.a(libc_a-msizer.o)
 .ARM.attributes
                0x00000a6a       0x22 C:/Users/juana/Documents/STM32CubeIDE_2.1.0/STM32CubeIDE/plugins/com.st.stm32cube.ide.mcu.externaltools.gnu-tools-for-stm32.14.3.rel1.win32_1.0.100.202602081740/tools/bin/../lib/gcc/arm-none-eabi/14.3.1/thumb/v7e-m+fp/hard\libgcc.a(_aeabi_uldivmod.o)
 .ARM.attributes
                0x00000a8c       0x34 C:/Users/juana/Documents/STM32CubeIDE_2.1.0/STM32CubeIDE/plugins/com.st.stm32cube.ide.mcu.externaltools.gnu-tools-for-stm32.14.3.rel1.win32_1.0.100.202602081740/tools/bin/../lib/gcc/arm-none-eabi/14.3.1/thumb/v7e-m+fp/hard\libgcc.a(_udivmoddi4.o)
 .ARM.attributes
                0x00000ac0       0x22 C:/Users/juana/Documents/STM32CubeIDE_2.1.0/STM32CubeIDE/plugins/com.st.stm32cube.ide.mcu.externaltools.gnu-tools-for-stm32.14.3.rel1.win32_1.0.100.202602081740/tools/bin/../lib/gcc/arm-none-eabi/14.3.1/thumb/v7e-m+fp/hard\libgcc.a(_dvmd_tls.o)
 .ARM.attributes
                0x00000ae2       0x22 C:/Users/juana/Documents/STM32CubeIDE_2.1.0/STM32CubeIDE/plugins/com.st.stm32cube.ide.mcu.externaltools.gnu-tools-for-stm32.14.3.rel1.win32_1.0.100.202602081740/tools/bin/../lib/gcc/arm-none-eabi/14.3.1/thumb/v7e-m+fp/hard/crtn.o
OUTPUT(ProyectoVideoJuegoF401RE.elf elf32-littlearm)
LOAD linker stubs
LOAD C:/Users/juana/Documents/STM32CubeIDE_2.1.0/STM32CubeIDE/plugins/com.st.stm32cube.ide.mcu.externaltools.gnu-tools-for-stm32.14.3.rel1.win32_1.0.100.202602081740/tools/bin/../lib/gcc/arm-none-eabi/14.3.1/../../../../arm-none-eabi/lib/thumb/v7e-m+fp/hard\libc.a
LOAD C:/Users/juana/Documents/STM32CubeIDE_2.1.0/STM32CubeIDE/plugins/com.st.stm32cube.ide.mcu.externaltools.gnu-tools-for-stm32.14.3.rel1.win32_1.0.100.202602081740/tools/bin/../lib/gcc/arm-none-eabi/14.3.1/../../../../arm-none-eabi/lib/thumb/v7e-m+fp/hard\libm.a
LOAD C:/Users/juana/Documents/STM32CubeIDE_2.1.0/STM32CubeIDE/plugins/com.st.stm32cube.ide.mcu.externaltools.gnu-tools-for-stm32.14.3.rel1.win32_1.0.100.202602081740/tools/bin/../lib/gcc/arm-none-eabi/14.3.1/thumb/v7e-m+fp/hard\libgcc.a

.debug_info     0x00000000    0x1020d
 .debug_info    0x00000000      0xc6c ./Application/User/Core/fatfs_sd.o
 .debug_info    0x00000c6c     0x14d4 ./Application/User/Core/ili9341.o
 .debug_info    0x00002140     0x1a5a ./Application/User/Core/main.o
 .debug_info    0x00003b9a      0xe56 ./Application/User/Core/stm32f4xx_hal_msp.o
 .debug_info    0x000049f0      0x679 ./Application/User/Core/stm32f4xx_it.o
 .debug_info    0x00005069      0x168 ./Application/User/Core/sysmem.o
 .debug_info    0x000051d1      0x508 ./Application/User/FATFS/App/fatfs.o
 .debug_info    0x000056d9      0x3a5 ./Application/User/FATFS/Target/user_diskio.o
 .debug_info    0x00005a7e       0x30 ./Application/User/Startup/startup_stm32f401retx.o
 .debug_info    0x00005aae      0x53e ./Drivers/CMSIS/system_stm32f4xx.o
 .debug_info    0x00005fec      0x8bb ./Drivers/STM32F4xx_HAL_Driver/stm32f4xx_hal.o
 .debug_info    0x000068a7      0xcf6 ./Drivers/STM32F4xx_HAL_Driver/stm32f4xx_hal_cortex.o
 .debug_info    0x0000759d      0x8e6 ./Drivers/STM32F4xx_HAL_Driver/stm32f4xx_hal_dma.o
 .debug_info    0x00007e83      0x6f9 ./Drivers/STM32F4xx_HAL_Driver/stm32f4xx_hal_gpio.o
 .debug_info    0x0000857c      0x905 ./Drivers/STM32F4xx_HAL_Driver/stm32f4xx_hal_rcc.o
 .debug_info    0x00008e81     0x1530 ./Drivers/STM32F4xx_HAL_Driver/stm32f4xx_hal_spi.o
 .debug_info    0x0000a3b1     0x2f56 ./Drivers/STM32F4xx_HAL_Driver/stm32f4xx_hal_uart.o
 .debug_info    0x0000d307      0x1b9 ./Middlewares/FatFs/ccsbcs.o
 .debug_info    0x0000d4c0      0x3df ./Middlewares/FatFs/diskio.o
 .debug_info    0x0000d89f     0x25ef ./Middlewares/FatFs/ff.o
 .debug_info    0x0000fe8e      0x37f ./Middlewares/FatFs/ff_gen_drv.o

.debug_abbrev   0x00000000     0x292c
 .debug_abbrev  0x00000000      0x2fa ./Application/User/Core/fatfs_sd.o
 .debug_abbrev  0x000002fa      0x2b2 ./Application/User/Core/ili9341.o
 .debug_abbrev  0x000005ac      0x358 ./Application/User/Core/main.o
 .debug_abbrev  0x00000904      0x1cb ./Application/User/Core/stm32f4xx_hal_msp.o
 .debug_abbrev  0x00000acf      0x196 ./Application/User/Core/stm32f4xx_it.o
 .debug_abbrev  0x00000c65       0xbc ./Application/User/Core/sysmem.o
 .debug_abbrev  0x00000d21      0x15e ./Application/User/FATFS/App/fatfs.o
 .debug_abbrev  0x00000e7f      0x144 ./Application/User/FATFS/Target/user_diskio.o
 .debug_abbrev  0x00000fc3       0x24 ./Application/User/Startup/startup_stm32f401retx.o
 .debug_abbrev  0x00000fe7      0x11a ./Drivers/CMSIS/system_stm32f4xx.o
 .debug_abbrev  0x00001101      0x24b ./Drivers/STM32F4xx_HAL_Driver/stm32f4xx_hal.o
 .debug_abbrev  0x0000134c      0x31d ./Drivers/STM32F4xx_HAL_Driver/stm32f4xx_hal_cortex.o
 .debug_abbrev  0x00001669      0x221 ./Drivers/STM32F4xx_HAL_Driver/stm32f4xx_hal_dma.o
 .debug_abbrev  0x0000188a      0x1d3 ./Drivers/STM32F4xx_HAL_Driver/stm32f4xx_hal_gpio.o
 .debug_abbrev  0x00001a5d      0x2b6 ./Drivers/STM32F4xx_HAL_Driver/stm32f4xx_hal_rcc.o
 .debug_abbrev  0x00001d13      0x276 ./Drivers/STM32F4xx_HAL_Driver/stm32f4xx_hal_spi.o
 .debug_abbrev  0x00001f89      0x31b ./Drivers/STM32F4xx_HAL_Driver/stm32f4xx_hal_uart.o
 .debug_abbrev  0x000022a4       0xde ./Middlewares/FatFs/ccsbcs.o
 .debug_abbrev  0x00002382      0x181 ./Middlewares/FatFs/diskio.o
 .debug_abbrev  0x00002503      0x28a ./Middlewares/FatFs/ff.o
 .debug_abbrev  0x0000278d      0x19f ./Middlewares/FatFs/ff_gen_drv.o

.debug_aranges  0x00000000      0xd68
 .debug_aranges
                0x00000000       0xa8 ./Application/User/Core/fatfs_sd.o
 .debug_aranges
                0x000000a8       0x88 ./Application/User/Core/ili9341.o
 .debug_aranges
                0x00000130       0x68 ./Application/User/Core/main.o
 .debug_aranges
                0x00000198       0x40 ./Application/User/Core/stm32f4xx_hal_msp.o
 .debug_aranges
                0x000001d8       0x70 ./Application/User/Core/stm32f4xx_it.o
 .debug_aranges
                0x00000248       0x20 ./Application/User/Core/sysmem.o
 .debug_aranges
                0x00000268       0x28 ./Application/User/FATFS/App/fatfs.o
 .debug_aranges
                0x00000290       0x40 ./Application/User/FATFS/Target/user_diskio.o
 .debug_aranges
                0x000002d0       0x28 ./Application/User/Startup/startup_stm32f401retx.o
 .debug_aranges
                0x000002f8       0x28 ./Drivers/CMSIS/system_stm32f4xx.o
 .debug_aranges
                0x00000320       0xf0 ./Drivers/STM32F4xx_HAL_Driver/stm32f4xx_hal.o
 .debug_aranges
                0x00000410      0x130 ./Drivers/STM32F4xx_HAL_Driver/stm32f4xx_hal_cortex.o
 .debug_aranges
                0x00000540       0x90 ./Drivers/STM32F4xx_HAL_Driver/stm32f4xx_hal_dma.o
 .debug_aranges
                0x000005d0       0x58 ./Drivers/STM32F4xx_HAL_Driver/stm32f4xx_hal_gpio.o
 .debug_aranges
                0x00000628       0x88 ./Drivers/STM32F4xx_HAL_Driver/stm32f4xx_hal_rcc.o
 .debug_aranges
                0x000006b0      0x1d0 ./Drivers/STM32F4xx_HAL_Driver/stm32f4xx_hal_spi.o
 .debug_aranges
                0x00000880      0x208 ./Drivers/STM32F4xx_HAL_Driver/stm32f4xx_hal_uart.o
 .debug_aranges
                0x00000a88       0x28 ./Middlewares/FatFs/ccsbcs.o
 .debug_aranges
                0x00000ab0       0x48 ./Middlewares/FatFs/diskio.o
 .debug_aranges
                0x00000af8      0x230 ./Middlewares/FatFs/ff.o
 .debug_aranges
                0x00000d28       0x40 ./Middlewares/FatFs/ff_gen_drv.o

.debug_rnglists
                0x00000000      0xa47
 .debug_rnglists
                0x00000000       0x80 ./Application/User/Core/fatfs_sd.o
 .debug_rnglists
                0x00000080       0x68 ./Application/User/Core/ili9341.o
 .debug_rnglists
                0x000000e8       0x4c ./Application/User/Core/main.o
 .debug_rnglists
                0x00000134       0x2e ./Application/User/Core/stm32f4xx_hal_msp.o
 .debug_rnglists
                0x00000162       0x4f ./Application/User/Core/stm32f4xx_it.o
 .debug_rnglists
                0x000001b1       0x13 ./Application/User/Core/sysmem.o
 .debug_rnglists
                0x000001c4       0x19 ./Application/User/FATFS/App/fatfs.o
 .debug_rnglists
                0x000001dd       0x2b ./Application/User/FATFS/Target/user_diskio.o
 .debug_rnglists
                0x00000208       0x19 ./Application/User/Startup/startup_stm32f401retx.o
 .debug_rnglists
                0x00000221       0x1a ./Drivers/CMSIS/system_stm32f4xx.o
 .debug_rnglists
                0x0000023b       0xaf ./Drivers/STM32F4xx_HAL_Driver/stm32f4xx_hal.o
 .debug_rnglists
                0x000002ea       0xe0 ./Drivers/STM32F4xx_HAL_Driver/stm32f4xx_hal_cortex.o
 .debug_rnglists
                0x000003ca       0x70 ./Drivers/STM32F4xx_HAL_Driver/stm32f4xx_hal_dma.o
 .debug_rnglists
                0x0000043a       0x3f ./Drivers/STM32F4xx_HAL_Driver/stm32f4xx_hal_gpio.o
 .debug_rnglists
                0x00000479       0x66 ./Drivers/STM32F4xx_HAL_Driver/stm32f4xx_hal_rcc.o
 .debug_rnglists
                0x000004df      0x16f ./Drivers/STM32F4xx_HAL_Driver/stm32f4xx_hal_spi.o
 .debug_rnglists
                0x0000064e      0x1bc ./Drivers/STM32F4xx_HAL_Driver/stm32f4xx_hal_uart.o
 .debug_rnglists
                0x0000080a       0x1a ./Middlewares/FatFs/ccsbcs.o
 .debug_rnglists
                0x00000824       0x31 ./Middlewares/FatFs/diskio.o
 .debug_rnglists
                0x00000855      0x1c6 ./Middlewares/FatFs/ff.o
 .debug_rnglists
                0x00000a1b       0x2c ./Middlewares/FatFs/ff_gen_drv.o

.debug_macro    0x00000000    0x187e9
 .debug_macro   0x00000000      0x2f6 ./Application/User/Core/fatfs_sd.o
 .debug_macro   0x000002f6      0xad8 ./Application/User/Core/fatfs_sd.o
 .debug_macro   0x00000dce      0x29b ./Application/User/Core/fatfs_sd.o
 .debug_macro   0x00001069       0x2e ./Application/User/Core/fatfs_sd.o
 .debug_macro   0x00001097       0x28 ./Application/User/Core/fatfs_sd.o
 .debug_macro   0x000010bf       0x22 ./Application/User/Core/fatfs_sd.o
 .debug_macro   0x000010e1       0x8e ./Application/User/Core/fatfs_sd.o
 .debug_macro   0x0000116f       0x51 ./Application/User/Core/fatfs_sd.o
 .debug_macro   0x000011c0      0x103 ./Application/User/Core/fatfs_sd.o
 .debug_macro   0x000012c3       0x6a ./Application/User/Core/fatfs_sd.o
 .debug_macro   0x0000132d      0x1df ./Application/User/Core/fatfs_sd.o
 .debug_macro   0x0000150c       0x1c ./Application/User/Core/fatfs_sd.o
 .debug_macro   0x00001528       0x22 ./Application/User/Core/fatfs_sd.o
 .debug_macro   0x0000154a       0xfb ./Application/User/Core/fatfs_sd.o
 .debug_macro   0x00001645     0x1011 ./Application/User/Core/fatfs_sd.o
 .debug_macro   0x00002656      0x11f ./Application/User/Core/fatfs_sd.o
 .debug_macro   0x00002775     0xb881 ./Application/User/Core/fatfs_sd.o
 .debug_macro   0x0000dff6       0x6d ./Application/User/Core/fatfs_sd.o
 .debug_macro   0x0000e063     0x3693 ./Application/User/Core/fatfs_sd.o
 .debug_macro   0x000116f6      0x190 ./Application/User/Core/fatfs_sd.o
 .debug_macro   0x00011886       0x5c ./Application/User/Core/fatfs_sd.o
 .debug_macro   0x000118e2      0x416 ./Application/User/Core/fatfs_sd.o
 .debug_macro   0x00011cf8      0x9e9 ./Application/User/Core/fatfs_sd.o
 .debug_macro   0x000126e1      0x115 ./Application/User/Core/fatfs_sd.o
 .debug_macro   0x000127f6       0xf8 ./Application/User/Core/fatfs_sd.o
 .debug_macro   0x000128ee       0xa5 ./Application/User/Core/fatfs_sd.o
 .debug_macro   0x00012993      0x15f ./Application/User/Core/fatfs_sd.o
 .debug_macro   0x00012af2      0x287 ./Application/User/Core/fatfs_sd.o
 .debug_macro   0x00012d79       0x5f ./Application/User/Core/fatfs_sd.o
 .debug_macro   0x00012dd8      0x236 ./Application/User/Core/fatfs_sd.o
 .debug_macro   0x0001300e      0x132 ./Application/User/Core/fatfs_sd.o
 .debug_macro   0x00013140      0x264 ./Application/User/Core/fatfs_sd.o
 .debug_macro   0x000133a4       0x2e ./Application/User/Core/fatfs_sd.o
 .debug_macro   0x000133d2      0x127 ./Application/User/Core/fatfs_sd.o
 .debug_macro   0x000134f9       0x85 ./Application/User/Core/fatfs_sd.o
 .debug_macro   0x0001357e       0x89 ./Application/User/Core/fatfs_sd.o
 .debug_macro   0x00013607      0x225 ./Application/User/Core/fatfs_sd.o
 .debug_macro   0x0001382c      0x2aa ./Application/User/Core/fatfs_sd.o
 .debug_macro   0x00013ad6      0x126 ./Application/User/Core/fatfs_sd.o
 .debug_macro   0x00013bfc       0x16 ./Application/User/Core/fatfs_sd.o
 .debug_macro   0x00013c12       0x7c ./Application/User/Core/fatfs_sd.o
 .debug_macro   0x00013c8e       0x82 ./Application/User/Core/fatfs_sd.o
 .debug_macro   0x00013d10       0xe5 ./Application/User/Core/fatfs_sd.o
 .debug_macro   0x00013df5       0x2a ./Application/User/Core/fatfs_sd.o
 .debug_macro   0x00013e1f       0x61 ./Application/User/Core/fatfs_sd.o
 .debug_macro   0x00013e80       0x43 ./Application/User/Core/fatfs_sd.o
 .debug_macro   0x00013ec3       0x34 ./Application/User/Core/fatfs_sd.o
 .debug_macro   0x00013ef7       0x16 ./Application/User/Core/fatfs_sd.o
 .debug_macro   0x00013f0d       0x3c ./Application/User/Core/fatfs_sd.o
 .debug_macro   0x00013f49      0x364 ./Application/User/Core/fatfs_sd.o
 .debug_macro   0x000142ad       0x16 ./Application/User/Core/fatfs_sd.o
 .debug_macro   0x000142c3       0x4a ./Application/User/Core/fatfs_sd.o
 .debug_macro   0x0001430d       0x34 ./Application/User/Core/fatfs_sd.o
 .debug_macro   0x00014341       0x10 ./Application/User/Core/fatfs_sd.o
 .debug_macro   0x00014351       0x58 ./Application/User/Core/fatfs_sd.o
 .debug_macro   0x000143a9       0x8e ./Application/User/Core/fatfs_sd.o
 .debug_macro   0x00014437       0x1c ./Application/User/Core/fatfs_sd.o
 .debug_macro   0x00014453      0x17e ./Application/User/Core/fatfs_sd.o
 .debug_macro   0x000145d1       0x16 ./Application/User/Core/fatfs_sd.o
 .debug_macro   0x000145e7       0x29 ./Application/User/Core/fatfs_sd.o
 .debug_macro   0x00014610       0x12 ./Application/User/Core/fatfs_sd.o
 .debug_macro   0x00014622       0xe2 ./Application/User/Core/fatfs_sd.o