../Core/Src/main.c:128:6:HAL_UART_RxCpltCallback	16	static
../Core/Src/main.c:150:5:main	80	static
../Core/Src/main.c:480:6:SystemClock_Config	88	static
../Core/Src/main.c:528:13:MX_SPI1_Init	8	static
../Core/Src/main.c:566:13:MX_USART1_UART_Init	8	static
../Core/Src/main.c:599:13:MX_USART2_UART_Init	8	static
../Core/Src/main.c:632:13:MX_USART3_UART_Init	8	static
../Core/Src/main.c:665:13:MX_GPIO_Init	48	static
../Core/Src/main.c:855:9:ColCheck	24	static
../Core/Src/main.c:871:6:Error_Handler	4	static,ignoring_inline_asm
