../Core/Src/main.c:406:6:generarSin	16	static
../Core/Src/main.c:415:6:playToneDAC	16	static
../Core/Src/main.c:426:6:playGenshin	24	static
../Core/Src/main.c:446:6:playNotePWM	16	static
../Core/Src/main.c:464:6:playMario	16	static
../Core/Src/main.c:492:5:main	16	static
../Core/Src/main.c:577:6:SystemClock_Config	88	static
../Core/Src/main.c:625:13:MX_DAC_Init	16	static
../Core/Src/main.c:665:13:MX_TIM2_Init	64	static
../Core/Src/main.c:724:13:MX_TIM6_Init	16	static
../Core/Src/main.c:762:13:MX_USART2_UART_Init	8	static
../Core/Src/main.c:793:13:MX_DMA_Init	16	static
../Core/Src/main.c:811:13:MX_GPIO_Init	48	static
../Core/Src/main.c:836:6:HAL_UART_RxCpltCallback	16	static
../Core/Src/main.c:860:6:Error_Handler	4	static,ignoring_inline_asm
