../Core/Src/main.c:156:6:generarSin	16	static
../Core/Src/main.c:163:6:generateNoise	16	static
../Core/Src/main.c:172:6:playToneDAC	24	static
../Core/Src/main.c:229:6:playSon	32	static
../Core/Src/main.c:253:6:setAmplitude	24	static
../Core/Src/main.c:261:6:swordSlash	40	static
../Core/Src/main.c:282:6:unsheath	16	static
../Core/Src/main.c:299:6:StarPower	24	static
../Core/Src/main.c:334:6:impact	16	static
../Core/Src/main.c:345:6:Disparos	24	static
../Core/Src/main.c:367:6:loading_tick_progressive	24	static
../Core/Src/main.c:387:6:loading_tick_pro	24	static
../Core/Src/main.c:407:6:loading_tick_complete	8	static
../Core/Src/main.c:421:6:loading_brbr	16	static
../Core/Src/main.c:445:6:footstep	24	static
../Core/Src/main.c:472:6:blockHit	24	static
../Core/Src/main.c:504:6:Song_Start	32	static
../Core/Src/main.c:525:6:Song_Stop	8	static
../Core/Src/main.c:588:5:main	8	static
../Core/Src/main.c:768:6:SystemClock_Config	88	static
../Core/Src/main.c:816:13:MX_DAC_Init	16	static
../Core/Src/main.c:864:13:MX_TIM2_Init	64	static
../Core/Src/main.c:923:13:MX_TIM6_Init	16	static
../Core/Src/main.c:961:13:MX_TIM7_Init	16	static
../Core/Src/main.c:999:13:MX_USART1_UART_Init	8	static
../Core/Src/main.c:1032:13:MX_USART2_UART_Init	8	static
../Core/Src/main.c:1065:13:MX_USART3_UART_Init	8	static
../Core/Src/main.c:1096:13:MX_DMA_Init	16	static
../Core/Src/main.c:1117:13:MX_GPIO_Init	48	static
../Core/Src/main.c:1142:6:HAL_UART_RxCpltCallback	24	static
../Core/Src/main.c:1167:6:HAL_TIM_PeriodElapsedCallback	24	static
../Core/Src/main.c:1224:6:Error_Handler	4	static,ignoring_inline_asm
