../Core/Src/main.c:145:6:generarSin	16	static
../Core/Src/main.c:152:6:generateNoise	16	static
../Core/Src/main.c:161:6:playToneDAC	24	static
../Core/Src/main.c:190:6:playSon	32	static
../Core/Src/main.c:214:6:setAmplitude	24	static
../Core/Src/main.c:222:6:swordSlash	40	static
../Core/Src/main.c:243:6:unsheath	16	static
../Core/Src/main.c:260:6:StarPower	24	static
../Core/Src/main.c:295:6:impact	16	static
../Core/Src/main.c:306:6:Disparos	24	static
../Core/Src/main.c:328:6:loading_tick_progressive	24	static
../Core/Src/main.c:348:6:loading_tick_pro	24	static
../Core/Src/main.c:368:6:loading_tick_complete	8	static
../Core/Src/main.c:382:6:loading_brbr	16	static
../Core/Src/main.c:406:6:footstep	24	static
../Core/Src/main.c:481:5:main	64	static
../Core/Src/main.c:689:6:SystemClock_Config	88	static
../Core/Src/main.c:737:13:MX_DAC_Init	16	static
../Core/Src/main.c:777:13:MX_TIM2_Init	64	static
../Core/Src/main.c:836:13:MX_TIM6_Init	16	static
../Core/Src/main.c:874:13:MX_USART1_UART_Init	8	static
../Core/Src/main.c:907:13:MX_USART2_UART_Init	8	static
../Core/Src/main.c:940:13:MX_USART3_UART_Init	8	static
../Core/Src/main.c:971:13:MX_DMA_Init	16	static
../Core/Src/main.c:989:13:MX_GPIO_Init	48	static
../Core/Src/main.c:1014:6:HAL_UART_RxCpltCallback	16	static
../Core/Src/main.c:1047:6:Error_Handler	4	static,ignoring_inline_asm
