../Core/Src/main.c:108:6:generarSin	16	static
../Core/Src/main.c:115:6:generateNoise	16	static
../Core/Src/main.c:124:6:playToneDAC	24	static
../Core/Src/main.c:153:6:playSon	32	static
../Core/Src/main.c:177:6:setAmplitude	24	static
../Core/Src/main.c:185:6:swordSlash	40	static
../Core/Src/main.c:206:6:unsheath	16	static
../Core/Src/main.c:223:6:StarPower	24	static
../Core/Src/main.c:258:6:impact	16	static
../Core/Src/main.c:269:6:Disparos	24	static
../Core/Src/main.c:291:6:loading_tick_progressive	24	static
../Core/Src/main.c:311:6:loading_tick_pro	24	static
../Core/Src/main.c:331:6:loading_tick_complete	8	static
../Core/Src/main.c:345:6:loading_brbr	16	static
../Core/Src/main.c:416:5:main	16	static
../Core/Src/main.c:653:6:SystemClock_Config	88	static
../Core/Src/main.c:701:13:MX_DAC_Init	16	static
../Core/Src/main.c:741:13:MX_TIM2_Init	64	static
../Core/Src/main.c:800:13:MX_TIM6_Init	16	static
../Core/Src/main.c:838:13:MX_USART1_UART_Init	8	static
../Core/Src/main.c:871:13:MX_USART2_UART_Init	8	static
../Core/Src/main.c:902:13:MX_DMA_Init	16	static
../Core/Src/main.c:920:13:MX_GPIO_Init	48	static
../Core/Src/main.c:945:6:HAL_UART_RxCpltCallback	16	static
../Core/Src/main.c:1027:6:Error_Handler	4	static,ignoring_inline_asm
