11:59:43 **** Incremental Build of configuration Debug for project ProyectoVideoJuegoF401RE ****
make -j12 all 
arm-none-eabi-gcc "C:/Users/juana/OneDrive/Documentos/GitHub/Digital_2/ModuloSTM32/ProyectoVideoJuegoF401RE/Core/Src/main.c" -mcpu=cortex-m4 -std=gnu11 -g3 -DDEBUG -DUSE_HAL_DRIVER -DSTM32F401xE -c -I../../Core/Inc -I../../Drivers/STM32F4xx_HAL_Driver/Inc -I../../Drivers/STM32F4xx_HAL_Driver/Inc/Legacy -I../../Drivers/CMSIS/Device/ST/STM32F4xx/Include -I../../Drivers/CMSIS/Include -I../../FATFS/Target -I../../FATFS/App -I../../Middlewares/Third_Party/FatFs/src -O0 -ffunction-sections -fdata-sections -Wall -fstack-usage -fcyclomatic-complexity -MMD -MP -MF"Application/User/Core/main.d" -MT"Application/User/Core/main.o" --specs=nano.specs -mfpu=fpv4-sp-d16 -mfloat-abi=hard -mthumb -o "Application/User/Core/main.o"
arm-none-eabi-gcc -o "ProyectoVideoJuegoF401RE.elf" @"objects.list"   -mcpu=cortex-m4 -T"C:\Users\juana\OneDrive\Documentos\GitHub\Digital_2\ModuloSTM32\ProyectoVideoJuegoF401RE\STM32CubeIDE\STM32F401RETX_FLASH.ld" --specs=nosys.specs -Wl,-Map="ProyectoVideoJuegoF401RE.map" -Wl,--gc-sections -static --specs=nano.specs -mfpu=fpv4-sp-d16 -mfloat-abi=hard -mthumb -Wl,--start-group -lc -lm -Wl,--end-group
Finished building target: ProyectoVideoJuegoF401RE.elf
 
arm-none-eabi-size  ProyectoVideoJuegoF401RE.elf 
arm-none-eabi-objdump -h -S ProyectoVideoJuegoF401RE.elf  > "ProyectoVideoJuegoF401RE.list"
   text	   data	    bss	    dec	    hex	filename
  50500	    116	   3780	  54396	   d47c	ProyectoVideoJuegoF401RE.elf
Finished building: default.size.stdout
 
Finished building: ProyectoVideoJuegoF401RE.list
 

11:59:45 Build Finished. 0 errors, 0 warnings. (took 1s.474ms)

