10:42:52 **** Incremental Build of configuration Debug for project Proyecto2Pantalla ****
make -j12 all 
arm-none-eabi-gcc "../Core/Src/main.c" -mcpu=cortex-m4 -std=gnu11 -g3 -DDEBUG -DUSE_HAL_DRIVER -DSTM32F446xx -c -I../Core/Inc -I../Drivers/STM32F4xx_HAL_Driver/Inc -I../Drivers/STM32F4xx_HAL_Driver/Inc/Legacy -I../Drivers/CMSIS/Device/ST/STM32F4xx/Include -I../Drivers/CMSIS/Include -O0 -ffunction-sections -fdata-sections -Wall -fstack-usage -fcyclomatic-complexity -MMD -MP -MF"Core/Src/main.d" -MT"Core/Src/main.o" --specs=nano.specs -mfpu=fpv4-sp-d16 -mfloat-abi=hard -mthumb -o "Core/Src/main.o"
../Core/Src/main.c:73:17: warning: built-in function 'j1' declared as non-function [-Wbuiltin-declaration-mismatch]
   73 | struct P_objeto j1;
      |                 ^~
arm-none-eabi-gcc -o "Proyecto2Pantalla.elf" @"objects.list"   -mcpu=cortex-m4 -T"C:\Users\juana\OneDrive\Documentos\GitHub\Digital_2\ModuloSTM32\Proyecto2Pantalla\STM32F446RETX_FLASH.ld" --specs=nosys.specs -Wl,-Map="Proyecto2Pantalla.map" -Wl,--gc-sections -static --specs=nano.specs -mfpu=fpv4-sp-d16 -mfloat-abi=hard -mthumb -Wl,--start-group -lc -lm -Wl,--end-group
Finished building target: Proyecto2Pantalla.elf
 
arm-none-eabi-size  Proyecto2Pantalla.elf 
arm-none-eabi-objdump -h -S Proyecto2Pantalla.elf  > "Proyecto2Pantalla.list"
   text	   data	    bss	    dec	    hex	filename
 486580	     16	   2184	 488780	  7754c	Proyecto2Pantalla.elf
Finished building: default.size.stdout
 
Finished building: Proyecto2Pantalla.list
 

10:42:54 Build Finished. 0 errors, 1 warnings. (took 1s.879ms)

