../Application/User/Core/ili9341.c:34:6:LCD_Init	8	static
../Application/User/Core/ili9341.c:141:6:LCD_CMD	16	static
../Application/User/Core/ili9341.c:150:6:LCD_DATA	16	static
../Application/User/Core/ili9341.c:159:6:SetWindows	24	static
../Application/User/Core/ili9341.c:176:6:LCD_Clear	24	static
../Application/User/Core/ili9341.c:189:6:H_line	32	static
../Application/User/Core/ili9341.c:209:6:V_line	32	static
../Application/User/Core/ili9341.c:229:6:Rect	24	static
../Application/User/Core/ili9341.c:239:6:FillRect	40	static
../Application/User/Core/ili9341.c:264:6:LCD_Print	104	dynamic
../Application/User/Core/ili9341.c:329:6:LCD_Bitmap	40	static
../Application/User/Core/ili9341.c:343:6:LCD_BitmapTransparent	40	static
../Application/User/Core/ili9341.c:366:6:LCD_Sprite	64	static
