../Application/User/Core/ili9341.c:44:6:LCD_Init	8	static
../Application/User/Core/ili9341.c:151:6:LCD_CMD	16	static
../Application/User/Core/ili9341.c:160:6:LCD_DATA	16	static
../Application/User/Core/ili9341.c:169:6:SetWindows	24	static
../Application/User/Core/ili9341.c:186:6:LCD_Clear	24	static
../Application/User/Core/ili9341.c:199:6:H_line	32	static
../Application/User/Core/ili9341.c:219:6:V_line	32	static
../Application/User/Core/ili9341.c:239:6:Rect	24	static
../Application/User/Core/ili9341.c:249:6:FillRect	40	static
../Application/User/Core/ili9341.c:274:6:LCD_Print	104	dynamic
../Application/User/Core/ili9341.c:339:6:LCD_Bitmap	40	static
../Application/User/Core/ili9341.c:353:6:LCD_BitmapTransparent	40	static
../Application/User/Core/ili9341.c:376:6:LCD_Sprite	64	static
../Application/User/Core/ili9341.c:449:6:LCD_BitmapFromFile	154328	static
