C:/Users/juana/OneDrive/Documentos/GitHub/Digital_2/ModuloSTM32/ProyectoVideoJuegoF401RE/Core/Src/main.c:156:6:HAL_UART_RxCpltCallback	4
C:/Users/juana/OneDrive/Documentos/GitHub/Digital_2/ModuloSTM32/ProyectoVideoJuegoF401RE/Core/Src/main.c:178:5:main	119
C:/Users/juana/OneDrive/Documentos/GitHub/Digital_2/ModuloSTM32/ProyectoVideoJuegoF401RE/Core/Src/main.c:709:6:SystemClock_Config	3
C:/Users/juana/OneDrive/Documentos/GitHub/Digital_2/ModuloSTM32/ProyectoVideoJuegoF401RE/Core/Src/main.c:756:13:MX_SPI1_Init	2
C:/Users/juana/OneDrive/Documentos/GitHub/Digital_2/ModuloSTM32/ProyectoVideoJuegoF401RE/Core/Src/main.c:794:13:MX_USART1_UART_Init	2
C:/Users/juana/OneDrive/Documentos/GitHub/Digital_2/ModuloSTM32/ProyectoVideoJuegoF401RE/Core/Src/main.c:827:13:MX_USART2_UART_Init	2
C:/Users/juana/OneDrive/Documentos/GitHub/Digital_2/ModuloSTM32/ProyectoVideoJuegoF401RE/Core/Src/main.c:860:13:MX_USART6_UART_Init	2
C:/Users/juana/OneDrive/Documentos/GitHub/Digital_2/ModuloSTM32/ProyectoVideoJuegoF401RE/Core/Src/main.c:893:13:MX_GPIO_Init	1
C:/Users/juana/OneDrive/Documentos/GitHub/Digital_2/ModuloSTM32/ProyectoVideoJuegoF401RE/Core/Src/main.c:958:9:ColCheck	5
C:/Users/juana/OneDrive/Documentos/GitHub/Digital_2/ModuloSTM32/ProyectoVideoJuegoF401RE/Core/Src/main.c:976:6:Draw_Level_Background	6
C:/Users/juana/OneDrive/Documentos/GitHub/Digital_2/ModuloSTM32/ProyectoVideoJuegoF401RE/Core/Src/main.c:1111:6:Error_Handler	1
