C:/Users/juana/OneDrive/Documentos/GitHub/Digital_2/ModuloSTM32/ProyectoVideoJuegoF401RE/Core/Src/main.c:179:6:transmitSonic	56	static
C:/Users/juana/OneDrive/Documentos/GitHub/Digital_2/ModuloSTM32/ProyectoVideoJuegoF401RE/Core/Src/main.c:191:6:HAL_UART_RxCpltCallback	16	static
C:/Users/juana/OneDrive/Documentos/GitHub/Digital_2/ModuloSTM32/ProyectoVideoJuegoF401RE/Core/Src/main.c:226:5:main	272	static
C:/Users/juana/OneDrive/Documentos/GitHub/Digital_2/ModuloSTM32/ProyectoVideoJuegoF401RE/Core/Src/main.c:1298:6:SystemClock_Config	88	static
C:/Users/juana/OneDrive/Documentos/GitHub/Digital_2/ModuloSTM32/ProyectoVideoJuegoF401RE/Core/Src/main.c:1345:13:MX_SPI1_Init	8	static
C:/Users/juana/OneDrive/Documentos/GitHub/Digital_2/ModuloSTM32/ProyectoVideoJuegoF401RE/Core/Src/main.c:1383:13:MX_USART1_UART_Init	8	static
C:/Users/juana/OneDrive/Documentos/GitHub/Digital_2/ModuloSTM32/ProyectoVideoJuegoF401RE/Core/Src/main.c:1416:13:MX_USART2_UART_Init	8	static
C:/Users/juana/OneDrive/Documentos/GitHub/Digital_2/ModuloSTM32/ProyectoVideoJuegoF401RE/Core/Src/main.c:1449:13:MX_USART6_UART_Init	8	static
C:/Users/juana/OneDrive/Documentos/GitHub/Digital_2/ModuloSTM32/ProyectoVideoJuegoF401RE/Core/Src/main.c:1482:13:MX_GPIO_Init	48	static
C:/Users/juana/OneDrive/Documentos/GitHub/Digital_2/ModuloSTM32/ProyectoVideoJuegoF401RE/Core/Src/main.c:1547:9:ColCheck	24	static
C:/Users/juana/OneDrive/Documentos/GitHub/Digital_2/ModuloSTM32/ProyectoVideoJuegoF401RE/Core/Src/main.c:1557:9:ColCheckj2	32	static
C:/Users/juana/OneDrive/Documentos/GitHub/Digital_2/ModuloSTM32/ProyectoVideoJuegoF401RE/Core/Src/main.c:1595:6:Draw_Level_Background	8432	static
C:/Users/juana/OneDrive/Documentos/GitHub/Digital_2/ModuloSTM32/ProyectoVideoJuegoF401RE/Core/Src/main.c:1712:6:Error_Handler	4	static,ignoring_inline_asm
