C:/Users/juana/OneDrive/Documentos/GitHub/Digital_2/ModuloSTM32/ProyectoVideoJuegoF401RE/Core/Src/main.c:180:6:transmitSonic	56	static
C:/Users/juana/OneDrive/Documentos/GitHub/Digital_2/ModuloSTM32/ProyectoVideoJuegoF401RE/Core/Src/main.c:192:6:HAL_UART_RxCpltCallback	16	static
C:/Users/juana/OneDrive/Documentos/GitHub/Digital_2/ModuloSTM32/ProyectoVideoJuegoF401RE/Core/Src/main.c:227:5:main	272	static
C:/Users/juana/OneDrive/Documentos/GitHub/Digital_2/ModuloSTM32/ProyectoVideoJuegoF401RE/Core/Src/main.c:1313:6:SystemClock_Config	88	static
C:/Users/juana/OneDrive/Documentos/GitHub/Digital_2/ModuloSTM32/ProyectoVideoJuegoF401RE/Core/Src/main.c:1360:13:MX_SPI1_Init	8	static
C:/Users/juana/OneDrive/Documentos/GitHub/Digital_2/ModuloSTM32/ProyectoVideoJuegoF401RE/Core/Src/main.c:1398:13:MX_USART1_UART_Init	8	static
C:/Users/juana/OneDrive/Documentos/GitHub/Digital_2/ModuloSTM32/ProyectoVideoJuegoF401RE/Core/Src/main.c:1431:13:MX_USART2_UART_Init	8	static
C:/Users/juana/OneDrive/Documentos/GitHub/Digital_2/ModuloSTM32/ProyectoVideoJuegoF401RE/Core/Src/main.c:1464:13:MX_USART6_UART_Init	8	static
C:/Users/juana/OneDrive/Documentos/GitHub/Digital_2/ModuloSTM32/ProyectoVideoJuegoF401RE/Core/Src/main.c:1497:13:MX_GPIO_Init	48	static
C:/Users/juana/OneDrive/Documentos/GitHub/Digital_2/ModuloSTM32/ProyectoVideoJuegoF401RE/Core/Src/main.c:1562:9:ColCheck	24	static
C:/Users/juana/OneDrive/Documentos/GitHub/Digital_2/ModuloSTM32/ProyectoVideoJuegoF401RE/Core/Src/main.c:1572:9:ColCheckj2	32	static
C:/Users/juana/OneDrive/Documentos/GitHub/Digital_2/ModuloSTM32/ProyectoVideoJuegoF401RE/Core/Src/main.c:1610:6:Draw_Level_Background	8432	static
C:/Users/juana/OneDrive/Documentos/GitHub/Digital_2/ModuloSTM32/ProyectoVideoJuegoF401RE/Core/Src/main.c:1727:6:Error_Handler	4	static,ignoring_inline_asm
