../Core/Src/main.c:101:6:update_neopixels	8	static
../Core/Src/main.c:112:6:update_colors	16	static
../Core/Src/main.c:123:6:update_park	16	static
../Core/Src/main.c:135:5:main	24	static
../Core/Src/main.c:356:6:SystemClock_Config	88	static
../Core/Src/main.c:405:13:MX_I2C1_Init	8	static
../Core/Src/main.c:439:13:MX_IWDG_Init	8	static
../Core/Src/main.c:467:13:MX_SPI1_Init	8	static
../Core/Src/main.c:505:13:MX_TIM1_Init	96	static
../Core/Src/main.c:580:13:MX_USART2_UART_Init	8	static
../Core/Src/main.c:613:13:MX_GPIO_Init	48	static
../Core/Src/main.c:672:6:HAL_GPIO_EXTI_Callback	24	static
../Core/Src/main.c:744:6:HAL_I2C_ListenCpltCallback	16	static
../Core/Src/main.c:748:6:HAL_I2C_AddrCallback	16	static
../Core/Src/main.c:765:6:HAL_I2C_SlaveRxCpltCallback	16	static
../Core/Src/main.c:784:6:HAL_I2C_SlaveTxCpltCallback	16	static
../Core/Src/main.c:788:6:HAL_I2C_ErrorCallback	16	static
../Core/Src/main.c:813:6:Error_Handler	4	static,ignoring_inline_asm
